<html>
<body>
<pre>
<h1>µVision Build Log</h1>
<h2>Tool Versions:</h2>
IDE-Version: ¦ÌVision V5.24.2.0
Copyright (C) 2017 ARM Ltd and ARM Germany GmbH. All rights reserved.
License Information: 121 DUDUNIAO, 211, LIC=RC93N-YVE9U-CXPU6-D6ESQ-AINFZ-925WB
 
Tool Versions:
Toolchain:       MDK-ARM Plus  Version: 5.24.1
Toolchain Path:  E:\App library\Keil5\ARM\ARMCC\Bin
C Compiler:      Armcc.exe V5.06 update 5 (build 528)
Assembler:       Armasm.exe V5.06 update 5 (build 528)
Linker/Locator:  ArmLink.exe V5.06 update 5 (build 528)
Library Manager: ArmAr.exe V5.06 update 5 (build 528)
Hex Converter:   FromElf.exe V5.06 update 5 (build 528)
CPU DLL:         SARMCM3.DLL V5.24.1
Dialog DLL:      DCM.DLL V1.16.0.0
Target DLL:      CMSIS_AGDI.dll V1.28.3.0
Dialog DLL:      TCM.DLL V1.32.0.0
 
<h2>Project:</h2>
F:\Blue Cup\Provincial_Competition_Training\2026_17_M2\template\MDK-ARM\source.uvprojx
Project File Date:  04/09/2026

<h2>Output:</h2>
*** Using Compiler 'V5.06 update 5 (build 528)', folder: 'E:\App library\Keil5\ARM\ARMCC\Bin'
Rebuild target 'source'
assembling startup_stm32g431xx.s...
compiling stm32g4xx_ll_adc.c...
compiling bsp_adc.c...
compiling bsp_uart.c...
..\Src\bsp\uart\bsp_uart.c(93): warning:  #1-D: last line of file ends without a newline
  }
..\Src\bsp\uart\bsp_uart.c: 1 warning, 0 errors
compiling bsp_key_led.c...
compiling bsp_rcc.c...
compiling stm32g4xx_it.c...
compiling stm32g4xx_hal_msp.c...
compiling stm32g4xx_hal.c...
compiling main.c...
compiling bsp_lcd.c...
compiling stm32g4xx_hal_adc_ex.c...
compiling stm32g4xx_hal_adc.c...
compiling stm32g4xx_hal_pwr.c...
compiling stm32g4xx_hal_flash_ramfunc.c...
compiling stm32g4xx_hal_gpio.c...
compiling stm32g4xx_hal_exti.c...
compiling stm32g4xx_hal_flash.c...
compiling stm32g4xx_hal_dma_ex.c...
compiling stm32g4xx_hal_flash_ex.c...
compiling stm32g4xx_hal_pwr_ex.c...
compiling stm32g4xx_hal_rcc.c...
compiling stm32g4xx_hal_dma.c...
compiling stm32g4xx_hal_rcc_ex.c...
compiling stm32g4xx_hal_cortex.c...
compiling system_stm32g4xx.c...
compiling stm32g4xx_hal_uart_ex.c...
compiling stm32g4xx_hal_uart.c...
linking...
Program Size: Code=21898 RO-data=5306 RW-data=104 ZI-data=1928  
FromELF: creating hex file...
"source\source.axf" - 0 Error(s), 1 Warning(s).

<h2>Software Packages used:</h2>

Package Vendor: ARM
                http://www.keil.com/pack/ARM.CMSIS.5.0.1.pack
                ARM.CMSIS.5.0.1
                CMSIS (Cortex Microcontroller Software Interface Standard)
   * Component: CORE Version: 5.0.1

Package Vendor: Keil
                http://www.keil.com/pack/Keil.STM32G4xx_DFP.1.4.0.pack
                Keil.STM32G4xx_DFP.1.4.0
                STMicroelectronics STM32G4 Series Device Support, Drivers and Examples

<h2>Collection of Component include folders:</h2>
  .\RTE\_source
  E:\App library\Keil5\ARM\PACK\ARM\CMSIS\5.0.1\CMSIS\Include
  E:\App library\Keil5\ARM\PACK\Keil\STM32G4xx_DFP\1.4.0\Drivers\CMSIS\Device\ST\STM32G4xx\Include

<h2>Collection of Component Files used:</h2>

   * Component: ARM::CMSIS:CORE:5.0.1
Build Time Elapsed:  00:00:15
</pre>
</body>
</html>
