Component: ARM Compiler 5.06 update 5 (build 528) Tool: armlink [4d35e2]

==============================================================================

Section Cross References

    startup_stm32g431xx.o(STACK) refers (Special) to heapauxi.o(.text) for __use_two_region_memory
    startup_stm32g431xx.o(HEAP) refers (Special) to heapauxi.o(.text) for __use_two_region_memory
    startup_stm32g431xx.o(RESET) refers (Special) to heapauxi.o(.text) for __use_two_region_memory
    startup_stm32g431xx.o(RESET) refers to startup_stm32g431xx.o(STACK) for __initial_sp
    startup_stm32g431xx.o(RESET) refers to startup_stm32g431xx.o(.text) for Reset_Handler
    startup_stm32g431xx.o(RESET) refers to stm32g4xx_it.o(i.NMI_Handler) for NMI_Handler
    startup_stm32g431xx.o(RESET) refers to stm32g4xx_it.o(i.HardFault_Handler) for HardFault_Handler
    startup_stm32g431xx.o(RESET) refers to stm32g4xx_it.o(i.MemManage_Handler) for MemManage_Handler
    startup_stm32g431xx.o(RESET) refers to stm32g4xx_it.o(i.BusFault_Handler) for BusFault_Handler
    startup_stm32g431xx.o(RESET) refers to stm32g4xx_it.o(i.UsageFault_Handler) for UsageFault_Handler
    startup_stm32g431xx.o(RESET) refers to stm32g4xx_it.o(i.SVC_Handler) for SVC_Handler
    startup_stm32g431xx.o(RESET) refers to stm32g4xx_it.o(i.DebugMon_Handler) for DebugMon_Handler
    startup_stm32g431xx.o(RESET) refers to stm32g4xx_it.o(i.PendSV_Handler) for PendSV_Handler
    startup_stm32g431xx.o(RESET) refers to stm32g4xx_it.o(i.SysTick_Handler) for SysTick_Handler
    startup_stm32g431xx.o(RESET) refers to stm32g4xx_it.o(i.TIM3_IRQHandler) for TIM3_IRQHandler
    startup_stm32g431xx.o(.text) refers (Special) to heapauxi.o(.text) for __use_two_region_memory
    startup_stm32g431xx.o(.text) refers to system_stm32g4xx.o(i.SystemInit) for SystemInit
    startup_stm32g431xx.o(.text) refers to __main.o(!!!main) for __main
    startup_stm32g431xx.o(.text) refers to startup_stm32g431xx.o(HEAP) for Heap_Mem
    startup_stm32g431xx.o(.text) refers to startup_stm32g431xx.o(STACK) for Stack_Mem
    main.o(i.GET_SPEED_MAX) refers to f2d.o(x$fpl$f2d) for __aeabi_f2d
    main.o(i.GET_SPEED_MAX) refers to dleqf.o(x$fpl$dleqf) for __aeabi_cdcmple
    main.o(i.GET_SPEED_MAX) refers to basic.o(x$fpl$basic) for __aeabi_dneg
    main.o(i.GET_SPEED_MAX) refers to main.o(.data) for .data
    main.o(i.HAL_TIM_IC_CaptureCallback) refers to stm32g4xx_hal_tim.o(i.HAL_TIM_ReadCapturedValue) for HAL_TIM_ReadCapturedValue
    main.o(i.HAL_TIM_IC_CaptureCallback) refers to f2d.o(x$fpl$f2d) for __aeabi_f2d
    main.o(i.HAL_TIM_IC_CaptureCallback) refers to main.o(.data) for .data
    main.o(i.Key_Proc) refers to bsp_led_key.o(i.Key_Scan) for Key_Scan
    main.o(i.Key_Proc) refers to bsp_lcd.o(i.LCD_Clear) for LCD_Clear
    main.o(i.Key_Proc) refers to stm32g4xx_hal.o(.data) for uwTick
    main.o(i.Key_Proc) refers to main.o(.data) for .data
    main.o(i.Lcd_Proc) refers to _printf_percent.o(.ARM.Collect$$_printf_percent$$00000000) for _printf_percent
    main.o(i.Lcd_Proc) refers to _printf_d.o(.ARM.Collect$$_printf_percent$$00000009) for _printf_d
    main.o(i.Lcd_Proc) refers to _printf_dec.o(.text) for _printf_int_dec
    main.o(i.Lcd_Proc) refers to _printf_f.o(.ARM.Collect$$_printf_percent$$00000003) for _printf_f
    main.o(i.Lcd_Proc) refers to printf1.o(x$fpl$printf1) for _printf_fp_dec
    main.o(i.Lcd_Proc) refers to main.o(i.Set_LOCK_PA1_PWM) for Set_LOCK_PA1_PWM
    main.o(i.Lcd_Proc) refers to dflt_clz.o(x$fpl$dfltu) for __aeabi_ui2d
    main.o(i.Lcd_Proc) refers to dmul.o(x$fpl$dmul) for __aeabi_dmul
    main.o(i.Lcd_Proc) refers to ddiv.o(x$fpl$ddiv) for __aeabi_ddiv
    main.o(i.Lcd_Proc) refers to d2f.o(x$fpl$d2f) for __aeabi_d2f
    main.o(i.Lcd_Proc) refers to main.o(i.GET_SPEED_MAX) for GET_SPEED_MAX
    main.o(i.Lcd_Proc) refers to noretval__2sprintf.o(.text) for __2sprintf
    main.o(i.Lcd_Proc) refers to bsp_lcd.o(i.LCD_DisplayStringLine) for LCD_DisplayStringLine
    main.o(i.Lcd_Proc) refers to main.o(i.Set_PA1_PWM) for Set_PA1_PWM
    main.o(i.Lcd_Proc) refers to f2d.o(x$fpl$f2d) for __aeabi_f2d
    main.o(i.Lcd_Proc) refers to stm32g4xx_hal.o(.data) for uwTick
    main.o(i.Lcd_Proc) refers to main.o(.data) for .data
    main.o(i.Lcd_Proc) refers to main.o(.bss) for .bss
    main.o(i.Led_Proc) refers to bsp_led_key.o(i.Led_Disp) for Led_Disp
    main.o(i.Led_Proc) refers to stm32g4xx_hal.o(.data) for uwTick
    main.o(i.Led_Proc) refers to main.o(.data) for .data
    main.o(i.Set_LOCK_PA1_PWM) refers to dflt_clz.o(x$fpl$dfltu) for __aeabi_ui2d
    main.o(i.Set_LOCK_PA1_PWM) refers to dmul.o(x$fpl$dmul) for __aeabi_dmul
    main.o(i.Set_LOCK_PA1_PWM) refers to dfixu.o(x$fpl$dfixu) for __aeabi_d2uiz
    main.o(i.Set_LOCK_PA1_PWM) refers to main.o(.data) for .data
    main.o(i.Set_LOCK_PA1_PWM) refers to bsp[_tim.o(.bss) for htim2
    main.o(i.Set_PA1_PWM) refers to bsp_adc.o(i.Get_ADCR37) for Get_ADCR37
[...]
    i.HAL_TIM_IC_MspInit                     0x08002f96   Section        0  stm32g4xx_hal_tim.o(i.HAL_TIM_IC_MspInit)
    i.HAL_TIM_IC_Start_IT                    0x08002f98   Section        0  stm32g4xx_hal_tim.o(i.HAL_TIM_IC_Start_IT)
    i.HAL_TIM_IRQHandler                     0x080030c4   Section        0  stm32g4xx_hal_tim.o(i.HAL_TIM_IRQHandler)
    i.HAL_TIM_MspPostInit                    0x08003268   Section        0  bsp[_tim.o(i.HAL_TIM_MspPostInit)
    i.HAL_TIM_OC_DelayElapsedCallback        0x080032b4   Section        0  stm32g4xx_hal_tim.o(i.HAL_TIM_OC_DelayElapsedCallback)
    i.HAL_TIM_PWM_ConfigChannel              0x080032b6   Section        0  stm32g4xx_hal_tim.o(i.HAL_TIM_PWM_ConfigChannel)
    i.HAL_TIM_PWM_Init                       0x080033da   Section        0  stm32g4xx_hal_tim.o(i.HAL_TIM_PWM_Init)
    i.HAL_TIM_PWM_MspInit                    0x0800343c   Section        0  stm32g4xx_hal_tim.o(i.HAL_TIM_PWM_MspInit)
    i.HAL_TIM_PWM_PulseFinishedCallback      0x0800343e   Section        0  stm32g4xx_hal_tim.o(i.HAL_TIM_PWM_PulseFinishedCallback)
    i.HAL_TIM_PWM_Start                      0x08003440   Section        0  stm32g4xx_hal_tim.o(i.HAL_TIM_PWM_Start)
    i.HAL_TIM_PeriodElapsedCallback          0x0800353c   Section        0  stm32g4xx_hal_tim.o(i.HAL_TIM_PeriodElapsedCallback)
    i.HAL_TIM_ReadCapturedValue              0x0800353e   Section        0  stm32g4xx_hal_tim.o(i.HAL_TIM_ReadCapturedValue)
    i.HAL_TIM_SlaveConfigSynchro             0x08003568   Section        0  stm32g4xx_hal_tim.o(i.HAL_TIM_SlaveConfigSynchro)
    i.HAL_TIM_TriggerCallback                0x080035be   Section        0  stm32g4xx_hal_tim.o(i.HAL_TIM_TriggerCallback)
    i.HardFault_Handler                      0x080035c0   Section        0  stm32g4xx_it.o(i.HardFault_Handler)
    i.Key_Proc                               0x080035c4   Section        0  main.o(i.Key_Proc)
    Key_Proc                                 0x080035c5   Thumb Code   320  main.o(i.Key_Proc)
    i.Key_Scan                               0x0800370c   Section        0  bsp_led_key.o(i.Key_Scan)
    i.LCD_BusIn                              0x08003754   Section        0  bsp_lcd.o(i.LCD_BusIn)
    i.LCD_BusOut                             0x08003780   Section        0  bsp_lcd.o(i.LCD_BusOut)
    i.LCD_Clear                              0x080037b0   Section        0  bsp_lcd.o(i.LCD_Clear)
    i.LCD_CtrlLinesConfig                    0x080037d4   Section        0  bsp_lcd.o(i.LCD_CtrlLinesConfig)
    i.LCD_DisplayChar                        0x08003864   Section        0  bsp_lcd.o(i.LCD_DisplayChar)
    i.LCD_DisplayStringLine                  0x0800387c   Section        0  bsp_lcd.o(i.LCD_DisplayStringLine)
    i.LCD_DrawChar                           0x080038a8   Section        0  bsp_lcd.o(i.LCD_DrawChar)
    i.LCD_Init                               0x08003900   Section        0  bsp_lcd.o(i.LCD_Init)
    i.LCD_ReadReg                            0x08003934   Section        0  bsp_lcd.o(i.LCD_ReadReg)
    i.LCD_SetBackColor                       0x080039b4   Section        0  bsp_lcd.o(i.LCD_SetBackColor)
    i.LCD_SetCursor                          0x080039c4   Section        0  bsp_lcd.o(i.LCD_SetCursor)
    i.LCD_SetTextColor                       0x080039dc   Section        0  bsp_lcd.o(i.LCD_SetTextColor)
    i.LCD_WriteRAM                           0x080039ec   Section        0  bsp_lcd.o(i.LCD_WriteRAM)
    i.LCD_WriteRAM_Prepare                   0x08003a44   Section        0  bsp_lcd.o(i.LCD_WriteRAM_Prepare)
    i.LCD_WriteReg                           0x08003aa0   Section        0  bsp_lcd.o(i.LCD_WriteReg)
    i.LL_ADC_GetOffsetChannel                0x08003b0c   Section        0  stm32g4xx_hal_adc.o(i.LL_ADC_GetOffsetChannel)
    LL_ADC_GetOffsetChannel                  0x08003b0d   Thumb Code    12  stm32g4xx_hal_adc.o(i.LL_ADC_GetOffsetChannel)
    i.LL_ADC_INJ_IsConversionOngoing         0x08003b18   Section        0  stm32g4xx_hal_adc.o(i.LL_ADC_INJ_IsConversionOngoing)
    LL_ADC_INJ_IsConversionOngoing           0x08003b19   Thumb Code     8  stm32g4xx_hal_adc.o(i.LL_ADC_INJ_IsConversionOngoing)
    i.LL_ADC_REG_IsConversionOngoing         0x08003b20   Section        0  stm32g4xx_hal_adc.o(i.LL_ADC_REG_IsConversionOngoing)
    LL_ADC_REG_IsConversionOngoing           0x08003b21   Thumb Code     8  stm32g4xx_hal_adc.o(i.LL_ADC_REG_IsConversionOngoing)
    i.LL_ADC_SetChannelSamplingTime          0x08003b28   Section        0  stm32g4xx_hal_adc.o(i.LL_ADC_SetChannelSamplingTime)
    LL_ADC_SetChannelSamplingTime            0x08003b29   Thumb Code    30  stm32g4xx_hal_adc.o(i.LL_ADC_SetChannelSamplingTime)
    i.LL_ADC_SetOffsetState                  0x08003b46   Section        0  stm32g4xx_hal_adc.o(i.LL_ADC_SetOffsetState)
    LL_ADC_SetOffsetState                    0x08003b47   Thumb Code    16  stm32g4xx_hal_adc.o(i.LL_ADC_SetOffsetState)
    i.Lcd_Proc                               0x08003b58   Section        0  main.o(i.Lcd_Proc)
    Lcd_Proc                                 0x08003b59   Thumb Code   380  main.o(i.Lcd_Proc)
    i.Led_Disp                               0x08003d90   Section        0  bsp_led_key.o(i.Led_Disp)
    i.Led_Key_GPIO_Init                      0x08003de4   Section        0  bsp_led_key.o(i.Led_Key_GPIO_Init)
    i.Led_Proc                               0x08003eb8   Section        0  main.o(i.Led_Proc)
    Led_Proc                                 0x08003eb9   Thumb Code    98  main.o(i.Led_Proc)
    i.MemManage_Handler                      0x08003f24   Section        0  stm32g4xx_it.o(i.MemManage_Handler)
    i.NMI_Handler                            0x08003f26   Section        0  stm32g4xx_it.o(i.NMI_Handler)
    i.PA1_TIM2_Init                          0x08003f28   Section        0  bsp[_tim.o(i.PA1_TIM2_Init)
    i.PA7_TIM3_Init                          0x08003fc0   Section        0  bsp[_tim.o(i.PA7_TIM3_Init)
    i.PendSV_Handler                         0x08004090   Section        0  stm32g4xx_it.o(i.PendSV_Handler)
    i.R37_ADC2_Init                          0x08004094   Section        0  bsp_adc.o(i.R37_ADC2_Init)
    i.REG_8230_Init                          0x08004110   Section        0  bsp_lcd.o(i.REG_8230_Init)
    i.REG_932X_Init                          0x08004222   Section        0  bsp_lcd.o(i.REG_932X_Init)
    i.SVC_Handler                            0x08004424   Section        0  stm32g4xx_it.o(i.SVC_Handler)
    i.Set_LOCK_PA1_PWM                       0x08004428   Section        0  main.o(i.Set_LOCK_PA1_PWM)
    i.Set_PA1_PWM                            0x080044b8   Section        0  main.o(i.Set_PA1_PWM)
    i.SysTick_Handler                        0x080045ec   Section        0  stm32g4xx_it.o(i.SysTick_Handler)
    i.SystemClock_Config                     0x080045f0   Section        0  bsp_rcc.o(i.SystemClock_Config)
    i.SystemInit                             0x08004658   Section        0  system_stm32g4xx.o(i.SystemInit)
    i.TIM3_IRQHandler                        0x08004668   Section        0  stm32g4xx_it.o(i.TIM3_IRQHandler)
    i.TIM_Base_SetConfig                     0x08004674   Section        0  stm32g4xx_hal_tim.o(i.TIM_Base_SetConfig)
    i.TIM_CCxChannelCmd                      0x0800472c   Section        0  stm32g4xx_hal_tim.o(i.TIM_CCxChannelCmd)
    i.TIM_ETR_SetConfig                      0x08004746   Section        0  stm32g4xx_hal_tim.o(i.TIM_ETR_SetConfig)
    i.TIM_ITRx_SetConfig                     0x0800475c   Section        0  stm32g4xx_hal_tim.o(i.TIM_ITRx_SetConfig)
    TIM_ITRx_SetConfig                       0x0800475d   Thumb Code    16  stm32g4xx_hal_tim.o(i.TIM_ITRx_SetConfig)
    i.TIM_OC1_SetConfig                      0x08004770   Section        0  stm32g4xx_hal_tim.o(i.TIM_OC1_SetConfig)
    TIM_OC1_SetConfig                        0x08004771   Thumb Code   140  stm32g4xx_hal_tim.o(i.TIM_OC1_SetConfig)
    i.TIM_OC2_SetConfig                      0x08004814   Section        0  stm32g4xx_hal_tim.o(i.TIM_OC2_SetConfig)
    i.TIM_OC3_SetConfig                      0x080048a8   Section        0  stm32g4xx_hal_tim.o(i.TIM_OC3_SetConfig)
    TIM_OC3_SetConfig                        0x080048a9   Thumb Code   122  stm32g4xx_hal_tim.o(i.TIM_OC3_SetConfig)
    i.TIM_OC4_SetConfig                      0x0800493c   Section        0  stm32g4xx_hal_tim.o(i.TIM_OC4_SetConfig)
    TIM_OC4_SetConfig                        0x0800493d   Thumb Code   124  stm32g4xx_hal_tim.o(i.TIM_OC4_SetConfig)
    i.TIM_OC5_SetConfig                      0x080049d0   Section        0  stm32g4xx_hal_tim.o(i.TIM_OC5_SetConfig)
    TIM_OC5_SetConfig                        0x080049d1   Thumb Code    86  stm32g4xx_hal_tim.o(i.TIM_OC5_SetConfig)
    i.TIM_OC6_SetConfig                      0x08004a40   Section        0  stm32g4xx_hal_tim.o(i.TIM_OC6_SetConfig)
    TIM_OC6_SetConfig                        0x08004a41   Thumb Code    88  stm32g4xx_hal_tim.o(i.TIM_OC6_SetConfig)
    i.TIM_SlaveTimer_SetConfig               0x08004ab0   Section        0  stm32g4xx_hal_tim.o(i.TIM_SlaveTimer_SetConfig)
    TIM_SlaveTimer_SetConfig                 0x08004ab1   Thumb Code   194  stm32g4xx_hal_tim.o(i.TIM_SlaveTimer_SetConfig)
    i.TIM_TI1_ConfigInputStage               0x08004b80   Section        0  stm32g4xx_hal_tim.o(i.TIM_TI1_ConfigInputStage)
    TIM_TI1_ConfigInputStage                 0x08004b81   Thumb Code    72  stm32g4xx_hal_tim.o(i.TIM_TI1_ConfigInputStage)
    i.TIM_TI1_SetConfig                      0x08004bdc   Section        0  stm32g4xx_hal_tim.o(i.TIM_TI1_SetConfig)
    i.TIM_TI2_ConfigInputStage               0x08004c74   Section        0  stm32g4xx_hal_tim.o(i.TIM_TI2_ConfigInputStage)
    TIM_TI2_ConfigInputStage                 0x08004c75   Thumb Code    56  stm32g4xx_hal_tim.o(i.TIM_TI2_ConfigInputStage)
    i.TIM_TI2_SetConfig                      0x08004cb4   Section        0  stm32g4xx_hal_tim.o(i.TIM_TI2_SetConfig)
    TIM_TI2_SetConfig                        0x08004cb5   Thumb Code    74  stm32g4xx_hal_tim.o(i.TIM_TI2_SetConfig)
    i.UsageFault_Handler                     0x08004d08   Section        0  stm32g4xx_it.o(i.UsageFault_Handler)
    i.__ARM_fpclassify                       0x08004d0a   Section        0  fpclassify.o(i.__ARM_fpclassify)
    i.__NVIC_SetPriority                     0x08004d3a   Section        0  stm32g4xx_hal_cortex.o(i.__NVIC_SetPriority)
    __NVIC_SetPriority                       0x08004d3b   Thumb Code    32  stm32g4xx_hal_cortex.o(i.__NVIC_SetPriority)
    i._is_digit                              0x08004d5a   Section        0  __printf_wp.o(i._is_digit)
    i.main                                   0x08004d68   Section        0  main.o(i.main)
    locale$$code                             0x08004dec   Section       44  lc_numeric_c.o(locale$$code)
    x$fpl$basic                              0x08004e18   Section       24  basic.o(x$fpl$basic)
    $v0                                      0x08004e18   Number         0  basic.o(x$fpl$basic)
    x$fpl$d2f                                0x08004e30   Section       98  d2f.o(x$fpl$d2f)
    $v0                                      0x08004e30   Number         0  d2f.o(x$fpl$d2f)
    x$fpl$dadd                               0x08004e94   Section      336  daddsub_clz.o(x$fpl$dadd)
    $v0                                      0x08004e94   Number         0  daddsub_clz.o(x$fpl$dadd)
    _dadd1                                   0x08004ea5   Thumb Code     0  daddsub_clz.o(x$fpl$dadd)
    x$fpl$dcmpinf                            0x08004fe4   Section       24  dcmpi.o(x$fpl$dcmpinf)
    $v0                                      0x08004fe4   Number         0  dcmpi.o(x$fpl$dcmpinf)
    x$fpl$ddiv                               0x08004ffc   Section      688  ddiv.o(x$fpl$ddiv)
    $v0                                      0x08004ffc   Number         0  ddiv.o(x$fpl$ddiv)
    ddiv_entry                               0x08005003   Thumb Code     0  ddiv.o(x$fpl$ddiv)
    x$fpl$dfixu                              0x080052ac   Section       90  dfixu.o(x$fpl$dfixu)
    $v0                                      0x080052ac   Number         0  dfixu.o(x$fpl$dfixu)
    x$fpl$dfltu                              0x08005306   Section       38  dflt_clz.o(x$fpl$dfltu)
    $v0                                      0x08005306   Number         0  dflt_clz.o(x$fpl$dfltu)
    x$fpl$dleqf                              0x0800532c   Section      120  dleqf.o(x$fpl$dleqf)
    $v0                                      0x0800532c   Number         0  dleqf.o(x$fpl$dleqf)
    x$fpl$dmul                               0x080053a4   Section      340  dmul.o(x$fpl$dmul)
    $v0                                      0x080053a4   Number         0  dmul.o(x$fpl$dmul)
    x$fpl$dnaninf                            0x080054f8   Section      156  dnaninf.o(x$fpl$dnaninf)
    $v0                                      0x080054f8   Number         0  dnaninf.o(x$fpl$dnaninf)
    x$fpl$dretinf                            0x08005594   Section       12  dretinf.o(x$fpl$dretinf)
    $v0                                      0x08005594   Number         0  dretinf.o(x$fpl$dretinf)
    x$fpl$drleqf                             0x080055a0   Section      108  drleqf.o(x$fpl$drleqf)
    $v0                                      0x080055a0   Number         0  drleqf.o(x$fpl$drleqf)
    x$fpl$dsub                               0x0800560c   Section      468  daddsub_clz.o(x$fpl$dsub)
    $v0                                      0x0800560c   Number         0  daddsub_clz.o(x$fpl$dsub)
    _dsub1                                   0x0800561d   Thumb Code     0  daddsub_clz.o(x$fpl$dsub)
    x$fpl$f2d                                0x080057e0   Section       86  f2d.o(x$fpl$f2d)
    $v0                                      0x080057e0   Number         0  f2d.o(x$fpl$f2d)
    x$fpl$fnaninf                            0x08005836   Section      140  fnaninf.o(x$fpl$fnaninf)
    $v0                                      0x08005836   Number         0  fnaninf.o(x$fpl$fnaninf)
    x$fpl$fpinit                             0x080058c2   Section       10  fpinit.o(x$fpl$fpinit)
    $v0                                      0x080058c2   Number         0  fpinit.o(x$fpl$fpinit)
    x$fpl$fretinf                            0x080058cc   Section       10  fretinf.o(x$fpl$fretinf)
    $v0                                      0x080058cc   Number         0  fretinf.o(x$fpl$fretinf)
    x$fpl$printf1                            0x080058d6   Section        4  printf1.o(x$fpl$printf1)
    $v0                                      0x080058d6   Number         0  printf1.o(x$fpl$printf1)
    .constdata                               0x080058da   Section     4560  bsp_lcd.o(.constdata)
    x$fpl$usenofp                            0x080058da   Section        0  usenofp.o(x$fpl$usenofp)
    .constdata                               0x08006aaa   Section       16  system_stm32g4xx.o(.constdata)
    .constdata                               0x08006abc   Section      148  bigflt0.o(.constdata)
    tenpwrs_x                                0x08006abc   Data          60  bigflt0.o(.constdata)
    tenpwrs_i                                0x08006af8   Data          64  bigflt0.o(.constdata)
    locale$$data                             0x08006b70   Section       28  lc_numeric_c.o(locale$$data)
    __lcnum_c_name                           0x08006b74   Data           2  lc_numeric_c.o(locale$$data)
    __lcnum_c_start                          0x08006b7c   Data           0  lc_numeric_c.o(locale$$data)
    __lcnum_c_point                          0x08006b88   Data           0  lc_numeric_c.o(locale$$data)
    __lcnum_c_thousands                      0x08006b8a   Data           0  lc_numeric_c.o(locale$$data)
    __lcnum_c_grouping                       0x08006b8b   Data           0  lc_numeric_c.o(locale$$data)
    __lcnum_c_end                            0x08006b8c   Data           0  lc_numeric_c.o(locale$$data)
    .data                                    0x20000000   Section       80  main.o(.data)
    b4_long_cnt                              0x2000001c   Data           2  main.o(.data)
    .data                                    0x20000050   Section        6  bsp_lcd.o(.data)
    TextColor                                0x20000050   Data           2  bsp_lcd.o(.data)
    BackColor                                0x20000052   Data           2  bsp_lcd.o(.data)
    .data                                    0x20000058   Section       12  stm32g4xx_hal.o(.data)
    .data                                    0x20000064   Section        4  system_stm32g4xx.o(.data)
    .bss                                     0x20000068   Section       20  main.o(.bss)
    .bss                                     0x2000007c   Section      152  bsp[_tim.o(.bss)
    .bss                                     0x20000114   Section      108  bsp_adc.o(.bss)
    .bss                                     0x20000180   Section       96  libspace.o(.bss)
    HEAP                                     0x200001e0   Section      512  startup_stm32g431xx.o(HEAP)
    Heap_Mem                                 0x200001e0   Data         512  startup_stm32g431xx.o(HEAP)
    STACK                                    0x200003e0   Section     1024  startup_stm32g431xx.o(STACK)
    Stack_Mem                                0x200003e0   Data        1024  startup_stm32g431xx.o(STACK)
    __initial_sp                             0x200007e0   Data           0  startup_stm32g431xx.o(STACK)

    Global Symbols

    Symbol Name                              Value     Ov Type        Size  Object(Section)

    BuildAttributes$$THM_ISAv4$E$P$D$K$B$S$7EM$VFPi3$EXTD16$VFPS$VFMA$PE$A:L22UL41UL21$X:L11$S22US41US21$IEEE1$IW$USESV6$~STKCKD$USESV7$~SHL$OTIME$ROPI$IEEEJ$EBA8$UX$STANDARDLIB$REQ8$PRES8$EABIv2 0x00000000   Number         0  anon$$obj.o ABSOLUTE
    __ARM_use_no_argv                        0x00000000   Number         0  main.o ABSOLUTE
    _printf_flags                            0x00000000   Number         0  printf_stubs.o ABSOLUTE
    _printf_return_value                     0x00000000   Number         0  printf_stubs.o ABSOLUTE
    _printf_sizespec                         0x00000000   Number         0  printf_stubs.o ABSOLUTE
    _printf_widthprec                        0x00000000   Number         0  printf_stubs.o ABSOLUTE
    __ARM_exceptions_init                     - Undefined Weak Reference
    __alloca_initialize                       - Undefined Weak Reference
    __arm_preinit_                            - Undefined Weak Reference
    __cpp_initialize__aeabi_                  - Undefined Weak Reference
    __cxa_finalize                            - Undefined Weak Reference
    __sigvec_lookup                           - Undefined Weak Reference
    _atexit_init                              - Undefined Weak Reference
    _call_atexit_fns                          - Undefined Weak Reference
    _clock_init                               - Undefined Weak Reference
    _fp_trap_init                             - Undefined Weak Reference
    _fp_trap_shutdown                         - Undefined Weak Reference
    _get_lc_collate                           - Undefined Weak Reference
    _get_lc_ctype                             - Undefined Weak Reference
    _get_lc_monetary                          - Undefined Weak Reference
    _get_lc_time                              - Undefined Weak Reference
    _getenv_init                              - Undefined Weak Reference
    _handle_redirection                       - Undefined Weak Reference
    _init_alloc                               - Undefined Weak Reference
    _init_user_alloc                          - Undefined Weak Reference
    _initio                                   - Undefined Weak Reference
    _printf_post_padding                      - Undefined Weak Reference
    _printf_pre_padding                       - Undefined Weak Reference
    _printf_truncate_signed                   - Undefined Weak Reference
    _printf_truncate_unsigned                 - Undefined Weak Reference
    _rand_init                                - Undefined Weak Reference
    _signal_finish                            - Undefined Weak Reference
    _signal_init                              - Undefined Weak Reference
    _terminate_alloc                          - Undefined Weak Reference
    _terminate_user_alloc                     - Undefined Weak Reference
    _terminateio                              - Undefined Weak Reference
    __Vectors_Size                           0x000001d8   Number         0  startup_stm32g431xx.o ABSOLUTE
    __Vectors                                0x08000000   Data           4  startup_stm32g431xx.o(RESET)
    __Vectors_End                            0x080001d8   Data           0  startup_stm32g431xx.o(RESET)
    __main                                   0x080001d9   Thumb Code     8  __main.o(!!!main)
    __scatterload                            0x080001e1   Thumb Code     0  __scatter.o(!!!scatter)
    __scatterload_rt2                        0x080001e1   Thumb Code    44  __scatter.o(!!!scatter)
    __scatterload_rt2_thumb_only             0x080001e1   Thumb Code     0  __scatter.o(!!!scatter)
    __scatterload_null                       0x080001ef   Thumb Code     0  __scatter.o(!!!scatter)
    __scatterload_copy                       0x08000215   Thumb Code    26  __scatter_copy.o(!!handler_copy)
    __scatterload_zeroinit                   0x08000231   Thumb Code    28  __scatter_zi.o(!!handler_zi)
    _printf_f                                0x0800024d   Thumb Code     0  _printf_f.o(.ARM.Collect$$_printf_percent$$00000003)
    _printf_percent                          0x0800024d   Thumb Code     0  _printf_percent.o(.ARM.Collect$$_printf_percent$$00000000)
    _printf_d                                0x08000253   Thumb Code     0  _printf_d.o(.ARM.Collect$$_printf_percent$$00000009)
    _printf_percent_end                      0x08000259   Thumb Code     0  _printf_percent_end.o(.ARM.Collect$$_printf_percent$$00000017)
    __rt_lib_init                            0x0800025d   Thumb Code     0  libinit.o(.ARM.Collect$$libinit$$00000000)
    __rt_lib_init_fp_1                       0x0800025f   Thumb Code     0  libinit2.o(.ARM.Collect$$libinit$$00000001)
    __rt_lib_init_heap_1                     0x08000263   Thumb Code     0  libinit2.o(.ARM.Collect$$libinit$$0000000A)
    __rt_lib_init_lc_common                  0x08000263   Thumb Code     0  libinit2.o(.ARM.Collect$$libinit$$0000000F)
    __rt_lib_init_preinit_1                  0x08000263   Thumb Code     0  libinit2.o(.ARM.Collect$$libinit$$00000004)
    __rt_lib_init_rand_1                     0x08000263   Thumb Code     0  libinit2.o(.ARM.Collect$$libinit$$0000000E)
    __rt_lib_init_user_alloc_1               0x08000263   Thumb Code     0  libinit2.o(.ARM.Collect$$libinit$$0000000C)
    __rt_lib_init_lc_collate_1               0x08000269   Thumb Code     0  libinit2.o(.ARM.Collect$$libinit$$00000011)
    __rt_lib_init_lc_ctype_1                 0x08000269   Thumb Code     0  libinit2.o(.ARM.Collect$$libinit$$00000013)
    __rt_lib_init_lc_monetary_1              0x08000269   Thumb Code     0  libinit2.o(.ARM.Collect$$libinit$$00000015)
    __rt_lib_init_lc_numeric_2               0x08000269   Thumb Code     0  libinit2.o(.ARM.Collect$$libinit$$00000016)
    __rt_lib_init_alloca_1                   0x08000273   Thumb Code     0  libinit2.o(.ARM.Collect$$libinit$$0000002E)
    __rt_lib_init_argv_1                     0x08000273   Thumb Code     0  libinit2.o(.ARM.Collect$$libinit$$0000002C)
    __rt_lib_init_atexit_1                   0x08000273   Thumb Code     0  libinit2.o(.ARM.Collect$$libinit$$0000001B)
    __rt_lib_init_clock_1                    0x08000273   Thumb Code     0  libinit2.o(.ARM.Collect$$libinit$$00000021)
    __rt_lib_init_cpp_1                      0x08000273   Thumb Code     0  libinit2.o(.ARM.Collect$$libinit$$00000032)
    __rt_lib_init_exceptions_1               0x08000273   Thumb Code     0  libinit2.o(.ARM.Collect$$libinit$$00000030)
    __rt_lib_init_fp_trap_1                  0x08000273   Thumb Code     0  libinit2.o(.ARM.Collect$$libinit$$0000001F)
    __rt_lib_init_getenv_1                   0x08000273   Thumb Code     0  libinit2.o(.ARM.Collect$$libinit$$00000023)
    __rt_lib_init_lc_numeric_1               0x08000273   Thumb Code     0  libinit2.o(.ARM.Collect$$libinit$$00000017)
    __rt_lib_init_lc_time_1                  0x08000273   Thumb Code     0  libinit2.o(.ARM.Collect$$libinit$$00000019)
    __rt_lib_init_return                     0x08000273   Thumb Code     0  libinit2.o(.ARM.Collect$$libinit$$00000033)
    __rt_lib_init_signal_1                   0x08000273   Thumb Code     0  libinit2.o(.ARM.Collect$$libinit$$0000001D)
    __rt_lib_init_stdio_1                    0x08000273   Thumb Code     0  libinit2.o(.ARM.Collect$$libinit$$00000025)
    __rt_lib_shutdown                        0x08000275   Thumb Code     0  libshutdown.o(.ARM.Collect$$libshutdown$$00000000)
    __rt_lib_shutdown_cpp_1                  0x08000277   Thumb Code     0  libshutdown2.o(.ARM.Collect$$libshutdown$$00000002)
    __rt_lib_shutdown_fp_trap_1              0x08000277   Thumb Code     0  libshutdown2.o(.ARM.Collect$$libshutdown$$00000007)
    __rt_lib_shutdown_heap_1                 0x08000277   Thumb Code     0  libshutdown2.o(.ARM.Collect$$libshutdown$$0000000F)
    __rt_lib_shutdown_return                 0x08000277   Thumb Code     0  libshutdown2.o(.ARM.Collect$$libshutdown$$00000010)
    __rt_lib_shutdown_signal_1               0x08000277   Thumb Code     0  libshutdown2.o(.ARM.Collect$$libshutdown$$0000000A)
    __rt_lib_shutdown_stdio_1                0x08000277   Thumb Code     0  libshutdown2.o(.ARM.Collect$$libshutdown$$00000004)
    __rt_lib_shutdown_user_alloc_1           0x08000277   Thumb Code     0  libshutdown2.o(.ARM.Collect$$libshutdown$$0000000C)
    __rt_entry                               0x08000279   Thumb Code     0  __rtentry.o(.ARM.Collect$$rtentry$$00000000)
    __rt_entry_presh_1                       0x08000279   Thumb Code     0  __rtentry2.o(.ARM.Collect$$rtentry$$00000002)
    __rt_entry_sh                            0x08000279   Thumb Code     0  __rtentry4.o(.ARM.Collect$$rtentry$$00000004)
    __rt_entry_li                            0x0800027f   Thumb Code     0  __rtentry2.o(.ARM.Collect$$rtentry$$0000000A)
    __rt_entry_postsh_1                      0x0800027f   Thumb Code     0  __rtentry2.o(.ARM.Collect$$rtentry$$00000009)
    __rt_entry_main                          0x08000283   Thumb Code     0  __rtentry2.o(.ARM.Collect$$rtentry$$0000000D)
    __rt_entry_postli_1                      0x08000283   Thumb Code     0  __rtentry2.o(.ARM.Collect$$rtentry$$0000000C)
    __rt_exit                                0x0800028b   Thumb Code     0  rtexit.o(.ARM.Collect$$rtexit$$00000000)
    __rt_exit_ls                             0x0800028d   Thumb Code     0  rtexit2.o(.ARM.Collect$$rtexit$$00000003)
    __rt_exit_prels_1                        0x0800028d   Thumb Code     0  rtexit2.o(.ARM.Collect$$rtexit$$00000002)
    __rt_exit_exit                           0x08000291   Thumb Code     0  rtexit2.o(.ARM.Collect$$rtexit$$00000004)
    Reset_Handler                            0x08000299   Thumb Code     8  startup_stm32g431xx.o(.text)
    ADC1_2_IRQHandler                        0x080002b3   Thumb Code     0  startup_stm32g431xx.o(.text)
    COMP1_2_3_IRQHandler                     0x080002b3   Thumb Code     0  startup_stm32g431xx.o(.text)
    COMP4_IRQHandler                         0x080002b3   Thumb Code     0  startup_stm32g431xx.o(.text)
    CORDIC_IRQHandler                        0x080002b3   Thumb Code     0  startup_stm32g431xx.o(.text)
    CRS_IRQHandler                           0x080002b3   Thumb Code     0  startup_stm32g431xx.o(.text)
    DMA1_Channel1_IRQHandler                 0x080002b3   Thumb Code     0  startup_stm32g431xx.o(.text)
    DMA1_Channel2_IRQHandler                 0x080002b3   Thumb Code     0  startup_stm32g431xx.o(.text)
    DMA1_Channel3_IRQHandler                 0x080002b3   Thumb Code     0  startup_stm32g431xx.o(.text)
    DMA1_Channel4_IRQHandler                 0x080002b3   Thumb Code     0  startup_stm32g431xx.o(.text)
    DMA1_Channel5_IRQHandler                 0x080002b3   Thumb Code     0  startup_stm32g431xx.o(.text)
    DMA1_Channel6_IRQHandler                 0x080002b3   Thumb Code     0  startup_stm32g431xx.o(.text)
    DMA2_Channel1_IRQHandler                 0x080002b3   Thumb Code     0  startup_stm32g431xx.o(.text)
    DMA2_Channel2_IRQHandler                 0x080002b3   Thumb Code     0  startup_stm32g431xx.o(.text)
    DMA2_Channel3_IRQHandler                 0x080002b3   Thumb Code     0  startup_stm32g431xx.o(.text)
    DMA2_Channel4_IRQHandler                 0x080002b3   Thumb Code     0  startup_stm32g431xx.o(.text)
    DMA2_Channel5_IRQHandler                 0x080002b3   Thumb Code     0  startup_stm32g431xx.o(.text)
    DMA2_Channel6_IRQHandler                 0x080002b3   Thumb Code     0  startup_stm32g431xx.o(.text)
    DMAMUX_OVR_IRQHandler                    0x080002b3   Thumb Code     0  startup_stm32g431xx.o(.text)
    EXTI0_IRQHandler                         0x080002b3   Thumb Code     0  startup_stm32g431xx.o(.text)
    EXTI15_10_IRQHandler                     0x080002b3   Thumb Code     0  startup_stm32g431xx.o(.text)
    EXTI1_IRQHandler                         0x080002b3   Thumb Code     0  startup_stm32g431xx.o(.text)
    EXTI2_IRQHandler                         0x080002b3   Thumb Code     0  startup_stm32g431xx.o(.text)
    EXTI3_IRQHandler                         0x080002b3   Thumb Code     0  startup_stm32g431xx.o(.text)
    EXTI4_IRQHandler                         0x080002b3   Thumb Code     0  startup_stm32g431xx.o(.text)
    EXTI9_5_IRQHandler                       0x080002b3   Thumb Code     0  startup_stm32g431xx.o(.text)
    FDCAN1_IT0_IRQHandler                    0x080002b3   Thumb Code     0  startup_stm32g431xx.o(.text)
    FDCAN1_IT1_IRQHandler                    0x080002b3   Thumb Code     0  startup_stm32g431xx.o(.text)
    FLASH_IRQHandler                         0x080002b3   Thumb Code     0  startup_stm32g431xx.o(.text)
    FMAC_IRQHandler                          0x080002b3   Thumb Code     0  startup_stm32g431xx.o(.text)
    FPU_IRQHandler                           0x080002b3   Thumb Code     0  startup_stm32g431xx.o(.text)
    I2C1_ER_IRQHandler                       0x080002b3   Thumb Code     0  startup_stm32g431xx.o(.text)
    I2C1_EV_IRQHandler                       0x080002b3   Thumb Code     0  startup_stm32g431xx.o(.text)
    I2C2_ER_IRQHandler                       0x080002b3   Thumb Code     0  startup_stm32g431xx.o(.text)
    I2C2_EV_IRQHandler                       0x080002b3   Thumb Code     0  startup_stm32g431xx.o(.text)
    I2C3_ER_IRQHandler                       0x080002b3   Thumb Code     0  startup_stm32g431xx.o(.text)
    I2C3_EV_IRQHandler                       0x080002b3   Thumb Code     0  startup_stm32g431xx.o(.text)
    LPTIM1_IRQHandler                        0x080002b3   Thumb Code     0  startup_stm32g431xx.o(.text)
    LPUART1_IRQHandler                       0x080002b3   Thumb Code     0  startup_stm32g431xx.o(.text)
    PVD_PVM_IRQHandler                       0x080002b3   Thumb Code     0  startup_stm32g431xx.o(.text)
    RCC_IRQHandler                           0x080002b3   Thumb Code     0  startup_stm32g431xx.o(.text)
    RNG_IRQHandler                           0x080002b3   Thumb Code     0  startup_stm32g431xx.o(.text)
    RTC_Alarm_IRQHandler                     0x080002b3   Thumb Code     0  startup_stm32g431xx.o(.text)
    RTC_TAMP_LSECSS_IRQHandler               0x080002b3   Thumb Code     0  startup_stm32g431xx.o(.text)
    RTC_WKUP_IRQHandler                      0x080002b3   Thumb Code     0  startup_stm32g431xx.o(.text)
    SAI1_IRQHandler                          0x080002b3   Thumb Code     0  startup_stm32g431xx.o(.text)
    SPI1_IRQHandler                          0x080002b3   Thumb Code     0  startup_stm32g431xx.o(.text)
    SPI2_IRQHandler                          0x080002b3   Thumb Code     0  startup_stm32g431xx.o(.text)
    SPI3_IRQHandler                          0x080002b3   Thumb Code     0  startup_stm32g431xx.o(.text)
    TIM1_BRK_TIM15_IRQHandler                0x080002b3   Thumb Code     0  startup_stm32g431xx.o(.text)
    TIM1_CC_IRQHandler                       0x080002b3   Thumb Code     0  startup_stm32g431xx.o(.text)
    TIM1_TRG_COM_TIM17_IRQHandler            0x080002b3   Thumb Code     0  startup_stm32g431xx.o(.text)
    TIM1_UP_TIM16_IRQHandler                 0x080002b3   Thumb Code     0  startup_stm32g431xx.o(.text)
    TIM2_IRQHandler                          0x080002b3   Thumb Code     0  startup_stm32g431xx.o(.text)
    TIM4_IRQHandler                          0x080002b3   Thumb Code     0  startup_stm32g431xx.o(.text)
    TIM6_DAC_IRQHandler                      0x080002b3   Thumb Code     0  startup_stm32g431xx.o(.text)
    TIM7_IRQHandler                          0x080002b3   Thumb Code     0  startup_stm32g431xx.o(.text)
    TIM8_BRK_IRQHandler                      0x080002b3   Thumb Code     0  startup_stm32g431xx.o(.text)
    TIM8_CC_IRQHandler                       0x080002b3   Thumb Code     0  startup_stm32g431xx.o(.text)
    TIM8_TRG_COM_IRQHandler                  0x080002b3   Thumb Code     0  startup_stm32g431xx.o(.text)
    TIM8_UP_IRQHandler                       0x080002b3   Thumb Code     0  startup_stm32g431xx.o(.text)
    UART4_IRQHandler                         0x080002b3   Thumb Code     0  startup_stm32g431xx.o(.text)
    UCPD1_IRQHandler                         0x080002b3   Thumb Code     0  startup_stm32g431xx.o(.text)
    USART1_IRQHandler                        0x080002b3   Thumb Code     0  startup_stm32g431xx.o(.text)
    USART2_IRQHandler                        0x080002b3   Thumb Code     0  startup_stm32g431xx.o(.text)
    USART3_IRQHandler                        0x080002b3   Thumb Code     0  startup_stm32g431xx.o(.text)
    USBWakeUp_IRQHandler                     0x080002b3   Thumb Code     0  startup_stm32g431xx.o(.text)
    USB_HP_IRQHandler                        0x080002b3   Thumb Code     0  startup_stm32g431xx.o(.text)
    USB_LP_IRQHandler                        0x080002b3   Thumb Code     0  startup_stm32g431xx.o(.text)
    WWDG_IRQHandler                          0x080002b3   Thumb Code     0  startup_stm32g431xx.o(.text)
    __user_initial_stackheap                 0x080002b5   Thumb Code     0  startup_stm32g431xx.o(.text)
    __2sprintf                               0x080002d9   Thumb Code    34  noretval__2sprintf.o(.text)
    _printf_int_dec                          0x08000301   Thumb Code   104  _printf_dec.o(.text)
    __printf                                 0x08000379   Thumb Code   270  __printf_wp.o(.text)
    __aeabi_memclr4                          0x08000487   Thumb Code     0  rt_memclr_w.o(.text)
    __aeabi_memclr8                          0x08000487   Thumb Code     0  rt_memclr_w.o(.text)
    __rt_memclr_w                            0x08000487   Thumb Code    78  rt_memclr_w.o(.text)
    _memset_w                                0x0800048b   Thumb Code     0  rt_memclr_w.o(.text)
    __use_two_region_memory                  0x080004d5   Thumb Code     2  heapauxi.o(.text)
    __rt_heap_escrow$2region                 0x080004d7   Thumb Code     2  heapauxi.o(.text)
    __rt_heap_expand$2region                 0x080004d9   Thumb Code     2  heapauxi.o(.text)
    _printf_int_common                       0x080004db   Thumb Code   178  _printf_intcommon.o(.text)
    __lib_sel_fp_printf                      0x0800058d   Thumb Code     2  _printf_fp_dec.o(.text)
    _printf_fp_dec_real                      0x0800073f   Thumb Code   620  _printf_fp_dec.o(.text)
    _printf_char_common                      0x080009b7   Thumb Code    32  _printf_char_common.o(.text)
    _sputc                                   0x080009dd   Thumb Code    10  _sputc.o(.text)
    __rt_locale                              0x080009e9   Thumb Code     8  rt_locale_intlibspace.o(.text)
    _ll_udiv10                               0x080009f1   Thumb Code   138  lludiv10.o(.text)
    _printf_fp_infnan                        0x08000a7d   Thumb Code   112  _printf_fp_infnan.o(.text)
    _btod_etento                             0x08000afd   Thumb Code   224  bigflt0.o(.text)
    __user_libspace                          0x08000be1   Thumb Code     8  libspace.o(.text)
    __user_perproc_libspace                  0x08000be1   Thumb Code     0  libspace.o(.text)
    __user_perthread_libspace                0x08000be1   Thumb Code     0  libspace.o(.text)
    __user_setup_stackheap                   0x08000be9   Thumb Code    74  sys_stackheap_outer.o(.text)
    exit                                     0x08000c33   Thumb Code    18  exit.o(.text)
    strcmp                                   0x08000c45   Thumb Code   128  strcmpv7m.o(.text)
    _sys_exit                                0x08000cc5   Thumb Code     8  sys_exit.o(.text)
    __I$use$semihosting                      0x08000cd1   Thumb Code     0  use_no_semi.o(.text)
    __use_no_semihosting_swi                 0x08000cd1   Thumb Code     2  use_no_semi.o(.text)
    __semihosting_library_function           0x08000cd3   Thumb Code     0  indicate_semi.o(.text)
    _btod_d2e                                0x08000cd3   Thumb Code    62  btod.o(CL$$btod_d2e)
    _d2e_denorm_low                          0x08000d11   Thumb Code    70  btod.o(CL$$btod_d2e_denorm_low)
    _d2e_norm_op1                            0x08000d57   Thumb Code    96  btod.o(CL$$btod_d2e_norm_op1)
    __btod_div_common                        0x08000db7   Thumb Code   696  btod.o(CL$$btod_div_common)
    _e2e                                     0x080010ef   Thumb Code   220  btod.o(CL$$btod_e2e)
    _btod_ediv                               0x080011cb   Thumb Code    42  btod.o(CL$$btod_ediv)
    _btod_emul                               0x080011f5   Thumb Code    42  btod.o(CL$$btod_emul)
    __btod_mult_common                       0x0800121f   Thumb Code   580  btod.o(CL$$btod_mult_common)
    ADC_Enable                               0x08001465   Thumb Code   154  stm32g4xx_hal_adc.o(i.ADC_Enable)
    BusFault_Handler                         0x08001511   Thumb Code     2  stm32g4xx_it.o(i.BusFault_Handler)
    DebugMon_Handler                         0x08001513   Thumb Code     2  stm32g4xx_it.o(i.DebugMon_Handler)
    Delay_LCD                                0x08001515   Thumb Code    28  bsp_lcd.o(i.Delay_LCD)
    Error_Handler                            0x08001531   Thumb Code     4  main.o(i.Error_Handler)
    GET_SPEED_MAX                            0x08001535   Thumb Code   158  main.o(i.GET_SPEED_MAX)
    Get_ADCR37                               0x080015e9   Thumb Code    18  bsp_adc.o(i.Get_ADCR37)
    HAL_ADC_ConfigChannel                    0x08001601   Thumb Code  1006  stm32g4xx_hal_adc.o(i.HAL_ADC_ConfigChannel)
    HAL_ADC_GetValue                         0x08001a25   Thumb Code     6  stm32g4xx_hal_adc.o(i.HAL_ADC_GetValue)
    HAL_ADC_Init                             0x08001a2d   Thumb Code   466  stm32g4xx_hal_adc.o(i.HAL_ADC_Init)
    HAL_ADC_MspInit                          0x08001c21   Thumb Code   106  bsp_adc.o(i.HAL_ADC_MspInit)
    HAL_ADC_Start                            0x08001c99   Thumb Code   230  stm32g4xx_hal_adc.o(i.HAL_ADC_Start)
    HAL_Delay                                0x08001d8d   Thumb Code    32  stm32g4xx_hal.o(i.HAL_Delay)
    HAL_GPIO_Init                            0x08001db1   Thumb Code   532  stm32g4xx_hal_gpio.o(i.HAL_GPIO_Init)
    HAL_GPIO_ReadPin                         0x08001fe5   Thumb Code    10  stm32g4xx_hal_gpio.o(i.HAL_GPIO_ReadPin)
    HAL_GPIO_WritePin                        0x08001fef   Thumb Code    10  stm32g4xx_hal_gpio.o(i.HAL_GPIO_WritePin)
    HAL_GetTick                              0x08001ff9   Thumb Code     6  stm32g4xx_hal.o(i.HAL_GetTick)
    HAL_IncTick                              0x08002005   Thumb Code    12  stm32g4xx_hal.o(i.HAL_IncTick)
    HAL_Init                                 0x08002015   Thumb Code    30  stm32g4xx_hal.o(i.HAL_Init)
    HAL_InitTick                             0x08002035   Thumb Code    58  stm32g4xx_hal.o(i.HAL_InitTick)
    HAL_MspInit                              0x08002079   Thumb Code    42  stm32g4xx_hal_msp.o(i.HAL_MspInit)
    HAL_NVIC_EnableIRQ                       0x080020a9   Thumb Code    26  stm32g4xx_hal_cortex.o(i.HAL_NVIC_EnableIRQ)
    HAL_NVIC_SetPriority                     0x080020c5   Thumb Code    60  stm32g4xx_hal_cortex.o(i.HAL_NVIC_SetPriority)
    HAL_NVIC_SetPriorityGrouping             0x08002105   Thumb Code    26  stm32g4xx_hal_cortex.o(i.HAL_NVIC_SetPriorityGrouping)
    HAL_PWREx_ControlVoltageScaling          0x08002129   Thumb Code   174  stm32g4xx_hal_pwr_ex.o(i.HAL_PWREx_ControlVoltageScaling)
    HAL_PWREx_DisableUCPDDeadBattery         0x080021e5   Thumb Code    12  stm32g4xx_hal_pwr_ex.o(i.HAL_PWREx_DisableUCPDDeadBattery)
    HAL_RCCEx_PeriphCLKConfig                0x080021f5   Thumb Code   638  stm32g4xx_hal_rcc_ex.o(i.HAL_RCCEx_PeriphCLKConfig)
    HAL_RCC_ClockConfig                      0x0800247d   Thumb Code   444  stm32g4xx_hal_rcc.o(i.HAL_RCC_ClockConfig)
    HAL_RCC_GetSysClockFreq                  0x08002659   Thumb Code    98  stm32g4xx_hal_rcc.o(i.HAL_RCC_GetSysClockFreq)
    HAL_RCC_OscConfig                        0x080026c9   Thumb Code  1028  stm32g4xx_hal_rcc.o(i.HAL_RCC_OscConfig)
    HAL_SYSTICK_Config                       0x08002acd   Thumb Code    40  stm32g4xx_hal_cortex.o(i.HAL_SYSTICK_Config)
    HAL_TIMEx_Break2Callback                 0x08002af5   Thumb Code     2  stm32g4xx_hal_tim_ex.o(i.HAL_TIMEx_Break2Callback)
    HAL_TIMEx_BreakCallback                  0x08002af7   Thumb Code     2  stm32g4xx_hal_tim_ex.o(i.HAL_TIMEx_BreakCallback)
    HAL_TIMEx_CommutCallback                 0x08002af9   Thumb Code     2  stm32g4xx_hal_tim_ex.o(i.HAL_TIMEx_CommutCallback)
    HAL_TIMEx_DirectionChangeCallback        0x08002afb   Thumb Code     2  stm32g4xx_hal_tim_ex.o(i.HAL_TIMEx_DirectionChangeCallback)
    HAL_TIMEx_EncoderIndexCallback           0x08002afd   Thumb Code     2  stm32g4xx_hal_tim_ex.o(i.HAL_TIMEx_EncoderIndexCallback)
    HAL_TIMEx_IndexErrorCallback             0x08002aff   Thumb Code     2  stm32g4xx_hal_tim_ex.o(i.HAL_TIMEx_IndexErrorCallback)
    HAL_TIMEx_MasterConfigSynchronization    0x08002b01   Thumb Code   132  stm32g4xx_hal_tim_ex.o(i.HAL_TIMEx_MasterConfigSynchronization)
    HAL_TIMEx_TransitionErrorCallback        0x08002b9d   Thumb Code     2  stm32g4xx_hal_tim_ex.o(i.HAL_TIMEx_TransitionErrorCallback)
    HAL_TIM_Base_Init                        0x08002b9f   Thumb Code    98  stm32g4xx_hal_tim.o(i.HAL_TIM_Base_Init)
    HAL_TIM_Base_MspInit                     0x08002c01   Thumb Code   126  bsp[_tim.o(i.HAL_TIM_Base_MspInit)
    HAL_TIM_ConfigClockSource                0x08002c89   Thumb Code   246  stm32g4xx_hal_tim.o(i.HAL_TIM_ConfigClockSource)
    HAL_TIM_IC_CaptureCallback               0x08002d89   Thumb Code    80  main.o(i.HAL_TIM_IC_CaptureCallback)
    HAL_TIM_IC_ConfigChannel                 0x08002de1   Thumb Code   332  stm32g4xx_hal_tim.o(i.HAL_TIM_IC_ConfigChannel)
    HAL_TIM_IC_Init                          0x08002f35   Thumb Code    98  stm32g4xx_hal_tim.o(i.HAL_TIM_IC_Init)
    HAL_TIM_IC_MspInit                       0x08002f97   Thumb Code     2  stm32g4xx_hal_tim.o(i.HAL_TIM_IC_MspInit)
    HAL_TIM_IC_Start_IT                      0x08002f99   Thumb Code   274  stm32g4xx_hal_tim.o(i.HAL_TIM_IC_Start_IT)
    HAL_TIM_IRQHandler                       0x080030c5   Thumb Code   418  stm32g4xx_hal_tim.o(i.HAL_TIM_IRQHandler)
    HAL_TIM_MspPostInit                      0x08003269   Thumb Code    70  bsp[_tim.o(i.HAL_TIM_MspPostInit)
    HAL_TIM_OC_DelayElapsedCallback          0x080032b5   Thumb Code     2  stm32g4xx_hal_tim.o(i.HAL_TIM_OC_DelayElapsedCallback)
    HAL_TIM_PWM_ConfigChannel                0x080032b7   Thumb Code   292  stm32g4xx_hal_tim.o(i.HAL_TIM_PWM_ConfigChannel)
    HAL_TIM_PWM_Init                         0x080033db   Thumb Code    98  stm32g4xx_hal_tim.o(i.HAL_TIM_PWM_Init)
    HAL_TIM_PWM_MspInit                      0x0800343d   Thumb Code     2  stm32g4xx_hal_tim.o(i.HAL_TIM_PWM_MspInit)
    HAL_TIM_PWM_PulseFinishedCallback        0x0800343f   Thumb Code     2  stm32g4xx_hal_tim.o(i.HAL_TIM_PWM_PulseFinishedCallback)
    HAL_TIM_PWM_Start                        0x08003441   Thumb Code   218  stm32g4xx_hal_tim.o(i.HAL_TIM_PWM_Start)
    HAL_TIM_PeriodElapsedCallback            0x0800353d   Thumb Code     2  stm32g4xx_hal_tim.o(i.HAL_TIM_PeriodElapsedCallback)
    HAL_TIM_ReadCapturedValue                0x0800353f   Thumb Code    42  stm32g4xx_hal_tim.o(i.HAL_TIM_ReadCapturedValue)
    HAL_TIM_SlaveConfigSynchro               0x08003569   Thumb Code    86  stm32g4xx_hal_tim.o(i.HAL_TIM_SlaveConfigSynchro)
    HAL_TIM_TriggerCallback                  0x080035bf   Thumb Code     2  stm32g4xx_hal_tim.o(i.HAL_TIM_TriggerCallback)
    HardFault_Handler                        0x080035c1   Thumb Code     2  stm32g4xx_it.o(i.HardFault_Handler)
    Key_Scan                                 0x0800370d   Thumb Code    66  bsp_led_key.o(i.Key_Scan)
    LCD_BusIn                                0x08003755   Thumb Code    40  bsp_lcd.o(i.LCD_BusIn)
    LCD_BusOut                               0x08003781   Thumb Code    42  bsp_lcd.o(i.LCD_BusOut)
    LCD_Clear                                0x080037b1   Thumb Code    36  bsp_lcd.o(i.LCD_Clear)
    LCD_CtrlLinesConfig                      0x080037d5   Thumb Code   136  bsp_lcd.o(i.LCD_CtrlLinesConfig)
    LCD_DisplayChar                          0x08003865   Thumb Code    18  bsp_lcd.o(i.LCD_DisplayChar)
    LCD_DisplayStringLine                    0x0800387d   Thumb Code    42  bsp_lcd.o(i.LCD_DisplayStringLine)
    LCD_DrawChar                             0x080038a9   Thumb Code    84  bsp_lcd.o(i.LCD_DrawChar)
    LCD_Init                                 0x08003901   Thumb Code    46  bsp_lcd.o(i.LCD_Init)
    LCD_ReadReg                              0x08003935   Thumb Code   120  bsp_lcd.o(i.LCD_ReadReg)
    LCD_SetBackColor                         0x080039b5   Thumb Code    12  bsp_lcd.o(i.LCD_SetBackColor)
    LCD_SetCursor                            0x080039c5   Thumb Code    24  bsp_lcd.o(i.LCD_SetCursor)
    LCD_SetTextColor                         0x080039dd   Thumb Code    12  bsp_lcd.o(i.LCD_SetTextColor)
    LCD_WriteRAM                             0x080039ed   Thumb Code    80  bsp_lcd.o(i.LCD_WriteRAM)
    LCD_WriteRAM_Prepare                     0x08003a45   Thumb Code    82  bsp_lcd.o(i.LCD_WriteRAM_Prepare)
    LCD_WriteReg                             0x08003aa1   Thumb Code   100  bsp_lcd.o(i.LCD_WriteReg)
    Led_Disp                                 0x08003d91   Thumb Code    74  bsp_led_key.o(i.Led_Disp)
    Led_Key_GPIO_Init                        0x08003de5   Thumb Code   196  bsp_led_key.o(i.Led_Key_GPIO_Init)
    MemManage_Handler                        0x08003f25   Thumb Code     2  stm32g4xx_it.o(i.MemManage_Handler)
    NMI_Handler                              0x08003f27   Thumb Code     2  stm32g4xx_it.o(i.NMI_Handler)
    PA1_TIM2_Init                            0x08003f29   Thumb Code   148  bsp[_tim.o(i.PA1_TIM2_Init)
    PA7_TIM3_Init                            0x08003fc1   Thumb Code   198  bsp[_tim.o(i.PA7_TIM3_Init)
    PendSV_Handler                           0x08004091   Thumb Code     2  stm32g4xx_it.o(i.PendSV_Handler)
    R37_ADC2_Init                            0x08004095   Thumb Code   112  bsp_adc.o(i.R37_ADC2_Init)
    REG_8230_Init                            0x08004111   Thumb Code   274  bsp_lcd.o(i.REG_8230_Init)
    REG_932X_Init                            0x08004223   Thumb Code   514  bsp_lcd.o(i.REG_932X_Init)
    SVC_Handler                              0x08004425   Thumb Code     2  stm32g4xx_it.o(i.SVC_Handler)
    Set_LOCK_PA1_PWM                         0x08004429   Thumb Code   122  main.o(i.Set_LOCK_PA1_PWM)
    Set_PA1_PWM                              0x080044b9   Thumb Code   240  main.o(i.Set_PA1_PWM)
    SysTick_Handler                          0x080045ed   Thumb Code     4  stm32g4xx_it.o(i.SysTick_Handler)
    SystemClock_Config                       0x080045f1   Thumb Code   102  bsp_rcc.o(i.SystemClock_Config)
    SystemInit                               0x08004659   Thumb Code    12  system_stm32g4xx.o(i.SystemInit)
    TIM3_IRQHandler                          0x08004669   Thumb Code     6  stm32g4xx_it.o(i.TIM3_IRQHandler)
    TIM_Base_SetConfig                       0x08004675   Thumb Code   154  stm32g4xx_hal_tim.o(i.TIM_Base_SetConfig)
    TIM_CCxChannelCmd                        0x0800472d   Thumb Code    26  stm32g4xx_hal_tim.o(i.TIM_CCxChannelCmd)
    TIM_ETR_SetConfig                        0x08004747   Thumb Code    20  stm32g4xx_hal_tim.o(i.TIM_ETR_SetConfig)
    TIM_OC2_SetConfig                        0x08004815   Thumb Code   124  stm32g4xx_hal_tim.o(i.TIM_OC2_SetConfig)
    TIM_TI1_SetConfig                        0x08004bdd   Thumb Code   122  stm32g4xx_hal_tim.o(i.TIM_TI1_SetConfig)
    UsageFault_Handler                       0x08004d09   Thumb Code     2  stm32g4xx_it.o(i.UsageFault_Handler)
    __ARM_fpclassify                         0x08004d0b   Thumb Code    48  fpclassify.o(i.__ARM_fpclassify)
    _is_digit                                0x08004d5b   Thumb Code    14  __printf_wp.o(i._is_digit)
    main                                     0x08004d69   Thumb Code   114  main.o(i.main)
    _get_lc_numeric                          0x08004ded   Thumb Code    44  lc_numeric_c.o(locale$$code)
    __aeabi_dneg                             0x08004e19   Thumb Code     0  basic.o(x$fpl$basic)
    _dneg                                    0x08004e19   Thumb Code     6  basic.o(x$fpl$basic)
    __aeabi_fneg                             0x08004e1f   Thumb Code     0  basic.o(x$fpl$basic)
    _fneg                                    0x08004e1f   Thumb Code     6  basic.o(x$fpl$basic)
    _dabs                                    0x08004e25   Thumb Code     6  basic.o(x$fpl$basic)
    _fabs                                    0x08004e2b   Thumb Code     6  basic.o(x$fpl$basic)
    __aeabi_d2f                              0x08004e31   Thumb Code     0  d2f.o(x$fpl$d2f)
    _d2f                                     0x08004e31   Thumb Code    98  d2f.o(x$fpl$d2f)
    __aeabi_dadd                             0x08004e95   Thumb Code     0  daddsub_clz.o(x$fpl$dadd)
    _dadd                                    0x08004e95   Thumb Code   332  daddsub_clz.o(x$fpl$dadd)
    __fpl_dcmp_Inf                           0x08004fe5   Thumb Code    24  dcmpi.o(x$fpl$dcmpinf)
    __aeabi_ddiv                             0x08004ffd   Thumb Code     0  ddiv.o(x$fpl$ddiv)
    _ddiv                                    0x08004ffd   Thumb Code   552  ddiv.o(x$fpl$ddiv)
    __aeabi_d2uiz                            0x080052ad   Thumb Code     0  dfixu.o(x$fpl$dfixu)
    _dfixu                                   0x080052ad   Thumb Code    90  dfixu.o(x$fpl$dfixu)
    __aeabi_ui2d                             0x08005307   Thumb Code     0  dflt_clz.o(x$fpl$dfltu)
    _dfltu                                   0x08005307   Thumb Code    38  dflt_clz.o(x$fpl$dfltu)
    __aeabi_cdcmple                          0x0800532d   Thumb Code     0  dleqf.o(x$fpl$dleqf)
    _dcmple                                  0x0800532d   Thumb Code   120  dleqf.o(x$fpl$dleqf)
    __fpl_dcmple_InfNaN                      0x0800538f   Thumb Code     0  dleqf.o(x$fpl$dleqf)
    __aeabi_dmul                             0x080053a5   Thumb Code     0  dmul.o(x$fpl$dmul)
    _dmul                                    0x080053a5   Thumb Code   332  dmul.o(x$fpl$dmul)
    __fpl_dnaninf                            0x080054f9   Thumb Code   156  dnaninf.o(x$fpl$dnaninf)
    __fpl_dretinf                            0x08005595   Thumb Code    12  dretinf.o(x$fpl$dretinf)
    __aeabi_cdrcmple                         0x080055a1   Thumb Code     0  drleqf.o(x$fpl$drleqf)
    _drcmple                                 0x080055a1   Thumb Code   108  drleqf.o(x$fpl$drleqf)
    __aeabi_dsub                             0x0800560d   Thumb Code     0  daddsub_clz.o(x$fpl$dsub)
    _dsub                                    0x0800560d   Thumb Code   464  daddsub_clz.o(x$fpl$dsub)
    __aeabi_f2d                              0x080057e1   Thumb Code     0  f2d.o(x$fpl$f2d)
    _f2d                                     0x080057e1   Thumb Code    86  f2d.o(x$fpl$f2d)
    __fpl_fnaninf                            0x08005837   Thumb Code   140  fnaninf.o(x$fpl$fnaninf)
    _fp_init                                 0x080058c3   Thumb Code    10  fpinit.o(x$fpl$fpinit)
    __fplib_config_fpu_vfp                   0x080058cb   Thumb Code     0  fpinit.o(x$fpl$fpinit)
    __fplib_config_pureend_doubles           0x080058cb   Thumb Code     0  fpinit.o(x$fpl$fpinit)
    __fpl_fretinf                            0x080058cd   Thumb Code    10  fretinf.o(x$fpl$fretinf)
    _printf_fp_dec                           0x080058d7   Thumb Code     4  printf1.o(x$fpl$printf1)
    ASCII_Table                              0x080058da   Data        4560  bsp_lcd.o(.constdata)
    __I$use$fp                               0x080058da   Number         0  usenofp.o(x$fpl$usenofp)
    AHBPrescTable                            0x08006aaa   Data          16  system_stm32g4xx.o(.constdata)
    Region$$Table$$Base                      0x08006b50   Number         0  anon$$obj.o(Region$$Table)
    Region$$Table$$Limit                     0x08006b70   Number         0  anon$$obj.o(Region$$Table)
    Key_Value                                0x20000000   Data           1  main.o(.data)
    Key_Down                                 0x20000001   Data           1  main.o(.data)
    Key_Up                                   0x20000002   Data           1  main.o(.data)
    Key_Old                                  0x20000003   Data           1  main.o(.data)
    ucLed                                    0x20000004   Data           1  main.o(.data)
    Output_Duty_Hundred                      0x20000005   Data           1  main.o(.data)
    IntereFace                               0x20000006   Data           1  main.o(.data)
    PWM_Mode                                 0x20000007   Data           1  main.o(.data)
    Effective_Flag                           0x20000008   Data           1  main.o(.data)
    R                                        0x20000009   Data           1  main.o(.data)
    K                                        0x2000000a   Data           1  main.o(.data)
    PARA_UP_DOWN                             0x2000000b   Data           1  main.o(.data)
    R_Disp                                   0x2000000c   Data           1  main.o(.data)
    K_Disp                                   0x2000000d   Data           1  main.o(.data)
    Lock_Duty                                0x2000000e   Data           1  main.o(.data)
    Mode_Times                               0x2000000f   Data           1  main.o(.data)
    Buling_Flag                              0x20000010   Data           1  main.o(.data)
    Speed_Stable_Cnt                         0x20000011   Data           1  main.o(.data)
    IC_PA7_Counter                           0x20000012   Data           2  main.o(.data)
    IC_PA7_Freq                              0x20000014   Data           2  main.o(.data)
    Set_Currrent_Freq                        0x20000016   Data           2  main.o(.data)
    PA1_AUTORELOAD                           0x20000018   Data           2  main.o(.data)
    PA1_COMAPRE                              0x2000001a   Data           2  main.o(.data)
    PA7_D_Counter                            0x2000001e   Data           2  main.o(.data)
    uwTick_Led_Set_Point                     0x20000020   Data           4  main.o(.data)
    uwTick_Key_Set_Point                     0x20000024   Data           4  main.o(.data)
    uwTick_Lcd_Set_Point                     0x20000028   Data           4  main.o(.data)
    uwTick_PWM_Effective_Set_Point           0x2000002c   Data           4  main.o(.data)
    Max_Speed_H                              0x20000030   Data           4  main.o(.data)
    Max_Speed_L                              0x20000034   Data           4  main.o(.data)
    Last_Speed                               0x20000038   Data           4  main.o(.data)
    Speed                                    0x2000003c   Data           4  main.o(.data)
    IC_PA7_Duty                              0x20000040   Data           8  main.o(.data)
    R37_Voltage                              0x20000048   Data           8  main.o(.data)
    dummy                                    0x20000054   Data           2  bsp_lcd.o(.data)
    uwTickPrio                               0x20000058   Data           4  stm32g4xx_hal.o(.data)
    uwTickFreq                               0x2000005c   Data           4  stm32g4xx_hal.o(.data)
    uwTick                                   0x20000060   Data           4  stm32g4xx_hal.o(.data)
    SystemCoreClock                          0x20000064   Data           4  system_stm32g4xx.o(.data)
    Lcd_Disp_String                          0x20000068   Data          20  main.o(.bss)
    htim2                                    0x2000007c   Data          76  bsp[_tim.o(.bss)
    htim3                                    0x200000c8   Data          76  bsp[_tim.o(.bss)
    hadc2                                    0x20000114   Data         108  bsp_adc.o(.bss)
    __libspace_start                         0x20000180   Data          96  libspace.o(.bss)
    __temporary_stack_top$libspace           0x200001e0   Data           0  libspace.o(.bss)



==============================================================================

Memory Map of the image

  Image Entry point : 0x080001d9

  Load Region LR_IROM1 (Base: 0x08000000, Size: 0x00006bf4, Max: 0x00020000, ABSOLUTE)

    Execution Region ER_IROM1 (Exec base: 0x08000000, Load base: 0x08000000, Size: 0x00006b8c, Max: 0x00020000, ABSOLUTE)

    Exec Addr    Load Addr    Size         Type   Attr      Idx    E Section Name        Object

    0x08000000   0x08000000   0x000001d8   Data   RO            3    RESET               startup_stm32g431xx.o
    0x080001d8   0x080001d8   0x00000008   Code   RO         3842  * !!!main             c_w.l(__main.o)
    0x080001e0   0x080001e0   0x00000034   Code   RO         4098    !!!scatter          c_w.l(__scatter.o)
    0x08000214   0x08000214   0x0000001a   Code   RO         4100    !!handler_copy      c_w.l(__scatter_copy.o)
    0x0800022e   0x0800022e   0x00000002   PAD
    0x08000230   0x08000230   0x0000001c   Code   RO         4102    !!handler_zi        c_w.l(__scatter_zi.o)
    0x0800024c   0x0800024c   0x00000000   Code   RO         3837    .ARM.Collect$$_printf_percent$$00000000  c_w.l(_printf_percent.o)
    0x0800024c   0x0800024c   0x00000006   Code   RO         3836    .ARM.Collect$$_printf_percent$$00000003  c_w.l(_printf_f.o)
    0x08000252   0x08000252   0x00000006   Code   RO         3835    .ARM.Collect$$_printf_percent$$00000009  c_w.l(_printf_d.o)
    0x08000258   0x08000258   0x00000004   Code   RO         3887    .ARM.Collect$$_printf_percent$$00000017  c_w.l(_printf_percent_end.o)
    0x0800025c   0x0800025c   0x00000002   Code   RO         3971    .ARM.Collect$$libinit$$00000000  c_w.l(libinit.o)
    0x0800025e   0x0800025e   0x00000004   Code   RO         3972    .ARM.Collect$$libinit$$00000001  c_w.l(libinit2.o)
    0x08000262   0x08000262   0x00000000   Code   RO         3975    .ARM.Collect$$libinit$$00000004  c_w.l(libinit2.o)
    0x08000262   0x08000262   0x00000000   Code   RO         3978    .ARM.Collect$$libinit$$0000000A  c_w.l(libinit2.o)
    0x08000262   0x08000262   0x00000000   Code   RO         3980    .ARM.Collect$$libinit$$0000000C  c_w.l(libinit2.o)
    0x08000262   0x08000262   0x00000000   Code   RO         3982    .ARM.Collect$$libinit$$0000000E  c_w.l(libinit2.o)
    0x08000262   0x08000262   0x00000006   Code   RO         3983    .ARM.Collect$$libinit$$0000000F  c_w.l(libinit2.o)
    0x08000268   0x08000268   0x00000000   Code   RO         3985    .ARM.Collect$$libinit$$00000011  c_w.l(libinit2.o)
    0x08000268   0x08000268   0x00000000   Code   RO         3987    .ARM.Collect$$libinit$$00000013  c_w.l(libinit2.o)
    0x08000268   0x08000268   0x00000000   Code   RO         3989    .ARM.Collect$$libinit$$00000015  c_w.l(libinit2.o)
    0x08000268   0x08000268   0x0000000a   Code   RO         3990    .ARM.Collect$$libinit$$00000016  c_w.l(libinit2.o)
    0x08000272   0x08000272   0x00000000   Code   RO         3991    .ARM.Collect$$libinit$$00000017  c_w.l(libinit2.o)
    0x08000272   0x08000272   0x00000000   Code   RO         3993    .ARM.Collect$$libinit$$00000019  c_w.l(libinit2.o)
    0x08000272   0x08000272   0x00000000   Code   RO         3995    .ARM.Collect$$libinit$$0000001B  c_w.l(libinit2.o)
    0x08000272   0x08000272   0x00000000   Code   RO         3997    .ARM.Collect$$libinit$$0000001D  c_w.l(libinit2.o)
    0x08000272   0x08000272   0x00000000   Code   RO         3999    .ARM.Collect$$libinit$$0000001F  c_w.l(libinit2.o)
    0x08000272   0x08000272   0x00000000   Code   RO         4001    .ARM.Collect$$libinit$$00000021  c_w.l(libinit2.o)
    0x08000272   0x08000272   0x00000000   Code   RO         4003    .ARM.Collect$$libinit$$00000023  c_w.l(libinit2.o)
    0x08000272   0x08000272   0x00000000   Code   RO         4005    .ARM.Collect$$libinit$$00000025  c_w.l(libinit2.o)
    0x08000272   0x08000272   0x00000000   Code   RO         4009    .ARM.Collect$$libinit$$0000002C  c_w.l(libinit2.o)
    0x08000272   0x08000272   0x00000000   Code   RO         4011    .ARM.Collect$$libinit$$0000002E  c_w.l(libinit2.o)
    0x08000272   0x08000272   0x00000000   Code   RO         4013    .ARM.Collect$$libinit$$00000030  c_w.l(libinit2.o)
    0x08000272   0x08000272   0x00000000   Code   RO         4015    .ARM.Collect$$libinit$$00000032  c_w.l(libinit2.o)
    0x08000272   0x08000272   0x00000002   Code   RO         4016    .ARM.Collect$$libinit$$00000033  c_w.l(libinit2.o)
    0x08000274   0x08000274   0x00000002   Code   RO         4046    .ARM.Collect$$libshutdown$$00000000  c_w.l(libshutdown.o)
    0x08000276   0x08000276   0x00000000   Code   RO         4057    .ARM.Collect$$libshutdown$$00000002  c_w.l(libshutdown2.o)
    0x08000276   0x08000276   0x00000000   Code   RO         4059    .ARM.Collect$$libshutdown$$00000004  c_w.l(libshutdown2.o)
    0x08000276   0x08000276   0x00000000   Code   RO         4062    .ARM.Collect$$libshutdown$$00000007  c_w.l(libshutdown2.o)
    0x08000276   0x08000276   0x00000000   Code   RO         4065    .ARM.Collect$$libshutdown$$0000000A  c_w.l(libshutdown2.o)
    0x08000276   0x08000276   0x00000000   Code   RO         4067    .ARM.Collect$$libshutdown$$0000000C  c_w.l(libshutdown2.o)
    0x08000276   0x08000276   0x00000000   Code   RO         4070    .ARM.Collect$$libshutdown$$0000000F  c_w.l(libshutdown2.o)
    0x08000276   0x08000276   0x00000002   Code   RO         4071    .ARM.Collect$$libshutdown$$00000010  c_w.l(libshutdown2.o)
    0x08000278   0x08000278   0x00000000   Code   RO         3878    .ARM.Collect$$rtentry$$00000000  c_w.l(__rtentry.o)
    0x08000278   0x08000278   0x00000000   Code   RO         3900    .ARM.Collect$$rtentry$$00000002  c_w.l(__rtentry2.o)
    0x08000278   0x08000278   0x00000006   Code   RO         3912    .ARM.Collect$$rtentry$$00000004  c_w.l(__rtentry4.o)
    0x0800027e   0x0800027e   0x00000000   Code   RO         3902    .ARM.Collect$$rtentry$$00000009  c_w.l(__rtentry2.o)
    0x0800027e   0x0800027e   0x00000004   Code   RO         3903    .ARM.Collect$$rtentry$$0000000A  c_w.l(__rtentry2.o)
    0x08000282   0x08000282   0x00000000   Code   RO         3905    .ARM.Collect$$rtentry$$0000000C  c_w.l(__rtentry2.o)
    0x08000282   0x08000282   0x00000008   Code   RO         3906    .ARM.Collect$$rtentry$$0000000D  c_w.l(__rtentry2.o)
    0x0800028a   0x0800028a   0x00000002   Code   RO         4017    .ARM.Collect$$rtexit$$00000000  c_w.l(rtexit.o)
    0x0800028c   0x0800028c   0x00000000   Code   RO         4024    .ARM.Collect$$rtexit$$00000002  c_w.l(rtexit2.o)
    0x0800028c   0x0800028c   0x00000004   Code   RO         4025    .ARM.Collect$$rtexit$$00000003  c_w.l(rtexit2.o)
    0x08000290   0x08000290   0x00000006   Code   RO         4026    .ARM.Collect$$rtexit$$00000004  c_w.l(rtexit2.o)
    0x08000296   0x08000296   0x00000002   PAD
    0x08000298   0x08000298   0x00000040   Code   RO            4    .text               startup_stm32g431xx.o
    0x080002d8   0x080002d8   0x00000028   Code   RO         3809    .text               c_w.l(noretval__2sprintf.o)
    0x08000300   0x08000300   0x00000078   Code   RO         3813    .text               c_w.l(_printf_dec.o)
    0x08000378   0x08000378   0x0000010e   Code   RO         3823    .text               c_w.l(__printf_wp.o)
    0x08000486   0x08000486   0x0000004e   Code   RO         3838    .text               c_w.l(rt_memclr_w.o)
    0x080004d4   0x080004d4   0x00000006   Code   RO         3840    .text               c_w.l(heapauxi.o)
    0x080004da   0x080004da   0x000000b2   Code   RO         3879    .text               c_w.l(_printf_intcommon.o)
    0x0800058c   0x0800058c   0x0000041e   Code   RO         3881    .text               c_w.l(_printf_fp_dec.o)
    0x080009aa   0x080009aa   0x00000002   PAD
    0x080009ac   0x080009ac   0x00000030   Code   RO         3883    .text               c_w.l(_printf_char_common.o)
    0x080009dc   0x080009dc   0x0000000a   Code   RO         3885    .text               c_w.l(_sputc.o)
    0x080009e6   0x080009e6   0x00000002   PAD
    0x080009e8   0x080009e8   0x00000008   Code   RO         3917    .text               c_w.l(rt_locale_intlibspace.o)
    0x080009f0   0x080009f0   0x0000008a   Code   RO         3919    .text               c_w.l(lludiv10.o)
    0x08000a7a   0x08000a7a   0x00000002   PAD
    0x08000a7c   0x08000a7c   0x00000080   Code   RO         3921    .text               c_w.l(_printf_fp_infnan.o)
    0x08000afc   0x08000afc   0x000000e4   Code   RO         3925    .text               c_w.l(bigflt0.o)
    0x08000be0   0x08000be0   0x00000008   Code   RO         3957    .text               c_w.l(libspace.o)
    0x08000be8   0x08000be8   0x0000004a   Code   RO         3960    .text               c_w.l(sys_stackheap_outer.o)
    0x08000c32   0x08000c32   0x00000012   Code   RO         3962    .text               c_w.l(exit.o)
    0x08000c44   0x08000c44   0x00000080   Code   RO         3964    .text               c_w.l(strcmpv7m.o)
    0x08000cc4   0x08000cc4   0x0000000c   Code   RO         4036    .text               c_w.l(sys_exit.o)
    0x08000cd0   0x08000cd0   0x00000002   Code   RO         4047    .text               c_w.l(use_no_semi.o)
    0x08000cd2   0x08000cd2   0x00000000   Code   RO         4049    .text               c_w.l(indicate_semi.o)
    0x08000cd2   0x08000cd2   0x0000003e   Code   RO         3928    CL$$btod_d2e        c_w.l(btod.o)
    0x08000d10   0x08000d10   0x00000046   Code   RO         3930    CL$$btod_d2e_denorm_low  c_w.l(btod.o)
    0x08000d56   0x08000d56   0x00000060   Code   RO         3929    CL$$btod_d2e_norm_op1  c_w.l(btod.o)
    0x08000db6   0x08000db6   0x00000338   Code   RO         3938    CL$$btod_div_common  c_w.l(btod.o)
    0x080010ee   0x080010ee   0x000000dc   Code   RO         3935    CL$$btod_e2e        c_w.l(btod.o)
    0x080011ca   0x080011ca   0x0000002a   Code   RO         3932    CL$$btod_ediv       c_w.l(btod.o)
    0x080011f4   0x080011f4   0x0000002a   Code   RO         3931    CL$$btod_emul       c_w.l(btod.o)
    0x0800121e   0x0800121e   0x00000244   Code   RO         3937    CL$$btod_mult_common  c_w.l(btod.o)
    0x08001462   0x08001462   0x00000002   PAD
    0x08001464   0x08001464   0x000000ac   Code   RO         2186    i.ADC_Enable        stm32g4xx_hal_adc.o
    0x08001510   0x08001510   0x00000002   Code   RO          215    i.BusFault_Handler  stm32g4xx_it.o
    0x08001512   0x08001512   0x00000002   Code   RO          216    i.DebugMon_Handler  stm32g4xx_it.o
    0x08001514   0x08001514   0x0000001c   Code   RO          380    i.Delay_LCD         bsp_lcd.o
    0x08001530   0x08001530   0x00000004   Code   RO           13    i.Error_Handler     main.o
    0x08001534   0x08001534   0x000000b4   Code   RO           14    i.GET_SPEED_MAX     main.o
    0x080015e8   0x080015e8   0x00000018   Code   RO          634    i.Get_ADCR37        bsp_adc.o
    0x08001600   0x08001600   0x00000424   Code   RO         2188    i.HAL_ADC_ConfigChannel  stm32g4xx_hal_adc.o
    0x08001a24   0x08001a24   0x00000006   Code   RO         2195    i.HAL_ADC_GetValue  stm32g4xx_hal_adc.o
    0x08001a2a   0x08001a2a   0x00000002   PAD
    0x08001a2c   0x08001a2c   0x000001f4   Code   RO         2197    i.HAL_ADC_Init      stm32g4xx_hal_adc.o
    0x08001c20   0x08001c20   0x00000078   Code   RO          635    i.HAL_ADC_MspInit   bsp_adc.o
    0x08001c98   0x08001c98   0x000000f4   Code   RO         2203    i.HAL_ADC_Start     stm32g4xx_hal_adc.o
    0x08001d8c   0x08001d8c   0x00000024   Code   RO          923    i.HAL_Delay         stm32g4xx_hal.o
    0x08001db0   0x08001db0   0x00000234   Code   RO         1632    i.HAL_GPIO_Init     stm32g4xx_hal_gpio.o
    0x08001fe4   0x08001fe4   0x0000000a   Code   RO         1634    i.HAL_GPIO_ReadPin  stm32g4xx_hal_gpio.o
    0x08001fee   0x08001fee   0x0000000a   Code   RO         1636    i.HAL_GPIO_WritePin  stm32g4xx_hal_gpio.o
    0x08001ff8   0x08001ff8   0x0000000c   Code   RO          927    i.HAL_GetTick       stm32g4xx_hal.o
    0x08002004   0x08002004   0x00000010   Code   RO          933    i.HAL_IncTick       stm32g4xx_hal.o
    0x08002014   0x08002014   0x0000001e   Code   RO          934    i.HAL_Init          stm32g4xx_hal.o
    0x08002032   0x08002032   0x00000002   PAD
    0x08002034   0x08002034   0x00000044   Code   RO          935    i.HAL_InitTick      stm32g4xx_hal.o
    0x08002078   0x08002078   0x00000030   Code   RO          296    i.HAL_MspInit       stm32g4xx_hal_msp.o
    0x080020a8   0x080020a8   0x0000001a   Code   RO         2041    i.HAL_NVIC_EnableIRQ  stm32g4xx_hal_cortex.o
    0x080020c2   0x080020c2   0x00000002   PAD
    0x080020c4   0x080020c4   0x00000040   Code   RO         2047    i.HAL_NVIC_SetPriority  stm32g4xx_hal_cortex.o
    0x08002104   0x08002104   0x00000024   Code   RO         2048    i.HAL_NVIC_SetPriorityGrouping  stm32g4xx_hal_cortex.o
    0x08002128   0x08002128   0x000000bc   Code   RO          677    i.HAL_PWREx_ControlVoltageScaling  stm32g4xx_hal_pwr_ex.o
    0x080021e4   0x080021e4   0x00000010   Code   RO          689    i.HAL_PWREx_DisableUCPDDeadBattery  stm32g4xx_hal_pwr_ex.o
    0x080021f4   0x080021f4   0x00000288   Code   RO         1294    i.HAL_RCCEx_PeriphCLKConfig  stm32g4xx_hal_rcc_ex.o
    0x0800247c   0x0800247c   0x000001dc   Code   RO         1169    i.HAL_RCC_ClockConfig  stm32g4xx_hal_rcc.o
    0x08002658   0x08002658   0x00000070   Code   RO         1179    i.HAL_RCC_GetSysClockFreq  stm32g4xx_hal_rcc.o
    0x080026c8   0x080026c8   0x00000404   Code   RO         1182    i.HAL_RCC_OscConfig  stm32g4xx_hal_rcc.o
    0x08002acc   0x08002acc   0x00000028   Code   RO         2052    i.HAL_SYSTICK_Config  stm32g4xx_hal_cortex.o
    0x08002af4   0x08002af4   0x00000002   Code   RO         3341    i.HAL_TIMEx_Break2Callback  stm32g4xx_hal_tim_ex.o
    0x08002af6   0x08002af6   0x00000002   Code   RO         3342    i.HAL_TIMEx_BreakCallback  stm32g4xx_hal_tim_ex.o
    0x08002af8   0x08002af8   0x00000002   Code   RO         3343    i.HAL_TIMEx_CommutCallback  stm32g4xx_hal_tim_ex.o
    0x08002afa   0x08002afa   0x00000002   Code   RO         3354    i.HAL_TIMEx_DirectionChangeCallback  stm32g4xx_hal_tim_ex.o
    0x08002afc   0x08002afc   0x00000002   Code   RO         3368    i.HAL_TIMEx_EncoderIndexCallback  stm32g4xx_hal_tim_ex.o
    0x08002afe   0x08002afe   0x00000002   Code   RO         3382    i.HAL_TIMEx_IndexErrorCallback  stm32g4xx_hal_tim_ex.o
    0x08002b00   0x08002b00   0x0000009c   Code   RO         3383    i.HAL_TIMEx_MasterConfigSynchronization  stm32g4xx_hal_tim_ex.o
    0x08002b9c   0x08002b9c   0x00000002   Code   RO         3404    i.HAL_TIMEx_TransitionErrorCallback  stm32g4xx_hal_tim_ex.o
    0x08002b9e   0x08002b9e   0x00000062   Code   RO         2627    i.HAL_TIM_Base_Init  stm32g4xx_hal_tim.o
    0x08002c00   0x08002c00   0x00000088   Code   RO          586    i.HAL_TIM_Base_MspInit  bsp[_tim.o
    0x08002c88   0x08002c88   0x00000100   Code   RO         2636    i.HAL_TIM_ConfigClockSource  stm32g4xx_hal_tim.o
    0x08002d88   0x08002d88   0x00000058   Code   RO           15    i.HAL_TIM_IC_CaptureCallback  main.o
    0x08002de0   0x08002de0   0x00000154   Code   RO         2663    i.HAL_TIM_IC_ConfigChannel  stm32g4xx_hal_tim.o
    0x08002f34   0x08002f34   0x00000062   Code   RO         2666    i.HAL_TIM_IC_Init   stm32g4xx_hal_tim.o
    0x08002f96   0x08002f96   0x00000002   Code   RO         2668    i.HAL_TIM_IC_MspInit  stm32g4xx_hal_tim.o
    0x08002f98   0x08002f98   0x0000012c   Code   RO         2671    i.HAL_TIM_IC_Start_IT  stm32g4xx_hal_tim.o
    0x080030c4   0x080030c4   0x000001a2   Code   RO         2675    i.HAL_TIM_IRQHandler  stm32g4xx_hal_tim.o
    0x08003266   0x08003266   0x00000002   PAD
    0x08003268   0x08003268   0x0000004c   Code   RO          587    i.HAL_TIM_MspPostInit  bsp[_tim.o
    0x080032b4   0x080032b4   0x00000002   Code   RO         2678    i.HAL_TIM_OC_DelayElapsedCallback  stm32g4xx_hal_tim.o
    0x080032b6   0x080032b6   0x00000124   Code   RO         2699    i.HAL_TIM_PWM_ConfigChannel  stm32g4xx_hal_tim.o
    0x080033da   0x080033da   0x00000062   Code   RO         2702    i.HAL_TIM_PWM_Init  stm32g4xx_hal_tim.o
    0x0800343c   0x0800343c   0x00000002   Code   RO         2704    i.HAL_TIM_PWM_MspInit  stm32g4xx_hal_tim.o
    0x0800343e   0x0800343e   0x00000002   Code   RO         2705    i.HAL_TIM_PWM_PulseFinishedCallback  stm32g4xx_hal_tim.o
    0x08003440   0x08003440   0x000000fc   Code   RO         2707    i.HAL_TIM_PWM_Start  stm32g4xx_hal_tim.o
    0x0800353c   0x0800353c   0x00000002   Code   RO         2713    i.HAL_TIM_PeriodElapsedCallback  stm32g4xx_hal_tim.o
    0x0800353e   0x0800353e   0x0000002a   Code   RO         2715    i.HAL_TIM_ReadCapturedValue  stm32g4xx_hal_tim.o
    0x08003568   0x08003568   0x00000056   Code   RO         2716    i.HAL_TIM_SlaveConfigSynchro  stm32g4xx_hal_tim.o
    0x080035be   0x080035be   0x00000002   Code   RO         2718    i.HAL_TIM_TriggerCallback  stm32g4xx_hal_tim.o
    0x080035c0   0x080035c0   0x00000002   Code   RO          217    i.HardFault_Handler  stm32g4xx_it.o
    0x080035c2   0x080035c2   0x00000002   PAD
    0x080035c4   0x080035c4   0x00000148   Code   RO           16    i.Key_Proc          main.o
    0x0800370c   0x0800370c   0x00000048   Code   RO          320    i.Key_Scan          bsp_led_key.o
    0x08003754   0x08003754   0x0000002c   Code   RO          381    i.LCD_BusIn         bsp_lcd.o
    0x08003780   0x08003780   0x00000030   Code   RO          382    i.LCD_BusOut        bsp_lcd.o
    0x080037b0   0x080037b0   0x00000024   Code   RO          383    i.LCD_Clear         bsp_lcd.o
    0x080037d4   0x080037d4   0x00000090   Code   RO          385    i.LCD_CtrlLinesConfig  bsp_lcd.o
    0x08003864   0x08003864   0x00000018   Code   RO          386    i.LCD_DisplayChar   bsp_lcd.o
    0x0800387c   0x0800387c   0x0000002a   Code   RO          389    i.LCD_DisplayStringLine  bsp_lcd.o
    0x080038a6   0x080038a6   0x00000002   PAD
    0x080038a8   0x080038a8   0x00000058   Code   RO          390    i.LCD_DrawChar      bsp_lcd.o
    0x08003900   0x08003900   0x00000034   Code   RO          396    i.LCD_Init          bsp_lcd.o
    0x08003934   0x08003934   0x00000080   Code   RO          399    i.LCD_ReadReg       bsp_lcd.o
    0x080039b4   0x080039b4   0x00000010   Code   RO          400    i.LCD_SetBackColor  bsp_lcd.o
    0x080039c4   0x080039c4   0x00000018   Code   RO          401    i.LCD_SetCursor     bsp_lcd.o
    0x080039dc   0x080039dc   0x00000010   Code   RO          403    i.LCD_SetTextColor  bsp_lcd.o
    0x080039ec   0x080039ec   0x00000058   Code   RO          406    i.LCD_WriteRAM      bsp_lcd.o
    0x08003a44   0x08003a44   0x0000005c   Code   RO          407    i.LCD_WriteRAM_Prepare  bsp_lcd.o
    0x08003aa0   0x08003aa0   0x0000006c   Code   RO          408    i.LCD_WriteReg      bsp_lcd.o
    0x08003b0c   0x08003b0c   0x0000000c   Code   RO         2211    i.LL_ADC_GetOffsetChannel  stm32g4xx_hal_adc.o
    0x08003b18   0x08003b18   0x00000008   Code   RO         2212    i.LL_ADC_INJ_IsConversionOngoing  stm32g4xx_hal_adc.o
    0x08003b20   0x08003b20   0x00000008   Code   RO         2213    i.LL_ADC_REG_IsConversionOngoing  stm32g4xx_hal_adc.o
    0x08003b28   0x08003b28   0x0000001e   Code   RO         2216    i.LL_ADC_SetChannelSamplingTime  stm32g4xx_hal_adc.o
    0x08003b46   0x08003b46   0x00000010   Code   RO         2217    i.LL_ADC_SetOffsetState  stm32g4xx_hal_adc.o
    0x08003b56   0x08003b56   0x00000002   PAD
    0x08003b58   0x08003b58   0x00000238   Code   RO           17    i.Lcd_Proc          main.o
    0x08003d90   0x08003d90   0x00000054   Code   RO          321    i.Led_Disp          bsp_led_key.o
    0x08003de4   0x08003de4   0x000000d4   Code   RO          322    i.Led_Key_GPIO_Init  bsp_led_key.o
    0x08003eb8   0x08003eb8   0x0000006c   Code   RO           18    i.Led_Proc          main.o
    0x08003f24   0x08003f24   0x00000002   Code   RO          218    i.MemManage_Handler  stm32g4xx_it.o
    0x08003f26   0x08003f26   0x00000002   Code   RO          219    i.NMI_Handler       stm32g4xx_it.o
    0x08003f28   0x08003f28   0x00000098   Code   RO          588    i.PA1_TIM2_Init     bsp[_tim.o
    0x08003fc0   0x08003fc0   0x000000d0   Code   RO          589    i.PA7_TIM3_Init     bsp[_tim.o
    0x08004090   0x08004090   0x00000002   Code   RO          220    i.PendSV_Handler    stm32g4xx_it.o
    0x08004092   0x08004092   0x00000002   PAD
    0x08004094   0x08004094   0x0000007c   Code   RO          636    i.R37_ADC2_Init     bsp_adc.o
    0x08004110   0x08004110   0x00000112   Code   RO          409    i.REG_8230_Init     bsp_lcd.o
    0x08004222   0x08004222   0x00000202   Code   RO          410    i.REG_932X_Init     bsp_lcd.o
    0x08004424   0x08004424   0x00000002   Code   RO          221    i.SVC_Handler       stm32g4xx_it.o
    0x08004426   0x08004426   0x00000002   PAD
    0x08004428   0x08004428   0x00000090   Code   RO           19    i.Set_LOCK_PA1_PWM  main.o
    0x080044b8   0x080044b8   0x00000134   Code   RO           20    i.Set_PA1_PWM       main.o
    0x080045ec   0x080045ec   0x00000004   Code   RO          222    i.SysTick_Handler   stm32g4xx_it.o
    0x080045f0   0x080045f0   0x00000066   Code   RO          356    i.SystemClock_Config  bsp_rcc.o
    0x08004656   0x08004656   0x00000002   PAD
    0x08004658   0x08004658   0x00000010   Code   RO         3771    i.SystemInit        system_stm32g4xx.o
    0x08004668   0x08004668   0x0000000c   Code   RO          223    i.TIM3_IRQHandler   stm32g4xx_it.o
    0x08004674   0x08004674   0x000000b8   Code   RO         2720    i.TIM_Base_SetConfig  stm32g4xx_hal_tim.o
    0x0800472c   0x0800472c   0x0000001a   Code   RO         2721    i.TIM_CCxChannelCmd  stm32g4xx_hal_tim.o
    0x08004746   0x08004746   0x00000014   Code   RO         2731    i.TIM_ETR_SetConfig  stm32g4xx_hal_tim.o
    0x0800475a   0x0800475a   0x00000002   PAD
    0x0800475c   0x0800475c   0x00000014   Code   RO         2732    i.TIM_ITRx_SetConfig  stm32g4xx_hal_tim.o
    0x08004770   0x08004770   0x000000a4   Code   RO         2733    i.TIM_OC1_SetConfig  stm32g4xx_hal_tim.o
    0x08004814   0x08004814   0x00000094   Code   RO         2734    i.TIM_OC2_SetConfig  stm32g4xx_hal_tim.o
    0x080048a8   0x080048a8   0x00000094   Code   RO         2735    i.TIM_OC3_SetConfig  stm32g4xx_hal_tim.o
    0x0800493c   0x0800493c   0x00000094   Code   RO         2736    i.TIM_OC4_SetConfig  stm32g4xx_hal_tim.o
    0x080049d0   0x080049d0   0x00000070   Code   RO         2737    i.TIM_OC5_SetConfig  stm32g4xx_hal_tim.o
    0x08004a40   0x08004a40   0x00000070   Code   RO         2738    i.TIM_OC6_SetConfig  stm32g4xx_hal_tim.o
    0x08004ab0   0x08004ab0   0x000000d0   Code   RO         2739    i.TIM_SlaveTimer_SetConfig  stm32g4xx_hal_tim.o
    0x08004b80   0x08004b80   0x0000005c   Code   RO         2740    i.TIM_TI1_ConfigInputStage  stm32g4xx_hal_tim.o
    0x08004bdc   0x08004bdc   0x00000098   Code   RO         2741    i.TIM_TI1_SetConfig  stm32g4xx_hal_tim.o
    0x08004c74   0x08004c74   0x00000040   Code   RO         2742    i.TIM_TI2_ConfigInputStage  stm32g4xx_hal_tim.o
    0x08004cb4   0x08004cb4   0x00000054   Code   RO         2743    i.TIM_TI2_SetConfig  stm32g4xx_hal_tim.o
    0x08004d08   0x08004d08   0x00000002   Code   RO          224    i.UsageFault_Handler  stm32g4xx_it.o
    0x08004d0a   0x08004d0a   0x00000030   Code   RO         3955    i.__ARM_fpclassify  m_wm.l(fpclassify.o)
    0x08004d3a   0x08004d3a   0x00000020   Code   RO         2054    i.__NVIC_SetPriority  stm32g4xx_hal_cortex.o
    0x08004d5a   0x08004d5a   0x0000000e   Code   RO         3825    i._is_digit         c_w.l(__printf_wp.o)
    0x08004d68   0x08004d68   0x00000084   Code   RO           21    i.main              main.o
    0x08004dec   0x08004dec   0x0000002c   Code   RO         3951    locale$$code        c_w.l(lc_numeric_c.o)
    0x08004e18   0x08004e18   0x00000018   Code   RO         3844    x$fpl$basic         fz_wm.l(basic.o)
    0x08004e30   0x08004e30   0x00000062   Code   RO         3846    x$fpl$d2f           fz_wm.l(d2f.o)
    0x08004e92   0x08004e92   0x00000002   PAD
    0x08004e94   0x08004e94   0x00000150   Code   RO         3848    x$fpl$dadd          fz_wm.l(daddsub_clz.o)
    0x08004fe4   0x08004fe4   0x00000018   Code   RO         3888    x$fpl$dcmpinf       fz_wm.l(dcmpi.o)
    0x08004ffc   0x08004ffc   0x000002b0   Code   RO         3855    x$fpl$ddiv          fz_wm.l(ddiv.o)
    0x080052ac   0x080052ac   0x0000005a   Code   RO         3858    x$fpl$dfixu         fz_wm.l(dfixu.o)
    0x08005306   0x08005306   0x00000026   Code   RO         3862    x$fpl$dfltu         fz_wm.l(dflt_clz.o)
    0x0800532c   0x0800532c   0x00000078   Code   RO         3868    x$fpl$dleqf         fz_wm.l(dleqf.o)
    0x080053a4   0x080053a4   0x00000154   Code   RO         3870    x$fpl$dmul          fz_wm.l(dmul.o)
    0x080054f8   0x080054f8   0x0000009c   Code   RO         3890    x$fpl$dnaninf       fz_wm.l(dnaninf.o)
    0x08005594   0x08005594   0x0000000c   Code   RO         3892    x$fpl$dretinf       fz_wm.l(dretinf.o)
    0x080055a0   0x080055a0   0x0000006c   Code   RO         3872    x$fpl$drleqf        fz_wm.l(drleqf.o)
    0x0800560c   0x0800560c   0x000001d4   Code   RO         3850    x$fpl$dsub          fz_wm.l(daddsub_clz.o)
    0x080057e0   0x080057e0   0x00000056   Code   RO         3874    x$fpl$f2d           fz_wm.l(f2d.o)
    0x08005836   0x08005836   0x0000008c   Code   RO         3894    x$fpl$fnaninf       fz_wm.l(fnaninf.o)
    0x080058c2   0x080058c2   0x0000000a   Code   RO         4021    x$fpl$fpinit        fz_wm.l(fpinit.o)
    0x080058cc   0x080058cc   0x0000000a   Code   RO         3896    x$fpl$fretinf       fz_wm.l(fretinf.o)
    0x080058d6   0x080058d6   0x00000004   Code   RO         3876    x$fpl$printf1       fz_wm.l(printf1.o)
    0x080058da   0x080058da   0x00000000   Code   RO         3898    x$fpl$usenofp       fz_wm.l(usenofp.o)
    0x080058da   0x080058da   0x000011d0   Data   RO          411    .constdata          bsp_lcd.o
    0x08006aaa   0x08006aaa   0x00000010   Data   RO         3772    .constdata          system_stm32g4xx.o
    0x08006aba   0x08006aba   0x00000002   PAD
    0x08006abc   0x08006abc   0x00000094   Data   RO         3926    .constdata          c_w.l(bigflt0.o)
    0x08006b50   0x08006b50   0x00000020   Data   RO         4096    Region$$Table       anon$$obj.o
    0x08006b70   0x08006b70   0x0000001c   Data   RO         3950    locale$$data        c_w.l(lc_numeric_c.o)


    Execution Region RW_IRAM1 (Exec base: 0x20000000, Load base: 0x08006b8c, Size: 0x000007e0, Max: 0x00008000, ABSOLUTE)

    Exec Addr    Load Addr    Size         Type   Attr      Idx    E Section Name        Object

    0x20000000   0x08006b8c   0x00000050   Data   RW           23    .data               main.o
    0x20000050   0x08006bdc   0x00000006   Data   RW          412    .data               bsp_lcd.o
    0x20000056   0x08006be2   0x00000002   PAD
    0x20000058   0x08006be4   0x0000000c   Data   RW          954    .data               stm32g4xx_hal.o
    0x20000064   0x08006bf0   0x00000004   Data   RW         3774    .data               system_stm32g4xx.o
    0x20000068        -       0x00000014   Zero   RW           22    .bss                main.o
    0x2000007c        -       0x00000098   Zero   RW          590    .bss                bsp[_tim.o
    0x20000114        -       0x0000006c   Zero   RW          637    .bss                bsp_adc.o
    0x20000180        -       0x00000060   Zero   RW         3958    .bss                c_w.l(libspace.o)
    0x200001e0        -       0x00000200   Zero   RW            2    HEAP                startup_stm32g431xx.o
    0x200003e0        -       0x00000400   Zero   RW            1    STACK               startup_stm32g431xx.o


==============================================================================

Image component sizes


      Code (inc. data)   RO Data    RW Data    ZI Data      Debug   Object Name

       572         30          0          0        152       3631   bsp[_tim.o
       268         32          0          0        108       2491   bsp_adc.o
      1766         76       4560          6          0      12318   bsp_lcd.o
       368         32          0          0          0       2402   bsp_led_key.o
       102          0          0          0          0        677   bsp_rcc.o
      1860        344          0         80         20     647666   main.o
        64         26        472          0       1536        872   startup_stm32g431xx.o
       162         24          0         12          0       4509   stm32g4xx_hal.o
      2056        120          0          0          0      76623   stm32g4xx_hal_adc.o
       198         14          0          0          0      34003   stm32g4xx_hal_cortex.o
       584         32          0          0          0       3079   stm32g4xx_hal_gpio.o
        48          6          0          0          0        890   stm32g4xx_hal_msp.o
       204         18          0          0          0       1457   stm32g4xx_hal_pwr_ex.o
      1616         68          0          0          0       5206   stm32g4xx_hal_rcc.o
       648         10          0          0          0       1952   stm32g4xx_hal_rcc_ex.o
      3974        350          0          0          0      27054   stm32g4xx_hal_tim.o
       170         24          0          0          0       5668   stm32g4xx_hal_tim_ex.o
        32          6          0          0          0       4816   stm32g4xx_it.o
        16          4         16          4          0       1187   system_stm32g4xx.o

    ----------------------------------------------------------------------
     14730       1216       5082        104       1816     836501   Object Totals
         0          0         32          0          0          0   (incl. Generated)
        22          0          2          2          0          0   (incl. Padding)

    ----------------------------------------------------------------------

      Code (inc. data)   RO Data    RW Data    ZI Data      Debug   Library Member Name

         8          0          0          0          0         68   __main.o
       284          0          0          0          0        156   __printf_wp.o
         0          0          0          0          0          0   __rtentry.o
        12          0          0          0          0          0   __rtentry2.o
         6          0          0          0          0          0   __rtentry4.o
        52          8          0          0          0          0   __scatter.o
        26          0          0          0          0          0   __scatter_copy.o
        28          0          0          0          0          0   __scatter_zi.o
        48          6          0          0          0         96   _printf_char_common.o
         6          0          0          0          0          0   _printf_d.o
       120         16          0          0          0         92   _printf_dec.o
         6          0          0          0          0          0   _printf_f.o
      1054          0          0          0          0        216   _printf_fp_dec.o
       128         16          0          0          0         84   _printf_fp_infnan.o
       178          0          0          0          0         88   _printf_intcommon.o
         0          0          0          0          0          0   _printf_percent.o
         4          0          0          0          0          0   _printf_percent_end.o
        10          0          0          0          0         68   _sputc.o
       228          4        148          0          0         96   bigflt0.o
      1936        128          0          0          0        672   btod.o
        18          0          0          0          0         80   exit.o
         6          0          0          0          0        152   heapauxi.o
         0          0          0          0          0          0   indicate_semi.o
        44         10         28          0          0         76   lc_numeric_c.o
         2          0          0          0          0          0   libinit.o
        22          0          0          0          0          0   libinit2.o
         2          0          0          0          0          0   libshutdown.o
         2          0          0          0          0          0   libshutdown2.o
         8          4          0          0         96         68   libspace.o
       138          0          0          0          0         80   lludiv10.o
        40          6          0          0          0         84   noretval__2sprintf.o
         8          4          0          0          0         68   rt_locale_intlibspace.o
        78          0          0          0          0         80   rt_memclr_w.o
         2          0          0          0          0          0   rtexit.o
        10          0          0          0          0          0   rtexit2.o
       128          0          0          0          0         68   strcmpv7m.o
        12          4          0          0          0         68   sys_exit.o
        74          0          0          0          0         80   sys_stackheap_outer.o
         2          0          0          0          0         68   use_no_semi.o
        24          0          0          0          0        164   basic.o
        98          4          0          0          0        140   d2f.o
       804         16          0          0          0        368   daddsub_clz.o
        24          0          0          0          0        116   dcmpi.o
       688        140          0          0          0        256   ddiv.o
        90          4          0          0          0        140   dfixu.o
        38          0          0          0          0        116   dflt_clz.o
       120          4          0          0          0        140   dleqf.o
       340         12          0          0          0        152   dmul.o
       156          4          0          0          0        140   dnaninf.o
        12          0          0          0          0        116   dretinf.o
       108          0          0          0          0        128   drleqf.o
        86          4          0          0          0        132   f2d.o
       140          4          0          0          0        132   fnaninf.o
        10          0          0          0          0        116   fpinit.o
        10          0          0          0          0        116   fretinf.o
         4          0          0          0          0        116   printf1.o
         0          0          0          0          0          0   usenofp.o
        48          0          0          0          0        124   fpclassify.o

    ----------------------------------------------------------------------
      7544        398        176          0         96       5320   Library Totals
        14          0          0          0          0          0   (incl. Padding)

    ----------------------------------------------------------------------

      Code (inc. data)   RO Data    RW Data    ZI Data      Debug   Library Name

      4730        206        176          0         96       2608   c_w.l
      2752        192          0          0          0       2588   fz_wm.l
        48          0          0          0          0        124   m_wm.l

    ----------------------------------------------------------------------
      7544        398        176          0         96       5320   Library Totals

    ----------------------------------------------------------------------

==============================================================================


      Code (inc. data)   RO Data    RW Data    ZI Data      Debug   

     22274       1614       5258        104       1912     827517   Grand Totals
     22274       1614       5258        104       1912     827517   ELF Image Totals
     22274       1614       5258        104          0          0   ROM Totals

==============================================================================

    Total RO  Size (Code + RO Data)                27532 (  26.89kB)
    Total RW  Size (RW Data + ZI Data)              2016 (   1.97kB)
    Total ROM Size (Code + RO Data + RW Data)      27636 (  26.99kB)

==============================================================================

