Component: ARM Compiler 5.06 update 5 (build 528) Tool: armlink [4d35e2]

==============================================================================

Section Cross References

    startup_stm32g431xx.o(STACK) refers (Special) to heapauxi.o(.text) for __use_two_region_memory
    startup_stm32g431xx.o(HEAP) refers (Special) to heapauxi.o(.text) for __use_two_region_memory
    startup_stm32g431xx.o(RESET) refers (Special) to heapauxi.o(.text) for __use_two_region_memory
    startup_stm32g431xx.o(RESET) refers to startup_stm32g431xx.o(STACK) for __initial_sp
    startup_stm32g431xx.o(RESET) refers to startup_stm32g431xx.o(.text) for Reset_Handler
    startup_stm32g431xx.o(RESET) refers to stm32g4xx_it.o(i.NMI_Handler) for NMI_Handler
    startup_stm32g431xx.o(RESET) refers to stm32g4xx_it.o(i.HardFault_Handler) for HardFault_Handler
    startup_stm32g431xx.o(RESET) refers to stm32g4xx_it.o(i.MemManage_Handler) for MemManage_Handler
    startup_stm32g431xx.o(RESET) refers to stm32g4xx_it.o(i.BusFault_Handler) for BusFault_Handler
    startup_stm32g431xx.o(RESET) refers to stm32g4xx_it.o(i.UsageFault_Handler) for UsageFault_Handler
    startup_stm32g431xx.o(RESET) refers to stm32g4xx_it.o(i.SVC_Handler) for SVC_Handler
    startup_stm32g431xx.o(RESET) refers to stm32g4xx_it.o(i.DebugMon_Handler) for DebugMon_Handler
    startup_stm32g431xx.o(RESET) refers to stm32g4xx_it.o(i.PendSV_Handler) for PendSV_Handler
    startup_stm32g431xx.o(RESET) refers to stm32g4xx_it.o(i.SysTick_Handler) for SysTick_Handler
    startup_stm32g431xx.o(RESET) refers to stm32g4xx_it.o(i.USART1_IRQHandler) for USART1_IRQHandler
    startup_stm32g431xx.o(.text) refers (Special) to heapauxi.o(.text) for __use_two_region_memory
    startup_stm32g431xx.o(.text) refers to system_stm32g4xx.o(i.SystemInit) for SystemInit
    startup_stm32g431xx.o(.text) refers to __main.o(!!!main) for __main
    startup_stm32g431xx.o(.text) refers to startup_stm32g431xx.o(HEAP) for Heap_Mem
    startup_stm32g431xx.o(.text) refers to startup_stm32g431xx.o(STACK) for Stack_Mem
    main.o(i.Check_CMD) refers to _printf_percent.o(.ARM.Collect$$_printf_percent$$00000000) for _printf_percent
    main.o(i.Check_CMD) refers to _printf_f.o(.ARM.Collect$$_printf_percent$$00000003) for _printf_f
    main.o(i.Check_CMD) refers to printf1.o(x$fpl$printf1) for _printf_fp_dec
    main.o(i.Check_CMD) refers to _printf_d.o(.ARM.Collect$$_printf_percent$$00000009) for _printf_d
    main.o(i.Check_CMD) refers to _printf_dec.o(.text) for _printf_int_dec
    main.o(i.Check_CMD) refers to noretval__2sprintf.o(.text) for __2sprintf
    main.o(i.Check_CMD) refers to strlen.o(.text) for strlen
    main.o(i.Check_CMD) refers to stm32g4xx_hal_uart.o(i.HAL_UART_Transmit) for HAL_UART_Transmit
    main.o(i.Check_CMD) refers to rt_memclr.o(.text) for __aeabi_memclr
    main.o(i.Check_CMD) refers to main.o(.data) for .data
    main.o(i.Check_CMD) refers to main.o(.bss) for .bss
    main.o(i.Check_CMD) refers to bsp_uart.o(.bss) for huart1
    main.o(i.HAL_UART_RxCpltCallback) refers to stm32g4xx_hal_uart.o(i.HAL_UART_Receive_IT) for HAL_UART_Receive_IT
    main.o(i.HAL_UART_RxCpltCallback) refers to main.o(.data) for .data
    main.o(i.HAL_UART_RxCpltCallback) refers to main.o(.bss) for .bss
    main.o(i.HAL_UART_RxCpltCallback) refers to bsp_uart.o(.bss) for huart1
    main.o(i.Key_Proc) refers to bsp_key_led.o(i.Key_Scan) for Key_Scan
    main.o(i.Key_Proc) refers to bsp_lcd.o(i.LCD_Clear) for LCD_Clear
    main.o(i.Key_Proc) refers to stm32g4xx_hal.o(.data) for uwTick
    main.o(i.Key_Proc) refers to main.o(.data) for .data
    main.o(i.Lcd_Proc) refers to _printf_percent.o(.ARM.Collect$$_printf_percent$$00000000) for _printf_percent
    main.o(i.Lcd_Proc) refers to _printf_f.o(.ARM.Collect$$_printf_percent$$00000003) for _printf_f
    main.o(i.Lcd_Proc) refers to printf1.o(x$fpl$printf1) for _printf_fp_dec
    main.o(i.Lcd_Proc) refers to _printf_d.o(.ARM.Collect$$_printf_percent$$00000009) for _printf_d
    main.o(i.Lcd_Proc) refers to _printf_dec.o(.text) for _printf_int_dec
    main.o(i.Lcd_Proc) refers to bsp_adc.o(i.R37_Get_ADC2) for R37_Get_ADC2
    main.o(i.Lcd_Proc) refers to dflt_clz.o(x$fpl$dfltu) for __aeabi_ui2d
    main.o(i.Lcd_Proc) refers to dmul.o(x$fpl$dmul) for __aeabi_dmul
    main.o(i.Lcd_Proc) refers to dleqf.o(x$fpl$dleqf) for __aeabi_cdcmple
    main.o(i.Lcd_Proc) refers to ddiv.o(x$fpl$ddiv) for __aeabi_ddiv
    main.o(i.Lcd_Proc) refers to daddsub_clz.o(x$fpl$dsub) for __aeabi_dsub
    main.o(i.Lcd_Proc) refers to drleqf.o(x$fpl$drleqf) for __aeabi_cdrcmple
    main.o(i.Lcd_Proc) refers to dfixu.o(x$fpl$dfixu) for __aeabi_d2uiz
    main.o(i.Lcd_Proc) refers to noretval__2sprintf.o(.text) for __2sprintf
    main.o(i.Lcd_Proc) refers to bsp_lcd.o(i.LCD_DisplayStringLine) for LCD_DisplayStringLine
    main.o(i.Lcd_Proc) refers to stm32g4xx_hal.o(.data) for uwTick
    main.o(i.Lcd_Proc) refers to main.o(.data) for .data
[...]
    i.HAL_UART_RxCpltCallback                0x080037c4   Section        0  main.o(i.HAL_UART_RxCpltCallback)
    i.HAL_UART_Transmit                      0x080037e8   Section        0  stm32g4xx_hal_uart.o(i.HAL_UART_Transmit)
    i.HAL_UART_TxCpltCallback                0x0800389e   Section        0  stm32g4xx_hal_uart.o(i.HAL_UART_TxCpltCallback)
    i.HardFault_Handler                      0x080038a0   Section        0  stm32g4xx_it.o(i.HardFault_Handler)
    i.Key_Led_GPIO_Init                      0x080038a4   Section        0  bsp_key_led.o(i.Key_Led_GPIO_Init)
    i.Key_Proc                               0x08003978   Section        0  main.o(i.Key_Proc)
    Key_Proc                                 0x08003979   Thumb Code   230  main.o(i.Key_Proc)
    i.Key_Scan                               0x08003a68   Section        0  bsp_key_led.o(i.Key_Scan)
    i.LCD_BusIn                              0x08003ab0   Section        0  bsp_lcd.o(i.LCD_BusIn)
    i.LCD_BusOut                             0x08003adc   Section        0  bsp_lcd.o(i.LCD_BusOut)
    i.LCD_Clear                              0x08003b0c   Section        0  bsp_lcd.o(i.LCD_Clear)
    i.LCD_CtrlLinesConfig                    0x08003b30   Section        0  bsp_lcd.o(i.LCD_CtrlLinesConfig)
    i.LCD_DisplayChar                        0x08003bc0   Section        0  bsp_lcd.o(i.LCD_DisplayChar)
    i.LCD_DisplayStringLine                  0x08003bd8   Section        0  bsp_lcd.o(i.LCD_DisplayStringLine)
    i.LCD_DrawChar                           0x08003c04   Section        0  bsp_lcd.o(i.LCD_DrawChar)
    i.LCD_Init                               0x08003c5c   Section        0  bsp_lcd.o(i.LCD_Init)
    i.LCD_ReadReg                            0x08003c90   Section        0  bsp_lcd.o(i.LCD_ReadReg)
    i.LCD_SetBackColor                       0x08003d10   Section        0  bsp_lcd.o(i.LCD_SetBackColor)
    i.LCD_SetCursor                          0x08003d20   Section        0  bsp_lcd.o(i.LCD_SetCursor)
    i.LCD_SetTextColor                       0x08003d38   Section        0  bsp_lcd.o(i.LCD_SetTextColor)
    i.LCD_WriteRAM                           0x08003d48   Section        0  bsp_lcd.o(i.LCD_WriteRAM)
    i.LCD_WriteRAM_Prepare                   0x08003da0   Section        0  bsp_lcd.o(i.LCD_WriteRAM_Prepare)
    i.LCD_WriteReg                           0x08003dfc   Section        0  bsp_lcd.o(i.LCD_WriteReg)
    i.LL_ADC_GetOffsetChannel                0x08003e68   Section        0  stm32g4xx_hal_adc.o(i.LL_ADC_GetOffsetChannel)
    LL_ADC_GetOffsetChannel                  0x08003e69   Thumb Code    12  stm32g4xx_hal_adc.o(i.LL_ADC_GetOffsetChannel)
    i.LL_ADC_INJ_IsConversionOngoing         0x08003e74   Section        0  stm32g4xx_hal_adc.o(i.LL_ADC_INJ_IsConversionOngoing)
    LL_ADC_INJ_IsConversionOngoing           0x08003e75   Thumb Code     8  stm32g4xx_hal_adc.o(i.LL_ADC_INJ_IsConversionOngoing)
    i.LL_ADC_REG_IsConversionOngoing         0x08003e7c   Section        0  stm32g4xx_hal_adc.o(i.LL_ADC_REG_IsConversionOngoing)
    LL_ADC_REG_IsConversionOngoing           0x08003e7d   Thumb Code     8  stm32g4xx_hal_adc.o(i.LL_ADC_REG_IsConversionOngoing)
    i.LL_ADC_SetChannelSamplingTime          0x08003e84   Section        0  stm32g4xx_hal_adc.o(i.LL_ADC_SetChannelSamplingTime)
    LL_ADC_SetChannelSamplingTime            0x08003e85   Thumb Code    30  stm32g4xx_hal_adc.o(i.LL_ADC_SetChannelSamplingTime)
    i.LL_ADC_SetOffsetState                  0x08003ea2   Section        0  stm32g4xx_hal_adc.o(i.LL_ADC_SetOffsetState)
    LL_ADC_SetOffsetState                    0x08003ea3   Thumb Code    16  stm32g4xx_hal_adc.o(i.LL_ADC_SetOffsetState)
    i.Lcd_Proc                               0x08003eb4   Section        0  main.o(i.Lcd_Proc)
    Lcd_Proc                                 0x08003eb5   Thumb Code   416  main.o(i.Lcd_Proc)
    i.Led_Disp                               0x08004120   Section        0  bsp_key_led.o(i.Led_Disp)
    i.Led_Proc                               0x08004174   Section        0  main.o(i.Led_Proc)
    Led_Proc                                 0x08004175   Thumb Code   242  main.o(i.Led_Proc)
    i.MemManage_Handler                      0x08004270   Section        0  stm32g4xx_it.o(i.MemManage_Handler)
    i.NMI_Handler                            0x08004272   Section        0  stm32g4xx_it.o(i.NMI_Handler)
    i.PA7_TIM3_Init                          0x08004274   Section        0  bsp_tim.o(i.PA7_TIM3_Init)
    i.PendSV_Handler                         0x08004314   Section        0  stm32g4xx_it.o(i.PendSV_Handler)
    i.R37_ADC2_Init                          0x08004318   Section        0  bsp_adc.o(i.R37_ADC2_Init)
    i.R37_Get_ADC2                           0x08004394   Section        0  bsp_adc.o(i.R37_Get_ADC2)
    i.REG_8230_Init                          0x080043ac   Section        0  bsp_lcd.o(i.REG_8230_Init)
    i.REG_932X_Init                          0x080044be   Section        0  bsp_lcd.o(i.REG_932X_Init)
    i.SVC_Handler                            0x080046c0   Section        0  stm32g4xx_it.o(i.SVC_Handler)
    i.SysTick_Handler                        0x080046c2   Section        0  stm32g4xx_it.o(i.SysTick_Handler)
    i.SystemClock_Config                     0x080046c6   Section        0  bsp_rcc.o(i.SystemClock_Config)
    i.SystemInit                             0x0800472c   Section        0  system_stm32g4xx.o(i.SystemInit)
    i.TIM_Base_SetConfig                     0x0800473c   Section        0  stm32g4xx_hal_tim.o(i.TIM_Base_SetConfig)
    i.TIM_CCxChannelCmd                      0x080047f4   Section        0  stm32g4xx_hal_tim.o(i.TIM_CCxChannelCmd)
    i.TIM_ETR_SetConfig                      0x0800480e   Section        0  stm32g4xx_hal_tim.o(i.TIM_ETR_SetConfig)
    i.TIM_ITRx_SetConfig                     0x08004824   Section        0  stm32g4xx_hal_tim.o(i.TIM_ITRx_SetConfig)
    TIM_ITRx_SetConfig                       0x08004825   Thumb Code    16  stm32g4xx_hal_tim.o(i.TIM_ITRx_SetConfig)
    i.TIM_OC1_SetConfig                      0x08004838   Section        0  stm32g4xx_hal_tim.o(i.TIM_OC1_SetConfig)
    TIM_OC1_SetConfig                        0x08004839   Thumb Code   140  stm32g4xx_hal_tim.o(i.TIM_OC1_SetConfig)
    i.TIM_OC2_SetConfig                      0x080048dc   Section        0  stm32g4xx_hal_tim.o(i.TIM_OC2_SetConfig)
    i.TIM_OC3_SetConfig                      0x08004970   Section        0  stm32g4xx_hal_tim.o(i.TIM_OC3_SetConfig)
    TIM_OC3_SetConfig                        0x08004971   Thumb Code   122  stm32g4xx_hal_tim.o(i.TIM_OC3_SetConfig)
    i.TIM_OC4_SetConfig                      0x08004a04   Section        0  stm32g4xx_hal_tim.o(i.TIM_OC4_SetConfig)
    TIM_OC4_SetConfig                        0x08004a05   Thumb Code   124  stm32g4xx_hal_tim.o(i.TIM_OC4_SetConfig)
    i.TIM_OC5_SetConfig                      0x08004a98   Section        0  stm32g4xx_hal_tim.o(i.TIM_OC5_SetConfig)
    TIM_OC5_SetConfig                        0x08004a99   Thumb Code    86  stm32g4xx_hal_tim.o(i.TIM_OC5_SetConfig)
    i.TIM_OC6_SetConfig                      0x08004b08   Section        0  stm32g4xx_hal_tim.o(i.TIM_OC6_SetConfig)
    TIM_OC6_SetConfig                        0x08004b09   Thumb Code    88  stm32g4xx_hal_tim.o(i.TIM_OC6_SetConfig)
    i.TIM_TI1_ConfigInputStage               0x08004b78   Section        0  stm32g4xx_hal_tim.o(i.TIM_TI1_ConfigInputStage)
    TIM_TI1_ConfigInputStage                 0x08004b79   Thumb Code    72  stm32g4xx_hal_tim.o(i.TIM_TI1_ConfigInputStage)
    i.TIM_TI2_ConfigInputStage               0x08004bd4   Section        0  stm32g4xx_hal_tim.o(i.TIM_TI2_ConfigInputStage)
    TIM_TI2_ConfigInputStage                 0x08004bd5   Thumb Code    56  stm32g4xx_hal_tim.o(i.TIM_TI2_ConfigInputStage)
    i.TX_RX_USART1_UART_Init                 0x08004c14   Section        0  bsp_uart.o(i.TX_RX_USART1_UART_Init)
    i.UARTEx_SetNbDataToProcess              0x08004c7c   Section        0  stm32g4xx_hal_uart_ex.o(i.UARTEx_SetNbDataToProcess)
    UARTEx_SetNbDataToProcess                0x08004c7d   Thumb Code    62  stm32g4xx_hal_uart_ex.o(i.UARTEx_SetNbDataToProcess)
    i.UART_AdvFeatureConfig                  0x08004cc0   Section        0  stm32g4xx_hal_uart.o(i.UART_AdvFeatureConfig)
    i.UART_CheckIdleState                    0x08004d88   Section        0  stm32g4xx_hal_uart.o(i.UART_CheckIdleState)
    i.UART_DMAAbortOnError                   0x08004e34   Section        0  stm32g4xx_hal_uart.o(i.UART_DMAAbortOnError)
    UART_DMAAbortOnError                     0x08004e35   Thumb Code    10  stm32g4xx_hal_uart.o(i.UART_DMAAbortOnError)
    i.UART_EndRxTransfer                     0x08004e40   Section        0  stm32g4xx_hal_uart.o(i.UART_EndRxTransfer)
    UART_EndRxTransfer                       0x08004e41   Thumb Code    78  stm32g4xx_hal_uart.o(i.UART_EndRxTransfer)
    i.UART_RxISR_16BIT                       0x08004e94   Section        0  stm32g4xx_hal_uart.o(i.UART_RxISR_16BIT)
    UART_RxISR_16BIT                         0x08004e95   Thumb Code   196  stm32g4xx_hal_uart.o(i.UART_RxISR_16BIT)
    i.UART_RxISR_16BIT_FIFOEN                0x08004f5c   Section        0  stm32g4xx_hal_uart.o(i.UART_RxISR_16BIT_FIFOEN)
    UART_RxISR_16BIT_FIFOEN                  0x08004f5d   Thumb Code   402  stm32g4xx_hal_uart.o(i.UART_RxISR_16BIT_FIFOEN)
    i.UART_RxISR_8BIT                        0x080050fc   Section        0  stm32g4xx_hal_uart.o(i.UART_RxISR_8BIT)
    UART_RxISR_8BIT                          0x080050fd   Thumb Code   196  stm32g4xx_hal_uart.o(i.UART_RxISR_8BIT)
    i.UART_RxISR_8BIT_FIFOEN                 0x080051c4   Section        0  stm32g4xx_hal_uart.o(i.UART_RxISR_8BIT_FIFOEN)
    UART_RxISR_8BIT_FIFOEN                   0x080051c5   Thumb Code   402  stm32g4xx_hal_uart.o(i.UART_RxISR_8BIT_FIFOEN)
    i.UART_SetConfig                         0x08005364   Section        0  stm32g4xx_hal_uart.o(i.UART_SetConfig)
    i.UART_Start_Receive_IT                  0x080055d8   Section        0  stm32g4xx_hal_uart.o(i.UART_Start_Receive_IT)
    i.UART_WaitOnFlagUntilTimeout            0x080056e8   Section        0  stm32g4xx_hal_uart.o(i.UART_WaitOnFlagUntilTimeout)
    i.USART1_IRQHandler                      0x0800577c   Section        0  stm32g4xx_it.o(i.USART1_IRQHandler)
    i.UsageFault_Handler                     0x08005788   Section        0  stm32g4xx_it.o(i.UsageFault_Handler)
    i.__ARM_fpclassify                       0x0800578a   Section        0  fpclassify.o(i.__ARM_fpclassify)
    i.__NVIC_SetPriority                     0x080057ba   Section        0  stm32g4xx_hal_cortex.o(i.__NVIC_SetPriority)
    __NVIC_SetPriority                       0x080057bb   Thumb Code    32  stm32g4xx_hal_cortex.o(i.__NVIC_SetPriority)
    i._is_digit                              0x080057da   Section        0  __printf_wp.o(i._is_digit)
    i.main                                   0x080057e8   Section        0  main.o(i.main)
    locale$$code                             0x08005860   Section       44  lc_numeric_c.o(locale$$code)
    x$fpl$dadd                               0x0800588c   Section      336  daddsub_clz.o(x$fpl$dadd)
    $v0                                      0x0800588c   Number         0  daddsub_clz.o(x$fpl$dadd)
    _dadd1                                   0x0800589d   Thumb Code     0  daddsub_clz.o(x$fpl$dadd)
    x$fpl$dcmpinf                            0x080059dc   Section       24  dcmpi.o(x$fpl$dcmpinf)
    $v0                                      0x080059dc   Number         0  dcmpi.o(x$fpl$dcmpinf)
    x$fpl$ddiv                               0x080059f4   Section      688  ddiv.o(x$fpl$ddiv)
    $v0                                      0x080059f4   Number         0  ddiv.o(x$fpl$ddiv)
    ddiv_entry                               0x080059fb   Thumb Code     0  ddiv.o(x$fpl$ddiv)
    x$fpl$dfixu                              0x08005ca4   Section       90  dfixu.o(x$fpl$dfixu)
    $v0                                      0x08005ca4   Number         0  dfixu.o(x$fpl$dfixu)
    x$fpl$dfltu                              0x08005cfe   Section       38  dflt_clz.o(x$fpl$dfltu)
    $v0                                      0x08005cfe   Number         0  dflt_clz.o(x$fpl$dfltu)
    x$fpl$dleqf                              0x08005d24   Section      120  dleqf.o(x$fpl$dleqf)
    $v0                                      0x08005d24   Number         0  dleqf.o(x$fpl$dleqf)
    x$fpl$dmul                               0x08005d9c   Section      340  dmul.o(x$fpl$dmul)
    $v0                                      0x08005d9c   Number         0  dmul.o(x$fpl$dmul)
    x$fpl$dnaninf                            0x08005ef0   Section      156  dnaninf.o(x$fpl$dnaninf)
    $v0                                      0x08005ef0   Number         0  dnaninf.o(x$fpl$dnaninf)
    x$fpl$dretinf                            0x08005f8c   Section       12  dretinf.o(x$fpl$dretinf)
    $v0                                      0x08005f8c   Number         0  dretinf.o(x$fpl$dretinf)
    x$fpl$drleqf                             0x08005f98   Section      108  drleqf.o(x$fpl$drleqf)
    $v0                                      0x08005f98   Number         0  drleqf.o(x$fpl$drleqf)
    x$fpl$dsub                               0x08006004   Section      468  daddsub_clz.o(x$fpl$dsub)
    $v0                                      0x08006004   Number         0  daddsub_clz.o(x$fpl$dsub)
    _dsub1                                   0x08006015   Thumb Code     0  daddsub_clz.o(x$fpl$dsub)
    x$fpl$fpinit                             0x080061d8   Section       10  fpinit.o(x$fpl$fpinit)
    $v0                                      0x080061d8   Number         0  fpinit.o(x$fpl$fpinit)
    x$fpl$printf1                            0x080061e2   Section        4  printf1.o(x$fpl$printf1)
    $v0                                      0x080061e2   Number         0  printf1.o(x$fpl$printf1)
    .constdata                               0x080061e6   Section     4560  bsp_lcd.o(.constdata)
    x$fpl$usenofp                            0x080061e6   Section        0  usenofp.o(x$fpl$usenofp)
    .constdata                               0x080073b6   Section       24  stm32g4xx_hal_uart.o(.constdata)
    .constdata                               0x080073ce   Section       16  stm32g4xx_hal_uart_ex.o(.constdata)
    numerator                                0x080073ce   Data           8  stm32g4xx_hal_uart_ex.o(.constdata)
    denominator                              0x080073d6   Data           8  stm32g4xx_hal_uart_ex.o(.constdata)
    .constdata                               0x080073de   Section       16  system_stm32g4xx.o(.constdata)
    .constdata                               0x080073ee   Section        8  system_stm32g4xx.o(.constdata)
    .constdata                               0x080073f8   Section      148  bigflt0.o(.constdata)
    tenpwrs_x                                0x080073f8   Data          60  bigflt0.o(.constdata)
    tenpwrs_i                                0x08007434   Data          64  bigflt0.o(.constdata)
    locale$$data                             0x080074ac   Section       28  lc_numeric_c.o(locale$$data)
    __lcnum_c_name                           0x080074b0   Data           2  lc_numeric_c.o(locale$$data)
    __lcnum_c_start                          0x080074b8   Data           0  lc_numeric_c.o(locale$$data)
    __lcnum_c_point                          0x080074c4   Data           0  lc_numeric_c.o(locale$$data)
    __lcnum_c_thousands                      0x080074c6   Data           0  lc_numeric_c.o(locale$$data)
    __lcnum_c_grouping                       0x080074c7   Data           0  lc_numeric_c.o(locale$$data)
    __lcnum_c_end                            0x080074c8   Data           0  lc_numeric_c.o(locale$$data)
    .data                                    0x20000000   Section       56  main.o(.data)
    uwTick_Led_Set_Point                     0x20000014   Data           4  main.o(.data)
    uwTick_Key_Set_Point                     0x20000018   Data           4  main.o(.data)
    uwTick_Lcd_Set_Point                     0x2000001c   Data           4  main.o(.data)
    uwTick_Uart_Set_Point                    0x20000020   Data           4  main.o(.data)
    .data                                    0x20000038   Section        6  bsp_lcd.o(.data)
    TextColor                                0x20000038   Data           2  bsp_lcd.o(.data)
    BackColor                                0x2000003a   Data           2  bsp_lcd.o(.data)
    .data                                    0x20000040   Section       12  stm32g4xx_hal.o(.data)
    .data                                    0x2000004c   Section        4  system_stm32g4xx.o(.data)
    .bss                                     0x20000050   Section       40  main.o(.bss)
    .bss                                     0x20000078   Section      108  bsp_adc.o(.bss)
    .bss                                     0x200000e4   Section       76  bsp_tim.o(.bss)
    .bss                                     0x20000130   Section      148  bsp_uart.o(.bss)
    .bss                                     0x200001c4   Section       96  libspace.o(.bss)
    HEAP                                     0x20000228   Section      512  startup_stm32g431xx.o(HEAP)
    Heap_Mem                                 0x20000228   Data         512  startup_stm32g431xx.o(HEAP)
    STACK                                    0x20000428   Section     1024  startup_stm32g431xx.o(STACK)
    Stack_Mem                                0x20000428   Data        1024  startup_stm32g431xx.o(STACK)
    __initial_sp                             0x20000828   Data           0  startup_stm32g431xx.o(STACK)

    Global Symbols

    Symbol Name                              Value     Ov Type        Size  Object(Section)

    BuildAttributes$$THM_ISAv4$E$P$D$K$B$S$7EM$VFPi3$EXTD16$VFPS$VFMA$PE$A:L22UL41UL21$X:L11$S22US41US21$IEEE1$IW$USESV6$~STKCKD$USESV7$~SHL$OTIME$ROPI$IEEEJ$EBA8$UX$STANDARDLIB$REQ8$PRES8$EABIv2 0x00000000   Number         0  anon$$obj.o ABSOLUTE
    __ARM_use_no_argv                        0x00000000   Number         0  main.o ABSOLUTE
    _printf_flags                            0x00000000   Number         0  printf_stubs.o ABSOLUTE
    _printf_return_value                     0x00000000   Number         0  printf_stubs.o ABSOLUTE
    _printf_sizespec                         0x00000000   Number         0  printf_stubs.o ABSOLUTE
    _printf_widthprec                        0x00000000   Number         0  printf_stubs.o ABSOLUTE
    __ARM_exceptions_init                     - Undefined Weak Reference
    __alloca_initialize                       - Undefined Weak Reference
    __arm_preinit_                            - Undefined Weak Reference
    __cpp_initialize__aeabi_                  - Undefined Weak Reference
    __cxa_finalize                            - Undefined Weak Reference
    __sigvec_lookup                           - Undefined Weak Reference
    _atexit_init                              - Undefined Weak Reference
    _call_atexit_fns                          - Undefined Weak Reference
    _clock_init                               - Undefined Weak Reference
    _fp_trap_init                             - Undefined Weak Reference
    _fp_trap_shutdown                         - Undefined Weak Reference
    _get_lc_collate                           - Undefined Weak Reference
    _get_lc_ctype                             - Undefined Weak Reference
    _get_lc_monetary                          - Undefined Weak Reference
    _get_lc_time                              - Undefined Weak Reference
    _getenv_init                              - Undefined Weak Reference
    _handle_redirection                       - Undefined Weak Reference
    _init_alloc                               - Undefined Weak Reference
    _init_user_alloc                          - Undefined Weak Reference
    _initio                                   - Undefined Weak Reference
    _printf_post_padding                      - Undefined Weak Reference
    _printf_pre_padding                       - Undefined Weak Reference
    _printf_truncate_signed                   - Undefined Weak Reference
    _printf_truncate_unsigned                 - Undefined Weak Reference
    _rand_init                                - Undefined Weak Reference
    _signal_finish                            - Undefined Weak Reference
    _signal_init                              - Undefined Weak Reference
    _terminate_alloc                          - Undefined Weak Reference
    _terminate_user_alloc                     - Undefined Weak Reference
    _terminateio                              - Undefined Weak Reference
    __Vectors_Size                           0x000001d8   Number         0  startup_stm32g431xx.o ABSOLUTE
    __Vectors                                0x08000000   Data           4  startup_stm32g431xx.o(RESET)
    __Vectors_End                            0x080001d8   Data           0  startup_stm32g431xx.o(RESET)
    __main                                   0x080001d9   Thumb Code     8  __main.o(!!!main)
    __scatterload                            0x080001e1   Thumb Code     0  __scatter.o(!!!scatter)
    __scatterload_rt2                        0x080001e1   Thumb Code    44  __scatter.o(!!!scatter)
    __scatterload_rt2_thumb_only             0x080001e1   Thumb Code     0  __scatter.o(!!!scatter)
    __scatterload_null                       0x080001ef   Thumb Code     0  __scatter.o(!!!scatter)
    __scatterload_copy                       0x08000215   Thumb Code    26  __scatter_copy.o(!!handler_copy)
    __scatterload_zeroinit                   0x08000231   Thumb Code    28  __scatter_zi.o(!!handler_zi)
    _printf_f                                0x0800024d   Thumb Code     0  _printf_f.o(.ARM.Collect$$_printf_percent$$00000003)
    _printf_percent                          0x0800024d   Thumb Code     0  _printf_percent.o(.ARM.Collect$$_printf_percent$$00000000)
    _printf_d                                0x08000253   Thumb Code     0  _printf_d.o(.ARM.Collect$$_printf_percent$$00000009)
    _printf_percent_end                      0x08000259   Thumb Code     0  _printf_percent_end.o(.ARM.Collect$$_printf_percent$$00000017)
    __rt_lib_init                            0x0800025d   Thumb Code     0  libinit.o(.ARM.Collect$$libinit$$00000000)
    __rt_lib_init_fp_1                       0x0800025f   Thumb Code     0  libinit2.o(.ARM.Collect$$libinit$$00000001)
    __rt_lib_init_heap_1                     0x08000263   Thumb Code     0  libinit2.o(.ARM.Collect$$libinit$$0000000A)
    __rt_lib_init_lc_common                  0x08000263   Thumb Code     0  libinit2.o(.ARM.Collect$$libinit$$0000000F)
    __rt_lib_init_preinit_1                  0x08000263   Thumb Code     0  libinit2.o(.ARM.Collect$$libinit$$00000004)
    __rt_lib_init_rand_1                     0x08000263   Thumb Code     0  libinit2.o(.ARM.Collect$$libinit$$0000000E)
    __rt_lib_init_user_alloc_1               0x08000263   Thumb Code     0  libinit2.o(.ARM.Collect$$libinit$$0000000C)
    __rt_lib_init_lc_collate_1               0x08000269   Thumb Code     0  libinit2.o(.ARM.Collect$$libinit$$00000011)
    __rt_lib_init_lc_ctype_1                 0x08000269   Thumb Code     0  libinit2.o(.ARM.Collect$$libinit$$00000013)
    __rt_lib_init_lc_monetary_1              0x08000269   Thumb Code     0  libinit2.o(.ARM.Collect$$libinit$$00000015)
    __rt_lib_init_lc_numeric_2               0x08000269   Thumb Code     0  libinit2.o(.ARM.Collect$$libinit$$00000016)
    __rt_lib_init_alloca_1                   0x08000273   Thumb Code     0  libinit2.o(.ARM.Collect$$libinit$$0000002E)
    __rt_lib_init_argv_1                     0x08000273   Thumb Code     0  libinit2.o(.ARM.Collect$$libinit$$0000002C)
    __rt_lib_init_atexit_1                   0x08000273   Thumb Code     0  libinit2.o(.ARM.Collect$$libinit$$0000001B)
    __rt_lib_init_clock_1                    0x08000273   Thumb Code     0  libinit2.o(.ARM.Collect$$libinit$$00000021)
    __rt_lib_init_cpp_1                      0x08000273   Thumb Code     0  libinit2.o(.ARM.Collect$$libinit$$00000032)
    __rt_lib_init_exceptions_1               0x08000273   Thumb Code     0  libinit2.o(.ARM.Collect$$libinit$$00000030)
    __rt_lib_init_fp_trap_1                  0x08000273   Thumb Code     0  libinit2.o(.ARM.Collect$$libinit$$0000001F)
    __rt_lib_init_getenv_1                   0x08000273   Thumb Code     0  libinit2.o(.ARM.Collect$$libinit$$00000023)
    __rt_lib_init_lc_numeric_1               0x08000273   Thumb Code     0  libinit2.o(.ARM.Collect$$libinit$$00000017)
    __rt_lib_init_lc_time_1                  0x08000273   Thumb Code     0  libinit2.o(.ARM.Collect$$libinit$$00000019)
    __rt_lib_init_return                     0x08000273   Thumb Code     0  libinit2.o(.ARM.Collect$$libinit$$00000033)
    __rt_lib_init_signal_1                   0x08000273   Thumb Code     0  libinit2.o(.ARM.Collect$$libinit$$0000001D)
    __rt_lib_init_stdio_1                    0x08000273   Thumb Code     0  libinit2.o(.ARM.Collect$$libinit$$00000025)
    __rt_lib_shutdown                        0x08000275   Thumb Code     0  libshutdown.o(.ARM.Collect$$libshutdown$$00000000)
    __rt_lib_shutdown_cpp_1                  0x08000277   Thumb Code     0  libshutdown2.o(.ARM.Collect$$libshutdown$$00000002)
    __rt_lib_shutdown_fp_trap_1              0x08000277   Thumb Code     0  libshutdown2.o(.ARM.Collect$$libshutdown$$00000007)
    __rt_lib_shutdown_heap_1                 0x08000277   Thumb Code     0  libshutdown2.o(.ARM.Collect$$libshutdown$$0000000F)
    __rt_lib_shutdown_return                 0x08000277   Thumb Code     0  libshutdown2.o(.ARM.Collect$$libshutdown$$00000010)
    __rt_lib_shutdown_signal_1               0x08000277   Thumb Code     0  libshutdown2.o(.ARM.Collect$$libshutdown$$0000000A)
    __rt_lib_shutdown_stdio_1                0x08000277   Thumb Code     0  libshutdown2.o(.ARM.Collect$$libshutdown$$00000004)
    __rt_lib_shutdown_user_alloc_1           0x08000277   Thumb Code     0  libshutdown2.o(.ARM.Collect$$libshutdown$$0000000C)
    __rt_entry                               0x08000279   Thumb Code     0  __rtentry.o(.ARM.Collect$$rtentry$$00000000)
    __rt_entry_presh_1                       0x08000279   Thumb Code     0  __rtentry2.o(.ARM.Collect$$rtentry$$00000002)
    __rt_entry_sh                            0x08000279   Thumb Code     0  __rtentry4.o(.ARM.Collect$$rtentry$$00000004)
    __rt_entry_li                            0x0800027f   Thumb Code     0  __rtentry2.o(.ARM.Collect$$rtentry$$0000000A)
    __rt_entry_postsh_1                      0x0800027f   Thumb Code     0  __rtentry2.o(.ARM.Collect$$rtentry$$00000009)
    __rt_entry_main                          0x08000283   Thumb Code     0  __rtentry2.o(.ARM.Collect$$rtentry$$0000000D)
    __rt_entry_postli_1                      0x08000283   Thumb Code     0  __rtentry2.o(.ARM.Collect$$rtentry$$0000000C)
    __rt_exit                                0x0800028b   Thumb Code     0  rtexit.o(.ARM.Collect$$rtexit$$00000000)
    __rt_exit_ls                             0x0800028d   Thumb Code     0  rtexit2.o(.ARM.Collect$$rtexit$$00000003)
    __rt_exit_prels_1                        0x0800028d   Thumb Code     0  rtexit2.o(.ARM.Collect$$rtexit$$00000002)
    __rt_exit_exit                           0x08000291   Thumb Code     0  rtexit2.o(.ARM.Collect$$rtexit$$00000004)
    Reset_Handler                            0x08000299   Thumb Code     8  startup_stm32g431xx.o(.text)
    ADC1_2_IRQHandler                        0x080002b3   Thumb Code     0  startup_stm32g431xx.o(.text)
    COMP1_2_3_IRQHandler                     0x080002b3   Thumb Code     0  startup_stm32g431xx.o(.text)
    COMP4_IRQHandler                         0x080002b3   Thumb Code     0  startup_stm32g431xx.o(.text)
    CORDIC_IRQHandler                        0x080002b3   Thumb Code     0  startup_stm32g431xx.o(.text)
    CRS_IRQHandler                           0x080002b3   Thumb Code     0  startup_stm32g431xx.o(.text)
    DMA1_Channel1_IRQHandler                 0x080002b3   Thumb Code     0  startup_stm32g431xx.o(.text)
    DMA1_Channel2_IRQHandler                 0x080002b3   Thumb Code     0  startup_stm32g431xx.o(.text)
    DMA1_Channel3_IRQHandler                 0x080002b3   Thumb Code     0  startup_stm32g431xx.o(.text)
    DMA1_Channel4_IRQHandler                 0x080002b3   Thumb Code     0  startup_stm32g431xx.o(.text)
    DMA1_Channel5_IRQHandler                 0x080002b3   Thumb Code     0  startup_stm32g431xx.o(.text)
    DMA1_Channel6_IRQHandler                 0x080002b3   Thumb Code     0  startup_stm32g431xx.o(.text)
    DMA2_Channel1_IRQHandler                 0x080002b3   Thumb Code     0  startup_stm32g431xx.o(.text)
    DMA2_Channel2_IRQHandler                 0x080002b3   Thumb Code     0  startup_stm32g431xx.o(.text)
    DMA2_Channel3_IRQHandler                 0x080002b3   Thumb Code     0  startup_stm32g431xx.o(.text)
    DMA2_Channel4_IRQHandler                 0x080002b3   Thumb Code     0  startup_stm32g431xx.o(.text)
    DMA2_Channel5_IRQHandler                 0x080002b3   Thumb Code     0  startup_stm32g431xx.o(.text)
    DMA2_Channel6_IRQHandler                 0x080002b3   Thumb Code     0  startup_stm32g431xx.o(.text)
    DMAMUX_OVR_IRQHandler                    0x080002b3   Thumb Code     0  startup_stm32g431xx.o(.text)
    EXTI0_IRQHandler                         0x080002b3   Thumb Code     0  startup_stm32g431xx.o(.text)
    EXTI15_10_IRQHandler                     0x080002b3   Thumb Code     0  startup_stm32g431xx.o(.text)
    EXTI1_IRQHandler                         0x080002b3   Thumb Code     0  startup_stm32g431xx.o(.text)
    EXTI2_IRQHandler                         0x080002b3   Thumb Code     0  startup_stm32g431xx.o(.text)
    EXTI3_IRQHandler                         0x080002b3   Thumb Code     0  startup_stm32g431xx.o(.text)
    EXTI4_IRQHandler                         0x080002b3   Thumb Code     0  startup_stm32g431xx.o(.text)
    EXTI9_5_IRQHandler                       0x080002b3   Thumb Code     0  startup_stm32g431xx.o(.text)
    FDCAN1_IT0_IRQHandler                    0x080002b3   Thumb Code     0  startup_stm32g431xx.o(.text)
    FDCAN1_IT1_IRQHandler                    0x080002b3   Thumb Code     0  startup_stm32g431xx.o(.text)
    FLASH_IRQHandler                         0x080002b3   Thumb Code     0  startup_stm32g431xx.o(.text)
    FMAC_IRQHandler                          0x080002b3   Thumb Code     0  startup_stm32g431xx.o(.text)
    FPU_IRQHandler                           0x080002b3   Thumb Code     0  startup_stm32g431xx.o(.text)
    I2C1_ER_IRQHandler                       0x080002b3   Thumb Code     0  startup_stm32g431xx.o(.text)
    I2C1_EV_IRQHandler                       0x080002b3   Thumb Code     0  startup_stm32g431xx.o(.text)
    I2C2_ER_IRQHandler                       0x080002b3   Thumb Code     0  startup_stm32g431xx.o(.text)
    I2C2_EV_IRQHandler                       0x080002b3   Thumb Code     0  startup_stm32g431xx.o(.text)
    I2C3_ER_IRQHandler                       0x080002b3   Thumb Code     0  startup_stm32g431xx.o(.text)
    I2C3_EV_IRQHandler                       0x080002b3   Thumb Code     0  startup_stm32g431xx.o(.text)
    LPTIM1_IRQHandler                        0x080002b3   Thumb Code     0  startup_stm32g431xx.o(.text)
    LPUART1_IRQHandler                       0x080002b3   Thumb Code     0  startup_stm32g431xx.o(.text)
    PVD_PVM_IRQHandler                       0x080002b3   Thumb Code     0  startup_stm32g431xx.o(.text)
    RCC_IRQHandler                           0x080002b3   Thumb Code     0  startup_stm32g431xx.o(.text)
    RNG_IRQHandler                           0x080002b3   Thumb Code     0  startup_stm32g431xx.o(.text)
    RTC_Alarm_IRQHandler                     0x080002b3   Thumb Code     0  startup_stm32g431xx.o(.text)
    RTC_TAMP_LSECSS_IRQHandler               0x080002b3   Thumb Code     0  startup_stm32g431xx.o(.text)
    RTC_WKUP_IRQHandler                      0x080002b3   Thumb Code     0  startup_stm32g431xx.o(.text)
    SAI1_IRQHandler                          0x080002b3   Thumb Code     0  startup_stm32g431xx.o(.text)
    SPI1_IRQHandler                          0x080002b3   Thumb Code     0  startup_stm32g431xx.o(.text)
    SPI2_IRQHandler                          0x080002b3   Thumb Code     0  startup_stm32g431xx.o(.text)
    SPI3_IRQHandler                          0x080002b3   Thumb Code     0  startup_stm32g431xx.o(.text)
    TIM1_BRK_TIM15_IRQHandler                0x080002b3   Thumb Code     0  startup_stm32g431xx.o(.text)
    TIM1_CC_IRQHandler                       0x080002b3   Thumb Code     0  startup_stm32g431xx.o(.text)
    TIM1_TRG_COM_TIM17_IRQHandler            0x080002b3   Thumb Code     0  startup_stm32g431xx.o(.text)
    TIM1_UP_TIM16_IRQHandler                 0x080002b3   Thumb Code     0  startup_stm32g431xx.o(.text)
    TIM2_IRQHandler                          0x080002b3   Thumb Code     0  startup_stm32g431xx.o(.text)
    TIM3_IRQHandler                          0x080002b3   Thumb Code     0  startup_stm32g431xx.o(.text)
    TIM4_IRQHandler                          0x080002b3   Thumb Code     0  startup_stm32g431xx.o(.text)
    TIM6_DAC_IRQHandler                      0x080002b3   Thumb Code     0  startup_stm32g431xx.o(.text)
    TIM7_IRQHandler                          0x080002b3   Thumb Code     0  startup_stm32g431xx.o(.text)
    TIM8_BRK_IRQHandler                      0x080002b3   Thumb Code     0  startup_stm32g431xx.o(.text)
    TIM8_CC_IRQHandler                       0x080002b3   Thumb Code     0  startup_stm32g431xx.o(.text)
    TIM8_TRG_COM_IRQHandler                  0x080002b3   Thumb Code     0  startup_stm32g431xx.o(.text)
    TIM8_UP_IRQHandler                       0x080002b3   Thumb Code     0  startup_stm32g431xx.o(.text)
    UART4_IRQHandler                         0x080002b3   Thumb Code     0  startup_stm32g431xx.o(.text)
    UCPD1_IRQHandler                         0x080002b3   Thumb Code     0  startup_stm32g431xx.o(.text)
    USART2_IRQHandler                        0x080002b3   Thumb Code     0  startup_stm32g431xx.o(.text)
    USART3_IRQHandler                        0x080002b3   Thumb Code     0  startup_stm32g431xx.o(.text)
    USBWakeUp_IRQHandler                     0x080002b3   Thumb Code     0  startup_stm32g431xx.o(.text)
    USB_HP_IRQHandler                        0x080002b3   Thumb Code     0  startup_stm32g431xx.o(.text)
    USB_LP_IRQHandler                        0x080002b3   Thumb Code     0  startup_stm32g431xx.o(.text)
    WWDG_IRQHandler                          0x080002b3   Thumb Code     0  startup_stm32g431xx.o(.text)
    __user_initial_stackheap                 0x080002b5   Thumb Code     0  startup_stm32g431xx.o(.text)
    __aeabi_uldivmod                         0x080002d9   Thumb Code     0  lludivv7m.o(.text)
    _ll_udiv                                 0x080002d9   Thumb Code   238  lludivv7m.o(.text)
    __2sprintf                               0x080003c9   Thumb Code    34  noretval__2sprintf.o(.text)
    _printf_int_dec                          0x080003f1   Thumb Code   104  _printf_dec.o(.text)
    __printf                                 0x08000469   Thumb Code   270  __printf_wp.o(.text)
    strlen                                   0x08000577   Thumb Code    62  strlen.o(.text)
    __aeabi_memclr                           0x080005b5   Thumb Code     0  rt_memclr.o(.text)
    __rt_memclr                              0x080005b5   Thumb Code    68  rt_memclr.o(.text)
    _memset                                  0x080005b9   Thumb Code     0  rt_memclr.o(.text)
    __aeabi_memclr4                          0x080005f9   Thumb Code     0  rt_memclr_w.o(.text)
    __aeabi_memclr8                          0x080005f9   Thumb Code     0  rt_memclr_w.o(.text)
    __rt_memclr_w                            0x080005f9   Thumb Code    78  rt_memclr_w.o(.text)
    _memset_w                                0x080005fd   Thumb Code     0  rt_memclr_w.o(.text)
    __use_two_region_memory                  0x08000647   Thumb Code     2  heapauxi.o(.text)
    __rt_heap_escrow$2region                 0x08000649   Thumb Code     2  heapauxi.o(.text)
    __rt_heap_expand$2region                 0x0800064b   Thumb Code     2  heapauxi.o(.text)
    _printf_int_common                       0x0800064d   Thumb Code   178  _printf_intcommon.o(.text)
    __lib_sel_fp_printf                      0x080006ff   Thumb Code     2  _printf_fp_dec.o(.text)
    _printf_fp_dec_real                      0x080008b1   Thumb Code   620  _printf_fp_dec.o(.text)
    _printf_char_common                      0x08000b27   Thumb Code    32  _printf_char_common.o(.text)
    _sputc                                   0x08000b4d   Thumb Code    10  _sputc.o(.text)
    __rt_locale                              0x08000b59   Thumb Code     8  rt_locale_intlibspace.o(.text)
    _ll_udiv10                               0x08000b61   Thumb Code   138  lludiv10.o(.text)
    _printf_fp_infnan                        0x08000bed   Thumb Code   112  _printf_fp_infnan.o(.text)
    _btod_etento                             0x08000c6d   Thumb Code   224  bigflt0.o(.text)
    __user_libspace                          0x08000d51   Thumb Code     8  libspace.o(.text)
    __user_perproc_libspace                  0x08000d51   Thumb Code     0  libspace.o(.text)
    __user_perthread_libspace                0x08000d51   Thumb Code     0  libspace.o(.text)
    __user_setup_stackheap                   0x08000d59   Thumb Code    74  sys_stackheap_outer.o(.text)
    exit                                     0x08000da3   Thumb Code    18  exit.o(.text)
    strcmp                                   0x08000db5   Thumb Code   128  strcmpv7m.o(.text)
    _sys_exit                                0x08000e35   Thumb Code     8  sys_exit.o(.text)
    __I$use$semihosting                      0x08000e41   Thumb Code     0  use_no_semi.o(.text)
    __use_no_semihosting_swi                 0x08000e41   Thumb Code     2  use_no_semi.o(.text)
    __semihosting_library_function           0x08000e43   Thumb Code     0  indicate_semi.o(.text)
    _btod_d2e                                0x08000e43   Thumb Code    62  btod.o(CL$$btod_d2e)
    _d2e_denorm_low                          0x08000e81   Thumb Code    70  btod.o(CL$$btod_d2e_denorm_low)
    _d2e_norm_op1                            0x08000ec7   Thumb Code    96  btod.o(CL$$btod_d2e_norm_op1)
    __btod_div_common                        0x08000f27   Thumb Code   696  btod.o(CL$$btod_div_common)
    _e2e                                     0x0800125f   Thumb Code   220  btod.o(CL$$btod_e2e)
    _btod_ediv                               0x0800133b   Thumb Code    42  btod.o(CL$$btod_ediv)
    _btod_emul                               0x08001365   Thumb Code    42  btod.o(CL$$btod_emul)
    __btod_mult_common                       0x0800138f   Thumb Code   580  btod.o(CL$$btod_mult_common)
    ADC_Enable                               0x080015d5   Thumb Code   154  stm32g4xx_hal_adc.o(i.ADC_Enable)
    BusFault_Handler                         0x08001681   Thumb Code     2  stm32g4xx_it.o(i.BusFault_Handler)
    Check_CMD                                0x08001685   Thumb Code   120  main.o(i.Check_CMD)
    DebugMon_Handler                         0x08001745   Thumb Code     2  stm32g4xx_it.o(i.DebugMon_Handler)
    Delay_LCD                                0x08001747   Thumb Code    28  bsp_lcd.o(i.Delay_LCD)
    Error_Handler                            0x08001763   Thumb Code     4  main.o(i.Error_Handler)
    HAL_ADC_ConfigChannel                    0x08001769   Thumb Code  1006  stm32g4xx_hal_adc.o(i.HAL_ADC_ConfigChannel)
    HAL_ADC_GetValue                         0x08001b8d   Thumb Code     6  stm32g4xx_hal_adc.o(i.HAL_ADC_GetValue)
    HAL_ADC_Init                             0x08001b95   Thumb Code   466  stm32g4xx_hal_adc.o(i.HAL_ADC_Init)
    HAL_ADC_MspInit                          0x08001d89   Thumb Code   106  bsp_adc.o(i.HAL_ADC_MspInit)
    HAL_ADC_Start                            0x08001e01   Thumb Code   230  stm32g4xx_hal_adc.o(i.HAL_ADC_Start)
    HAL_DMA_Abort                            0x08001ef5   Thumb Code   112  stm32g4xx_hal_dma.o(i.HAL_DMA_Abort)
    HAL_DMA_Abort_IT                         0x08001f65   Thumb Code   120  stm32g4xx_hal_dma.o(i.HAL_DMA_Abort_IT)
    HAL_Delay                                0x08001fdd   Thumb Code    32  stm32g4xx_hal.o(i.HAL_Delay)
    HAL_GPIO_Init                            0x08002001   Thumb Code   532  stm32g4xx_hal_gpio.o(i.HAL_GPIO_Init)
    HAL_GPIO_ReadPin                         0x08002235   Thumb Code    10  stm32g4xx_hal_gpio.o(i.HAL_GPIO_ReadPin)
    HAL_GPIO_WritePin                        0x0800223f   Thumb Code    10  stm32g4xx_hal_gpio.o(i.HAL_GPIO_WritePin)
    HAL_GetTick                              0x08002249   Thumb Code     6  stm32g4xx_hal.o(i.HAL_GetTick)
    HAL_IncTick                              0x08002255   Thumb Code    12  stm32g4xx_hal.o(i.HAL_IncTick)
    HAL_Init                                 0x08002265   Thumb Code    30  stm32g4xx_hal.o(i.HAL_Init)
    HAL_InitTick                             0x08002285   Thumb Code    58  stm32g4xx_hal.o(i.HAL_InitTick)
    HAL_MspInit                              0x080022c9   Thumb Code    42  stm32g4xx_hal_msp.o(i.HAL_MspInit)
    HAL_NVIC_EnableIRQ                       0x080022f9   Thumb Code    26  stm32g4xx_hal_cortex.o(i.HAL_NVIC_EnableIRQ)
    HAL_NVIC_SetPriority                     0x08002315   Thumb Code    60  stm32g4xx_hal_cortex.o(i.HAL_NVIC_SetPriority)
    HAL_NVIC_SetPriorityGrouping             0x08002355   Thumb Code    26  stm32g4xx_hal_cortex.o(i.HAL_NVIC_SetPriorityGrouping)
    HAL_PWREx_ControlVoltageScaling          0x08002379   Thumb Code   174  stm32g4xx_hal_pwr_ex.o(i.HAL_PWREx_ControlVoltageScaling)
    HAL_PWREx_DisableUCPDDeadBattery         0x08002435   Thumb Code    12  stm32g4xx_hal_pwr_ex.o(i.HAL_PWREx_DisableUCPDDeadBattery)
    HAL_RCCEx_PeriphCLKConfig                0x08002445   Thumb Code   638  stm32g4xx_hal_rcc_ex.o(i.HAL_RCCEx_PeriphCLKConfig)
    HAL_RCC_ClockConfig                      0x080026cd   Thumb Code   444  stm32g4xx_hal_rcc.o(i.HAL_RCC_ClockConfig)
    HAL_RCC_GetPCLK1Freq                     0x080028a9   Thumb Code    24  stm32g4xx_hal_rcc.o(i.HAL_RCC_GetPCLK1Freq)
    HAL_RCC_GetPCLK2Freq                     0x080028cd   Thumb Code    24  stm32g4xx_hal_rcc.o(i.HAL_RCC_GetPCLK2Freq)
    HAL_RCC_GetSysClockFreq                  0x080028f1   Thumb Code    98  stm32g4xx_hal_rcc.o(i.HAL_RCC_GetSysClockFreq)
    HAL_RCC_OscConfig                        0x08002961   Thumb Code  1028  stm32g4xx_hal_rcc.o(i.HAL_RCC_OscConfig)
    HAL_SYSTICK_Config                       0x08002d65   Thumb Code    40  stm32g4xx_hal_cortex.o(i.HAL_SYSTICK_Config)
    HAL_TIMEx_MasterConfigSynchronization    0x08002d8d   Thumb Code   132  stm32g4xx_hal_tim_ex.o(i.HAL_TIMEx_MasterConfigSynchronization)
    HAL_TIM_Base_Init                        0x08002e29   Thumb Code    98  stm32g4xx_hal_tim.o(i.HAL_TIM_Base_Init)
    HAL_TIM_Base_MspInit                     0x08002e8d   Thumb Code    30  bsp_tim.o(i.HAL_TIM_Base_MspInit)
    HAL_TIM_ConfigClockSource                0x08002eb5   Thumb Code   246  stm32g4xx_hal_tim.o(i.HAL_TIM_ConfigClockSource)
    HAL_TIM_MspPostInit                      0x08002fb5   Thumb Code    70  bsp_tim.o(i.HAL_TIM_MspPostInit)
    HAL_TIM_PWM_ConfigChannel                0x08003005   Thumb Code   292  stm32g4xx_hal_tim.o(i.HAL_TIM_PWM_ConfigChannel)
    HAL_TIM_PWM_Init                         0x08003129   Thumb Code    98  stm32g4xx_hal_tim.o(i.HAL_TIM_PWM_Init)
    HAL_TIM_PWM_MspInit                      0x0800318b   Thumb Code     2  stm32g4xx_hal_tim.o(i.HAL_TIM_PWM_MspInit)
    HAL_TIM_PWM_Start                        0x0800318d   Thumb Code   218  stm32g4xx_hal_tim.o(i.HAL_TIM_PWM_Start)
    HAL_UARTEx_DisableFifoMode               0x08003289   Thumb Code    62  stm32g4xx_hal_uart_ex.o(i.HAL_UARTEx_DisableFifoMode)
    HAL_UARTEx_RxEventCallback               0x080032c7   Thumb Code     2  stm32g4xx_hal_uart.o(i.HAL_UARTEx_RxEventCallback)
    HAL_UARTEx_RxFifoFullCallback            0x080032c9   Thumb Code     2  stm32g4xx_hal_uart_ex.o(i.HAL_UARTEx_RxFifoFullCallback)
    HAL_UARTEx_SetRxFifoThreshold            0x080032cb   Thumb Code    76  stm32g4xx_hal_uart_ex.o(i.HAL_UARTEx_SetRxFifoThreshold)
    HAL_UARTEx_SetTxFifoThreshold            0x08003317   Thumb Code    76  stm32g4xx_hal_uart_ex.o(i.HAL_UARTEx_SetTxFifoThreshold)
    HAL_UARTEx_TxFifoEmptyCallback           0x08003363   Thumb Code     2  stm32g4xx_hal_uart_ex.o(i.HAL_UARTEx_TxFifoEmptyCallback)
    HAL_UARTEx_WakeupCallback                0x08003365   Thumb Code     2  stm32g4xx_hal_uart_ex.o(i.HAL_UARTEx_WakeupCallback)
    HAL_UART_ErrorCallback                   0x08003367   Thumb Code     2  stm32g4xx_hal_uart.o(i.HAL_UART_ErrorCallback)
    HAL_UART_IRQHandler                      0x08003369   Thumb Code   782  stm32g4xx_hal_uart.o(i.HAL_UART_IRQHandler)
    HAL_UART_Init                            0x08003685   Thumb Code   106  stm32g4xx_hal_uart.o(i.HAL_UART_Init)
    HAL_UART_MspInit                         0x080036f1   Thumb Code   132  bsp_uart.o(i.HAL_UART_MspInit)
    HAL_UART_Receive_IT                      0x0800377d   Thumb Code    66  stm32g4xx_hal_uart.o(i.HAL_UART_Receive_IT)
    HAL_UART_RxCpltCallback                  0x080037c5   Thumb Code    24  main.o(i.HAL_UART_RxCpltCallback)
    HAL_UART_Transmit                        0x080037e9   Thumb Code   182  stm32g4xx_hal_uart.o(i.HAL_UART_Transmit)
    HAL_UART_TxCpltCallback                  0x0800389f   Thumb Code     2  stm32g4xx_hal_uart.o(i.HAL_UART_TxCpltCallback)
    HardFault_Handler                        0x080038a1   Thumb Code     2  stm32g4xx_it.o(i.HardFault_Handler)
    Key_Led_GPIO_Init                        0x080038a5   Thumb Code   196  bsp_key_led.o(i.Key_Led_GPIO_Init)
    Key_Scan                                 0x08003a69   Thumb Code    68  bsp_key_led.o(i.Key_Scan)
    LCD_BusIn                                0x08003ab1   Thumb Code    40  bsp_lcd.o(i.LCD_BusIn)
    LCD_BusOut                               0x08003add   Thumb Code    42  bsp_lcd.o(i.LCD_BusOut)
    LCD_Clear                                0x08003b0d   Thumb Code    36  bsp_lcd.o(i.LCD_Clear)
    LCD_CtrlLinesConfig                      0x08003b31   Thumb Code   134  bsp_lcd.o(i.LCD_CtrlLinesConfig)
    LCD_DisplayChar                          0x08003bc1   Thumb Code    18  bsp_lcd.o(i.LCD_DisplayChar)
    LCD_DisplayStringLine                    0x08003bd9   Thumb Code    42  bsp_lcd.o(i.LCD_DisplayStringLine)
    LCD_DrawChar                             0x08003c05   Thumb Code    84  bsp_lcd.o(i.LCD_DrawChar)
    LCD_Init                                 0x08003c5d   Thumb Code    46  bsp_lcd.o(i.LCD_Init)
    LCD_ReadReg                              0x08003c91   Thumb Code   120  bsp_lcd.o(i.LCD_ReadReg)
    LCD_SetBackColor                         0x08003d11   Thumb Code    12  bsp_lcd.o(i.LCD_SetBackColor)
    LCD_SetCursor                            0x08003d21   Thumb Code    24  bsp_lcd.o(i.LCD_SetCursor)
    LCD_SetTextColor                         0x08003d39   Thumb Code    12  bsp_lcd.o(i.LCD_SetTextColor)
    LCD_WriteRAM                             0x08003d49   Thumb Code    80  bsp_lcd.o(i.LCD_WriteRAM)
    LCD_WriteRAM_Prepare                     0x08003da1   Thumb Code    82  bsp_lcd.o(i.LCD_WriteRAM_Prepare)
    LCD_WriteReg                             0x08003dfd   Thumb Code   100  bsp_lcd.o(i.LCD_WriteReg)
    Led_Disp                                 0x08004121   Thumb Code    74  bsp_key_led.o(i.Led_Disp)
    MemManage_Handler                        0x08004271   Thumb Code     2  stm32g4xx_it.o(i.MemManage_Handler)
    NMI_Handler                              0x08004273   Thumb Code     2  stm32g4xx_it.o(i.NMI_Handler)
    PA7_TIM3_Init                            0x08004275   Thumb Code   150  bsp_tim.o(i.PA7_TIM3_Init)
    PendSV_Handler                           0x08004315   Thumb Code     2  stm32g4xx_it.o(i.PendSV_Handler)
    R37_ADC2_Init                            0x08004319   Thumb Code   112  bsp_adc.o(i.R37_ADC2_Init)
    R37_Get_ADC2                             0x08004395   Thumb Code    18  bsp_adc.o(i.R37_Get_ADC2)
    REG_8230_Init                            0x080043ad   Thumb Code   274  bsp_lcd.o(i.REG_8230_Init)
    REG_932X_Init                            0x080044bf   Thumb Code   514  bsp_lcd.o(i.REG_932X_Init)
    SVC_Handler                              0x080046c1   Thumb Code     2  stm32g4xx_it.o(i.SVC_Handler)
    SysTick_Handler                          0x080046c3   Thumb Code     4  stm32g4xx_it.o(i.SysTick_Handler)
    SystemClock_Config                       0x080046c7   Thumb Code   102  bsp_rcc.o(i.SystemClock_Config)
    SystemInit                               0x0800472d   Thumb Code    12  system_stm32g4xx.o(i.SystemInit)
    TIM_Base_SetConfig                       0x0800473d   Thumb Code   154  stm32g4xx_hal_tim.o(i.TIM_Base_SetConfig)
    TIM_CCxChannelCmd                        0x080047f5   Thumb Code    26  stm32g4xx_hal_tim.o(i.TIM_CCxChannelCmd)
    TIM_ETR_SetConfig                        0x0800480f   Thumb Code    20  stm32g4xx_hal_tim.o(i.TIM_ETR_SetConfig)
    TIM_OC2_SetConfig                        0x080048dd   Thumb Code   124  stm32g4xx_hal_tim.o(i.TIM_OC2_SetConfig)
    TX_RX_USART1_UART_Init                   0x08004c15   Thumb Code    94  bsp_uart.o(i.TX_RX_USART1_UART_Init)
    UART_AdvFeatureConfig                    0x08004cc1   Thumb Code   200  stm32g4xx_hal_uart.o(i.UART_AdvFeatureConfig)
    UART_CheckIdleState                      0x08004d89   Thumb Code   172  stm32g4xx_hal_uart.o(i.UART_CheckIdleState)
    UART_SetConfig                           0x08005365   Thumb Code   582  stm32g4xx_hal_uart.o(i.UART_SetConfig)
    UART_Start_Receive_IT                    0x080055d9   Thumb Code   256  stm32g4xx_hal_uart.o(i.UART_Start_Receive_IT)
    UART_WaitOnFlagUntilTimeout              0x080056e9   Thumb Code   148  stm32g4xx_hal_uart.o(i.UART_WaitOnFlagUntilTimeout)
    USART1_IRQHandler                        0x0800577d   Thumb Code     6  stm32g4xx_it.o(i.USART1_IRQHandler)
    UsageFault_Handler                       0x08005789   Thumb Code     2  stm32g4xx_it.o(i.UsageFault_Handler)
    __ARM_fpclassify                         0x0800578b   Thumb Code    48  fpclassify.o(i.__ARM_fpclassify)
    _is_digit                                0x080057db   Thumb Code    14  __printf_wp.o(i._is_digit)
    main                                     0x080057e9   Thumb Code   104  main.o(i.main)
    _get_lc_numeric                          0x08005861   Thumb Code    44  lc_numeric_c.o(locale$$code)
    __aeabi_dadd                             0x0800588d   Thumb Code     0  daddsub_clz.o(x$fpl$dadd)
    _dadd                                    0x0800588d   Thumb Code   332  daddsub_clz.o(x$fpl$dadd)
    __fpl_dcmp_Inf                           0x080059dd   Thumb Code    24  dcmpi.o(x$fpl$dcmpinf)
    __aeabi_ddiv                             0x080059f5   Thumb Code     0  ddiv.o(x$fpl$ddiv)
    _ddiv                                    0x080059f5   Thumb Code   552  ddiv.o(x$fpl$ddiv)
    __aeabi_d2uiz                            0x08005ca5   Thumb Code     0  dfixu.o(x$fpl$dfixu)
    _dfixu                                   0x08005ca5   Thumb Code    90  dfixu.o(x$fpl$dfixu)
    __aeabi_ui2d                             0x08005cff   Thumb Code     0  dflt_clz.o(x$fpl$dfltu)
    _dfltu                                   0x08005cff   Thumb Code    38  dflt_clz.o(x$fpl$dfltu)
    __aeabi_cdcmple                          0x08005d25   Thumb Code     0  dleqf.o(x$fpl$dleqf)
    _dcmple                                  0x08005d25   Thumb Code   120  dleqf.o(x$fpl$dleqf)
    __fpl_dcmple_InfNaN                      0x08005d87   Thumb Code     0  dleqf.o(x$fpl$dleqf)
    __aeabi_dmul                             0x08005d9d   Thumb Code     0  dmul.o(x$fpl$dmul)
    _dmul                                    0x08005d9d   Thumb Code   332  dmul.o(x$fpl$dmul)
    __fpl_dnaninf                            0x08005ef1   Thumb Code   156  dnaninf.o(x$fpl$dnaninf)
    __fpl_dretinf                            0x08005f8d   Thumb Code    12  dretinf.o(x$fpl$dretinf)
    __aeabi_cdrcmple                         0x08005f99   Thumb Code     0  drleqf.o(x$fpl$drleqf)
    _drcmple                                 0x08005f99   Thumb Code   108  drleqf.o(x$fpl$drleqf)
    __aeabi_dsub                             0x08006005   Thumb Code     0  daddsub_clz.o(x$fpl$dsub)
    _dsub                                    0x08006005   Thumb Code   464  daddsub_clz.o(x$fpl$dsub)
    _fp_init                                 0x080061d9   Thumb Code    10  fpinit.o(x$fpl$fpinit)
    __fplib_config_fpu_vfp                   0x080061e1   Thumb Code     0  fpinit.o(x$fpl$fpinit)
    __fplib_config_pureend_doubles           0x080061e1   Thumb Code     0  fpinit.o(x$fpl$fpinit)
    _printf_fp_dec                           0x080061e3   Thumb Code     4  printf1.o(x$fpl$printf1)
    ASCII_Table                              0x080061e6   Data        4560  bsp_lcd.o(.constdata)
    __I$use$fp                               0x080061e6   Number         0  usenofp.o(x$fpl$usenofp)
    UARTPrescTable                           0x080073b6   Data          24  stm32g4xx_hal_uart.o(.constdata)
    AHBPrescTable                            0x080073de   Data          16  system_stm32g4xx.o(.constdata)
    APBPrescTable                            0x080073ee   Data           8  system_stm32g4xx.o(.constdata)
    Region$$Table$$Base                      0x0800748c   Number         0  anon$$obj.o(Region$$Table)
    Region$$Table$$Limit                     0x080074ac   Number         0  anon$$obj.o(Region$$Table)
    ucLed                                    0x20000000   Data           1  main.o(.data)
    IntereFace                               0x20000001   Data           1  main.o(.data)
    Mode_Flag                                0x20000002   Data           1  main.o(.data)
    Duty                                     0x20000003   Data           1  main.o(.data)
    TH_Ref                                   0x20000004   Data           1  main.o(.data)
    Uart_Times                               0x20000005   Data           1  main.o(.data)
    IntereFace_LD1_LD2                       0x20000006   Data           1  main.o(.data)
    LD3                                      0x20000007   Data           1  main.o(.data)
    LD8                                      0x20000008   Data           1  main.o(.data)
    Buling_LD8                               0x20000009   Data           1  main.o(.data)
    Key_Value                                0x2000000a   Data           1  main.o(.data)
    Key_Old                                  0x2000000b   Data           1  main.o(.data)
    Key_Up                                   0x2000000c   Data           1  main.o(.data)
    Key_Down                                 0x2000000d   Data           1  main.o(.data)
    rxbuffer                                 0x2000000e   Data           1  main.o(.data)
    Speed                                    0x20000010   Data           2  main.o(.data)
    Tempature                                0x20000028   Data           8  main.o(.data)
    R37_Voltage                              0x20000030   Data           8  main.o(.data)
    dummy                                    0x2000003c   Data           2  bsp_lcd.o(.data)
    uwTickPrio                               0x20000040   Data           4  stm32g4xx_hal.o(.data)
    uwTickFreq                               0x20000044   Data           4  stm32g4xx_hal.o(.data)
    uwTick                                   0x20000048   Data           4  stm32g4xx_hal.o(.data)
    SystemCoreClock                          0x2000004c   Data           4  system_stm32g4xx.o(.data)
    String_Disp                              0x20000050   Data          20  main.o(.bss)
    RX_Buffer                                0x20000064   Data          20  main.o(.bss)
    hadc2                                    0x20000078   Data         108  bsp_adc.o(.bss)
    htim3                                    0x200000e4   Data          76  bsp_tim.o(.bss)
    huart1                                   0x20000130   Data         148  bsp_uart.o(.bss)
    __libspace_start                         0x200001c4   Data          96  libspace.o(.bss)
    __temporary_stack_top$libspace           0x20000224   Data           0  libspace.o(.bss)



==============================================================================

Memory Map of the image

  Image Entry point : 0x080001d9

  Load Region LR_IROM1 (Base: 0x08000000, Size: 0x00007518, Max: 0x00020000, ABSOLUTE)

    Execution Region ER_IROM1 (Exec base: 0x08000000, Load base: 0x08000000, Size: 0x000074c8, Max: 0x00020000, ABSOLUTE)

    Exec Addr    Load Addr    Size         Type   Attr      Idx    E Section Name        Object

    0x08000000   0x08000000   0x000001d8   Data   RO            3    RESET               startup_stm32g431xx.o
    0x080001d8   0x080001d8   0x00000008   Code   RO         4418  * !!!main             c_w.l(__main.o)
    0x080001e0   0x080001e0   0x00000034   Code   RO         4674    !!!scatter          c_w.l(__scatter.o)
    0x08000214   0x08000214   0x0000001a   Code   RO         4676    !!handler_copy      c_w.l(__scatter_copy.o)
    0x0800022e   0x0800022e   0x00000002   PAD
    0x08000230   0x08000230   0x0000001c   Code   RO         4678    !!handler_zi        c_w.l(__scatter_zi.o)
    0x0800024c   0x0800024c   0x00000000   Code   RO         4409    .ARM.Collect$$_printf_percent$$00000000  c_w.l(_printf_percent.o)
    0x0800024c   0x0800024c   0x00000006   Code   RO         4408    .ARM.Collect$$_printf_percent$$00000003  c_w.l(_printf_f.o)
    0x08000252   0x08000252   0x00000006   Code   RO         4407    .ARM.Collect$$_printf_percent$$00000009  c_w.l(_printf_d.o)
    0x08000258   0x08000258   0x00000004   Code   RO         4461    .ARM.Collect$$_printf_percent$$00000017  c_w.l(_printf_percent_end.o)
    0x0800025c   0x0800025c   0x00000002   Code   RO         4547    .ARM.Collect$$libinit$$00000000  c_w.l(libinit.o)
    0x0800025e   0x0800025e   0x00000004   Code   RO         4548    .ARM.Collect$$libinit$$00000001  c_w.l(libinit2.o)
    0x08000262   0x08000262   0x00000000   Code   RO         4551    .ARM.Collect$$libinit$$00000004  c_w.l(libinit2.o)
    0x08000262   0x08000262   0x00000000   Code   RO         4554    .ARM.Collect$$libinit$$0000000A  c_w.l(libinit2.o)
    0x08000262   0x08000262   0x00000000   Code   RO         4556    .ARM.Collect$$libinit$$0000000C  c_w.l(libinit2.o)
    0x08000262   0x08000262   0x00000000   Code   RO         4558    .ARM.Collect$$libinit$$0000000E  c_w.l(libinit2.o)
    0x08000262   0x08000262   0x00000006   Code   RO         4559    .ARM.Collect$$libinit$$0000000F  c_w.l(libinit2.o)
    0x08000268   0x08000268   0x00000000   Code   RO         4561    .ARM.Collect$$libinit$$00000011  c_w.l(libinit2.o)
    0x08000268   0x08000268   0x00000000   Code   RO         4563    .ARM.Collect$$libinit$$00000013  c_w.l(libinit2.o)
    0x08000268   0x08000268   0x00000000   Code   RO         4565    .ARM.Collect$$libinit$$00000015  c_w.l(libinit2.o)
    0x08000268   0x08000268   0x0000000a   Code   RO         4566    .ARM.Collect$$libinit$$00000016  c_w.l(libinit2.o)
    0x08000272   0x08000272   0x00000000   Code   RO         4567    .ARM.Collect$$libinit$$00000017  c_w.l(libinit2.o)
    0x08000272   0x08000272   0x00000000   Code   RO         4569    .ARM.Collect$$libinit$$00000019  c_w.l(libinit2.o)
    0x08000272   0x08000272   0x00000000   Code   RO         4571    .ARM.Collect$$libinit$$0000001B  c_w.l(libinit2.o)
    0x08000272   0x08000272   0x00000000   Code   RO         4573    .ARM.Collect$$libinit$$0000001D  c_w.l(libinit2.o)
    0x08000272   0x08000272   0x00000000   Code   RO         4575    .ARM.Collect$$libinit$$0000001F  c_w.l(libinit2.o)
    0x08000272   0x08000272   0x00000000   Code   RO         4577    .ARM.Collect$$libinit$$00000021  c_w.l(libinit2.o)
    0x08000272   0x08000272   0x00000000   Code   RO         4579    .ARM.Collect$$libinit$$00000023  c_w.l(libinit2.o)
    0x08000272   0x08000272   0x00000000   Code   RO         4581    .ARM.Collect$$libinit$$00000025  c_w.l(libinit2.o)
    0x08000272   0x08000272   0x00000000   Code   RO         4585    .ARM.Collect$$libinit$$0000002C  c_w.l(libinit2.o)
    0x08000272   0x08000272   0x00000000   Code   RO         4587    .ARM.Collect$$libinit$$0000002E  c_w.l(libinit2.o)
    0x08000272   0x08000272   0x00000000   Code   RO         4589    .ARM.Collect$$libinit$$00000030  c_w.l(libinit2.o)
    0x08000272   0x08000272   0x00000000   Code   RO         4591    .ARM.Collect$$libinit$$00000032  c_w.l(libinit2.o)
    0x08000272   0x08000272   0x00000002   Code   RO         4592    .ARM.Collect$$libinit$$00000033  c_w.l(libinit2.o)
    0x08000274   0x08000274   0x00000002   Code   RO         4639    .ARM.Collect$$libshutdown$$00000000  c_w.l(libshutdown.o)
    0x08000276   0x08000276   0x00000000   Code   RO         4657    .ARM.Collect$$libshutdown$$00000002  c_w.l(libshutdown2.o)
    0x08000276   0x08000276   0x00000000   Code   RO         4659    .ARM.Collect$$libshutdown$$00000004  c_w.l(libshutdown2.o)
    0x08000276   0x08000276   0x00000000   Code   RO         4662    .ARM.Collect$$libshutdown$$00000007  c_w.l(libshutdown2.o)
    0x08000276   0x08000276   0x00000000   Code   RO         4665    .ARM.Collect$$libshutdown$$0000000A  c_w.l(libshutdown2.o)
    0x08000276   0x08000276   0x00000000   Code   RO         4667    .ARM.Collect$$libshutdown$$0000000C  c_w.l(libshutdown2.o)
    0x08000276   0x08000276   0x00000000   Code   RO         4670    .ARM.Collect$$libshutdown$$0000000F  c_w.l(libshutdown2.o)
    0x08000276   0x08000276   0x00000002   Code   RO         4671    .ARM.Collect$$libshutdown$$00000010  c_w.l(libshutdown2.o)
    0x08000278   0x08000278   0x00000000   Code   RO         4448    .ARM.Collect$$rtentry$$00000000  c_w.l(__rtentry.o)
    0x08000278   0x08000278   0x00000000   Code   RO         4470    .ARM.Collect$$rtentry$$00000002  c_w.l(__rtentry2.o)
    0x08000278   0x08000278   0x00000006   Code   RO         4482    .ARM.Collect$$rtentry$$00000004  c_w.l(__rtentry4.o)
    0x0800027e   0x0800027e   0x00000000   Code   RO         4472    .ARM.Collect$$rtentry$$00000009  c_w.l(__rtentry2.o)
    0x0800027e   0x0800027e   0x00000004   Code   RO         4473    .ARM.Collect$$rtentry$$0000000A  c_w.l(__rtentry2.o)
    0x08000282   0x08000282   0x00000000   Code   RO         4475    .ARM.Collect$$rtentry$$0000000C  c_w.l(__rtentry2.o)
    0x08000282   0x08000282   0x00000008   Code   RO         4476    .ARM.Collect$$rtentry$$0000000D  c_w.l(__rtentry2.o)
    0x0800028a   0x0800028a   0x00000002   Code   RO         4593    .ARM.Collect$$rtexit$$00000000  c_w.l(rtexit.o)
    0x0800028c   0x0800028c   0x00000000   Code   RO         4608    .ARM.Collect$$rtexit$$00000002  c_w.l(rtexit2.o)
    0x0800028c   0x0800028c   0x00000004   Code   RO         4609    .ARM.Collect$$rtexit$$00000003  c_w.l(rtexit2.o)
    0x08000290   0x08000290   0x00000006   Code   RO         4610    .ARM.Collect$$rtexit$$00000004  c_w.l(rtexit2.o)
    0x08000296   0x08000296   0x00000002   PAD
    0x08000298   0x08000298   0x00000040   Code   RO            4    .text               startup_stm32g431xx.o
    0x080002d8   0x080002d8   0x000000ee   Code   RO         4377    .text               c_w.l(lludivv7m.o)
    0x080003c6   0x080003c6   0x00000002   PAD
    0x080003c8   0x080003c8   0x00000028   Code   RO         4381    .text               c_w.l(noretval__2sprintf.o)
    0x080003f0   0x080003f0   0x00000078   Code   RO         4385    .text               c_w.l(_printf_dec.o)
    0x08000468   0x08000468   0x0000010e   Code   RO         4395    .text               c_w.l(__printf_wp.o)
    0x08000576   0x08000576   0x0000003e   Code   RO         4410    .text               c_w.l(strlen.o)
    0x080005b4   0x080005b4   0x00000044   Code   RO         4412    .text               c_w.l(rt_memclr.o)
    0x080005f8   0x080005f8   0x0000004e   Code   RO         4414    .text               c_w.l(rt_memclr_w.o)
    0x08000646   0x08000646   0x00000006   Code   RO         4416    .text               c_w.l(heapauxi.o)
    0x0800064c   0x0800064c   0x000000b2   Code   RO         4453    .text               c_w.l(_printf_intcommon.o)
    0x080006fe   0x080006fe   0x0000041e   Code   RO         4455    .text               c_w.l(_printf_fp_dec.o)
    0x08000b1c   0x08000b1c   0x00000030   Code   RO         4457    .text               c_w.l(_printf_char_common.o)
    0x08000b4c   0x08000b4c   0x0000000a   Code   RO         4459    .text               c_w.l(_sputc.o)
    0x08000b56   0x08000b56   0x00000002   PAD
    0x08000b58   0x08000b58   0x00000008   Code   RO         4489    .text               c_w.l(rt_locale_intlibspace.o)
    0x08000b60   0x08000b60   0x0000008a   Code   RO         4491    .text               c_w.l(lludiv10.o)
    0x08000bea   0x08000bea   0x00000002   PAD
    0x08000bec   0x08000bec   0x00000080   Code   RO         4493    .text               c_w.l(_printf_fp_infnan.o)
    0x08000c6c   0x08000c6c   0x000000e4   Code   RO         4497    .text               c_w.l(bigflt0.o)
    0x08000d50   0x08000d50   0x00000008   Code   RO         4529    .text               c_w.l(libspace.o)
    0x08000d58   0x08000d58   0x0000004a   Code   RO         4532    .text               c_w.l(sys_stackheap_outer.o)
    0x08000da2   0x08000da2   0x00000012   Code   RO         4534    .text               c_w.l(exit.o)
    0x08000db4   0x08000db4   0x00000080   Code   RO         4540    .text               c_w.l(strcmpv7m.o)
    0x08000e34   0x08000e34   0x0000000c   Code   RO         4605    .text               c_w.l(sys_exit.o)
    0x08000e40   0x08000e40   0x00000002   Code   RO         4626    .text               c_w.l(use_no_semi.o)
    0x08000e42   0x08000e42   0x00000000   Code   RO         4628    .text               c_w.l(indicate_semi.o)
    0x08000e42   0x08000e42   0x0000003e   Code   RO         4500    CL$$btod_d2e        c_w.l(btod.o)
    0x08000e80   0x08000e80   0x00000046   Code   RO         4502    CL$$btod_d2e_denorm_low  c_w.l(btod.o)
    0x08000ec6   0x08000ec6   0x00000060   Code   RO         4501    CL$$btod_d2e_norm_op1  c_w.l(btod.o)
    0x08000f26   0x08000f26   0x00000338   Code   RO         4510    CL$$btod_div_common  c_w.l(btod.o)
    0x0800125e   0x0800125e   0x000000dc   Code   RO         4507    CL$$btod_e2e        c_w.l(btod.o)
    0x0800133a   0x0800133a   0x0000002a   Code   RO         4504    CL$$btod_ediv       c_w.l(btod.o)
    0x08001364   0x08001364   0x0000002a   Code   RO         4503    CL$$btod_emul       c_w.l(btod.o)
    0x0800138e   0x0800138e   0x00000244   Code   RO         4509    CL$$btod_mult_common  c_w.l(btod.o)
    0x080015d2   0x080015d2   0x00000002   PAD
    0x080015d4   0x080015d4   0x000000ac   Code   RO          710    i.ADC_Enable        stm32g4xx_hal_adc.o
    0x08001680   0x08001680   0x00000002   Code   RO          213    i.BusFault_Handler  stm32g4xx_it.o
    0x08001682   0x08001682   0x00000002   PAD
    0x08001684   0x08001684   0x000000c0   Code   RO           13    i.Check_CMD         main.o
    0x08001744   0x08001744   0x00000002   Code   RO          214    i.DebugMon_Handler  stm32g4xx_it.o
    0x08001746   0x08001746   0x0000001c   Code   RO          397    i.Delay_LCD         bsp_lcd.o
    0x08001762   0x08001762   0x00000004   Code   RO           14    i.Error_Handler     main.o
    0x08001766   0x08001766   0x00000002   PAD
    0x08001768   0x08001768   0x00000424   Code   RO          712    i.HAL_ADC_ConfigChannel  stm32g4xx_hal_adc.o
    0x08001b8c   0x08001b8c   0x00000006   Code   RO          719    i.HAL_ADC_GetValue  stm32g4xx_hal_adc.o
    0x08001b92   0x08001b92   0x00000002   PAD
    0x08001b94   0x08001b94   0x000001f4   Code   RO          721    i.HAL_ADC_Init      stm32g4xx_hal_adc.o
    0x08001d88   0x08001d88   0x00000078   Code   RO          319    i.HAL_ADC_MspInit   bsp_adc.o
    0x08001e00   0x08001e00   0x000000f4   Code   RO          727    i.HAL_ADC_Start     stm32g4xx_hal_adc.o
    0x08001ef4   0x08001ef4   0x00000070   Code   RO         2006    i.HAL_DMA_Abort     stm32g4xx_hal_dma.o
    0x08001f64   0x08001f64   0x00000078   Code   RO         2007    i.HAL_DMA_Abort_IT  stm32g4xx_hal_dma.o
    0x08001fdc   0x08001fdc   0x00000024   Code   RO         1159    i.HAL_Delay         stm32g4xx_hal.o
    0x08002000   0x08002000   0x00000234   Code   RO         1868    i.HAL_GPIO_Init     stm32g4xx_hal_gpio.o
    0x08002234   0x08002234   0x0000000a   Code   RO         1870    i.HAL_GPIO_ReadPin  stm32g4xx_hal_gpio.o
    0x0800223e   0x0800223e   0x0000000a   Code   RO         1872    i.HAL_GPIO_WritePin  stm32g4xx_hal_gpio.o
    0x08002248   0x08002248   0x0000000c   Code   RO         1163    i.HAL_GetTick       stm32g4xx_hal.o
    0x08002254   0x08002254   0x00000010   Code   RO         1169    i.HAL_IncTick       stm32g4xx_hal.o
    0x08002264   0x08002264   0x0000001e   Code   RO         1170    i.HAL_Init          stm32g4xx_hal.o
    0x08002282   0x08002282   0x00000002   PAD
    0x08002284   0x08002284   0x00000044   Code   RO         1171    i.HAL_InitTick      stm32g4xx_hal.o
    0x080022c8   0x080022c8   0x00000030   Code   RO          295    i.HAL_MspInit       stm32g4xx_hal_msp.o
    0x080022f8   0x080022f8   0x0000001a   Code   RO         2517    i.HAL_NVIC_EnableIRQ  stm32g4xx_hal_cortex.o
    0x08002312   0x08002312   0x00000002   PAD
    0x08002314   0x08002314   0x00000040   Code   RO         2523    i.HAL_NVIC_SetPriority  stm32g4xx_hal_cortex.o
    0x08002354   0x08002354   0x00000024   Code   RO         2524    i.HAL_NVIC_SetPriorityGrouping  stm32g4xx_hal_cortex.o
    0x08002378   0x08002378   0x000000bc   Code   RO         2271    i.HAL_PWREx_ControlVoltageScaling  stm32g4xx_hal_pwr_ex.o
    0x08002434   0x08002434   0x00000010   Code   RO         2283    i.HAL_PWREx_DisableUCPDDeadBattery  stm32g4xx_hal_pwr_ex.o
    0x08002444   0x08002444   0x00000288   Code   RO         1530    i.HAL_RCCEx_PeriphCLKConfig  stm32g4xx_hal_rcc_ex.o
    0x080026cc   0x080026cc   0x000001dc   Code   RO         1405    i.HAL_RCC_ClockConfig  stm32g4xx_hal_rcc.o
    0x080028a8   0x080028a8   0x00000024   Code   RO         1413    i.HAL_RCC_GetPCLK1Freq  stm32g4xx_hal_rcc.o
    0x080028cc   0x080028cc   0x00000024   Code   RO         1414    i.HAL_RCC_GetPCLK2Freq  stm32g4xx_hal_rcc.o
    0x080028f0   0x080028f0   0x00000070   Code   RO         1415    i.HAL_RCC_GetSysClockFreq  stm32g4xx_hal_rcc.o
    0x08002960   0x08002960   0x00000404   Code   RO         1418    i.HAL_RCC_OscConfig  stm32g4xx_hal_rcc.o
    0x08002d64   0x08002d64   0x00000028   Code   RO         2528    i.HAL_SYSTICK_Config  stm32g4xx_hal_cortex.o
    0x08002d8c   0x08002d8c   0x0000009c   Code   RO         3415    i.HAL_TIMEx_MasterConfigSynchronization  stm32g4xx_hal_tim_ex.o
    0x08002e28   0x08002e28   0x00000062   Code   RO         2659    i.HAL_TIM_Base_Init  stm32g4xx_hal_tim.o
    0x08002e8a   0x08002e8a   0x00000002   PAD
    0x08002e8c   0x08002e8c   0x00000028   Code   RO          627    i.HAL_TIM_Base_MspInit  bsp_tim.o
    0x08002eb4   0x08002eb4   0x00000100   Code   RO         2668    i.HAL_TIM_ConfigClockSource  stm32g4xx_hal_tim.o
    0x08002fb4   0x08002fb4   0x00000050   Code   RO          628    i.HAL_TIM_MspPostInit  bsp_tim.o
    0x08003004   0x08003004   0x00000124   Code   RO         2731    i.HAL_TIM_PWM_ConfigChannel  stm32g4xx_hal_tim.o
    0x08003128   0x08003128   0x00000062   Code   RO         2734    i.HAL_TIM_PWM_Init  stm32g4xx_hal_tim.o
    0x0800318a   0x0800318a   0x00000002   Code   RO         2736    i.HAL_TIM_PWM_MspInit  stm32g4xx_hal_tim.o
    0x0800318c   0x0800318c   0x000000fc   Code   RO         2739    i.HAL_TIM_PWM_Start  stm32g4xx_hal_tim.o
    0x08003288   0x08003288   0x0000003e   Code   RO         4222    i.HAL_UARTEx_DisableFifoMode  stm32g4xx_hal_uart_ex.o
    0x080032c6   0x080032c6   0x00000002   Code   RO         3811    i.HAL_UARTEx_RxEventCallback  stm32g4xx_hal_uart.o
    0x080032c8   0x080032c8   0x00000002   Code   RO         4230    i.HAL_UARTEx_RxFifoFullCallback  stm32g4xx_hal_uart_ex.o
    0x080032ca   0x080032ca   0x0000004c   Code   RO         4231    i.HAL_UARTEx_SetRxFifoThreshold  stm32g4xx_hal_uart_ex.o
    0x08003316   0x08003316   0x0000004c   Code   RO         4232    i.HAL_UARTEx_SetTxFifoThreshold  stm32g4xx_hal_uart_ex.o
    0x08003362   0x08003362   0x00000002   Code   RO         4234    i.HAL_UARTEx_TxFifoEmptyCallback  stm32g4xx_hal_uart_ex.o
    0x08003364   0x08003364   0x00000002   Code   RO         4235    i.HAL_UARTEx_WakeupCallback  stm32g4xx_hal_uart_ex.o
    0x08003366   0x08003366   0x00000002   Code   RO         3827    i.HAL_UART_ErrorCallback  stm32g4xx_hal_uart.o
    0x08003368   0x08003368   0x0000031c   Code   RO         3830    i.HAL_UART_IRQHandler  stm32g4xx_hal_uart.o
    0x08003684   0x08003684   0x0000006a   Code   RO         3831    i.HAL_UART_Init     stm32g4xx_hal_uart.o
    0x080036ee   0x080036ee   0x00000002   PAD
    0x080036f0   0x080036f0   0x0000008c   Code   RO          669    i.HAL_UART_MspInit  bsp_uart.o
    0x0800377c   0x0800377c   0x00000048   Code   RO         3836    i.HAL_UART_Receive_IT  stm32g4xx_hal_uart.o
    0x080037c4   0x080037c4   0x00000024   Code   RO           15    i.HAL_UART_RxCpltCallback  main.o
    0x080037e8   0x080037e8   0x000000b6   Code   RO         3840    i.HAL_UART_Transmit  stm32g4xx_hal_uart.o
    0x0800389e   0x0800389e   0x00000002   Code   RO         3843    i.HAL_UART_TxCpltCallback  stm32g4xx_hal_uart.o
    0x080038a0   0x080038a0   0x00000002   Code   RO          215    i.HardFault_Handler  stm32g4xx_it.o
    0x080038a2   0x080038a2   0x00000002   PAD
    0x080038a4   0x080038a4   0x000000d4   Code   RO          361    i.Key_Led_GPIO_Init  bsp_key_led.o
    0x08003978   0x08003978   0x000000f0   Code   RO           16    i.Key_Proc          main.o
    0x08003a68   0x08003a68   0x00000048   Code   RO          362    i.Key_Scan          bsp_key_led.o
    0x08003ab0   0x08003ab0   0x0000002c   Code   RO          398    i.LCD_BusIn         bsp_lcd.o
    0x08003adc   0x08003adc   0x00000030   Code   RO          399    i.LCD_BusOut        bsp_lcd.o
    0x08003b0c   0x08003b0c   0x00000024   Code   RO          400    i.LCD_Clear         bsp_lcd.o
    0x08003b30   0x08003b30   0x00000090   Code   RO          402    i.LCD_CtrlLinesConfig  bsp_lcd.o
    0x08003bc0   0x08003bc0   0x00000018   Code   RO          403    i.LCD_DisplayChar   bsp_lcd.o
    0x08003bd8   0x08003bd8   0x0000002a   Code   RO          406    i.LCD_DisplayStringLine  bsp_lcd.o
    0x08003c02   0x08003c02   0x00000002   PAD
    0x08003c04   0x08003c04   0x00000058   Code   RO          407    i.LCD_DrawChar      bsp_lcd.o
    0x08003c5c   0x08003c5c   0x00000034   Code   RO          413    i.LCD_Init          bsp_lcd.o
    0x08003c90   0x08003c90   0x00000080   Code   RO          416    i.LCD_ReadReg       bsp_lcd.o
    0x08003d10   0x08003d10   0x00000010   Code   RO          417    i.LCD_SetBackColor  bsp_lcd.o
    0x08003d20   0x08003d20   0x00000018   Code   RO          418    i.LCD_SetCursor     bsp_lcd.o
    0x08003d38   0x08003d38   0x00000010   Code   RO          420    i.LCD_SetTextColor  bsp_lcd.o
    0x08003d48   0x08003d48   0x00000058   Code   RO          423    i.LCD_WriteRAM      bsp_lcd.o
    0x08003da0   0x08003da0   0x0000005c   Code   RO          424    i.LCD_WriteRAM_Prepare  bsp_lcd.o
    0x08003dfc   0x08003dfc   0x0000006c   Code   RO          425    i.LCD_WriteReg      bsp_lcd.o
    0x08003e68   0x08003e68   0x0000000c   Code   RO          735    i.LL_ADC_GetOffsetChannel  stm32g4xx_hal_adc.o
    0x08003e74   0x08003e74   0x00000008   Code   RO          736    i.LL_ADC_INJ_IsConversionOngoing  stm32g4xx_hal_adc.o
    0x08003e7c   0x08003e7c   0x00000008   Code   RO          737    i.LL_ADC_REG_IsConversionOngoing  stm32g4xx_hal_adc.o
    0x08003e84   0x08003e84   0x0000001e   Code   RO          740    i.LL_ADC_SetChannelSamplingTime  stm32g4xx_hal_adc.o
    0x08003ea2   0x08003ea2   0x00000010   Code   RO          741    i.LL_ADC_SetOffsetState  stm32g4xx_hal_adc.o
    0x08003eb2   0x08003eb2   0x00000002   PAD
    0x08003eb4   0x08003eb4   0x0000026c   Code   RO           17    i.Lcd_Proc          main.o
    0x08004120   0x08004120   0x00000054   Code   RO          363    i.Led_Disp          bsp_key_led.o
    0x08004174   0x08004174   0x000000fc   Code   RO           18    i.Led_Proc          main.o
    0x08004270   0x08004270   0x00000002   Code   RO          216    i.MemManage_Handler  stm32g4xx_it.o
    0x08004272   0x08004272   0x00000002   Code   RO          217    i.NMI_Handler       stm32g4xx_it.o
    0x08004274   0x08004274   0x000000a0   Code   RO          629    i.PA7_TIM3_Init     bsp_tim.o
    0x08004314   0x08004314   0x00000002   Code   RO          218    i.PendSV_Handler    stm32g4xx_it.o
    0x08004316   0x08004316   0x00000002   PAD
    0x08004318   0x08004318   0x0000007c   Code   RO          320    i.R37_ADC2_Init     bsp_adc.o
    0x08004394   0x08004394   0x00000018   Code   RO          321    i.R37_Get_ADC2      bsp_adc.o
    0x080043ac   0x080043ac   0x00000112   Code   RO          426    i.REG_8230_Init     bsp_lcd.o
    0x080044be   0x080044be   0x00000202   Code   RO          427    i.REG_932X_Init     bsp_lcd.o
    0x080046c0   0x080046c0   0x00000002   Code   RO          219    i.SVC_Handler       stm32g4xx_it.o
    0x080046c2   0x080046c2   0x00000004   Code   RO          220    i.SysTick_Handler   stm32g4xx_it.o
    0x080046c6   0x080046c6   0x00000066   Code   RO          603    i.SystemClock_Config  bsp_rcc.o
    0x0800472c   0x0800472c   0x00000010   Code   RO         4341    i.SystemInit        system_stm32g4xx.o
    0x0800473c   0x0800473c   0x000000b8   Code   RO         2752    i.TIM_Base_SetConfig  stm32g4xx_hal_tim.o
    0x080047f4   0x080047f4   0x0000001a   Code   RO         2753    i.TIM_CCxChannelCmd  stm32g4xx_hal_tim.o
    0x0800480e   0x0800480e   0x00000014   Code   RO         2763    i.TIM_ETR_SetConfig  stm32g4xx_hal_tim.o
    0x08004822   0x08004822   0x00000002   PAD
    0x08004824   0x08004824   0x00000014   Code   RO         2764    i.TIM_ITRx_SetConfig  stm32g4xx_hal_tim.o
    0x08004838   0x08004838   0x000000a4   Code   RO         2765    i.TIM_OC1_SetConfig  stm32g4xx_hal_tim.o
    0x080048dc   0x080048dc   0x00000094   Code   RO         2766    i.TIM_OC2_SetConfig  stm32g4xx_hal_tim.o
    0x08004970   0x08004970   0x00000094   Code   RO         2767    i.TIM_OC3_SetConfig  stm32g4xx_hal_tim.o
    0x08004a04   0x08004a04   0x00000094   Code   RO         2768    i.TIM_OC4_SetConfig  stm32g4xx_hal_tim.o
    0x08004a98   0x08004a98   0x00000070   Code   RO         2769    i.TIM_OC5_SetConfig  stm32g4xx_hal_tim.o
    0x08004b08   0x08004b08   0x00000070   Code   RO         2770    i.TIM_OC6_SetConfig  stm32g4xx_hal_tim.o
    0x08004b78   0x08004b78   0x0000005c   Code   RO         2772    i.TIM_TI1_ConfigInputStage  stm32g4xx_hal_tim.o
    0x08004bd4   0x08004bd4   0x00000040   Code   RO         2774    i.TIM_TI2_ConfigInputStage  stm32g4xx_hal_tim.o
    0x08004c14   0x08004c14   0x00000068   Code   RO          670    i.TX_RX_USART1_UART_Init  bsp_uart.o
    0x08004c7c   0x08004c7c   0x00000044   Code   RO         4236    i.UARTEx_SetNbDataToProcess  stm32g4xx_hal_uart_ex.o
    0x08004cc0   0x08004cc0   0x000000c8   Code   RO         3845    i.UART_AdvFeatureConfig  stm32g4xx_hal_uart.o
    0x08004d88   0x08004d88   0x000000ac   Code   RO         3846    i.UART_CheckIdleState  stm32g4xx_hal_uart.o
    0x08004e34   0x08004e34   0x0000000a   Code   RO         3847    i.UART_DMAAbortOnError  stm32g4xx_hal_uart.o
    0x08004e3e   0x08004e3e   0x00000002   PAD
    0x08004e40   0x08004e40   0x00000054   Code   RO         3857    i.UART_EndRxTransfer  stm32g4xx_hal_uart.o
    0x08004e94   0x08004e94   0x000000c8   Code   RO         3859    i.UART_RxISR_16BIT  stm32g4xx_hal_uart.o
    0x08004f5c   0x08004f5c   0x000001a0   Code   RO         3860    i.UART_RxISR_16BIT_FIFOEN  stm32g4xx_hal_uart.o
    0x080050fc   0x080050fc   0x000000c8   Code   RO         3861    i.UART_RxISR_8BIT   stm32g4xx_hal_uart.o
    0x080051c4   0x080051c4   0x000001a0   Code   RO         3862    i.UART_RxISR_8BIT_FIFOEN  stm32g4xx_hal_uart.o
    0x08005364   0x08005364   0x00000274   Code   RO         3863    i.UART_SetConfig    stm32g4xx_hal_uart.o
    0x080055d8   0x080055d8   0x00000110   Code   RO         3865    i.UART_Start_Receive_IT  stm32g4xx_hal_uart.o
    0x080056e8   0x080056e8   0x00000094   Code   RO         3870    i.UART_WaitOnFlagUntilTimeout  stm32g4xx_hal_uart.o
    0x0800577c   0x0800577c   0x0000000c   Code   RO          221    i.USART1_IRQHandler  stm32g4xx_it.o
    0x08005788   0x08005788   0x00000002   Code   RO          222    i.UsageFault_Handler  stm32g4xx_it.o
    0x0800578a   0x0800578a   0x00000030   Code   RO         4527    i.__ARM_fpclassify  m_wm.l(fpclassify.o)
    0x080057ba   0x080057ba   0x00000020   Code   RO         2530    i.__NVIC_SetPriority  stm32g4xx_hal_cortex.o
    0x080057da   0x080057da   0x0000000e   Code   RO         4397    i._is_digit         c_w.l(__printf_wp.o)
    0x080057e8   0x080057e8   0x00000078   Code   RO           19    i.main              main.o
    0x08005860   0x08005860   0x0000002c   Code   RO         4523    locale$$code        c_w.l(lc_numeric_c.o)
    0x0800588c   0x0800588c   0x00000150   Code   RO         4420    x$fpl$dadd          fz_wm.l(daddsub_clz.o)
    0x080059dc   0x080059dc   0x00000018   Code   RO         4462    x$fpl$dcmpinf       fz_wm.l(dcmpi.o)
    0x080059f4   0x080059f4   0x000002b0   Code   RO         4427    x$fpl$ddiv          fz_wm.l(ddiv.o)
    0x08005ca4   0x08005ca4   0x0000005a   Code   RO         4430    x$fpl$dfixu         fz_wm.l(dfixu.o)
    0x08005cfe   0x08005cfe   0x00000026   Code   RO         4434    x$fpl$dfltu         fz_wm.l(dflt_clz.o)
    0x08005d24   0x08005d24   0x00000078   Code   RO         4440    x$fpl$dleqf         fz_wm.l(dleqf.o)
    0x08005d9c   0x08005d9c   0x00000154   Code   RO         4442    x$fpl$dmul          fz_wm.l(dmul.o)
    0x08005ef0   0x08005ef0   0x0000009c   Code   RO         4464    x$fpl$dnaninf       fz_wm.l(dnaninf.o)
    0x08005f8c   0x08005f8c   0x0000000c   Code   RO         4466    x$fpl$dretinf       fz_wm.l(dretinf.o)
    0x08005f98   0x08005f98   0x0000006c   Code   RO         4444    x$fpl$drleqf        fz_wm.l(drleqf.o)
    0x08006004   0x08006004   0x000001d4   Code   RO         4422    x$fpl$dsub          fz_wm.l(daddsub_clz.o)
    0x080061d8   0x080061d8   0x0000000a   Code   RO         4603    x$fpl$fpinit        fz_wm.l(fpinit.o)
    0x080061e2   0x080061e2   0x00000004   Code   RO         4446    x$fpl$printf1       fz_wm.l(printf1.o)
    0x080061e6   0x080061e6   0x00000000   Code   RO         4468    x$fpl$usenofp       fz_wm.l(usenofp.o)
    0x080061e6   0x080061e6   0x000011d0   Data   RO          428    .constdata          bsp_lcd.o
    0x080073b6   0x080073b6   0x00000018   Data   RO         3871    .constdata          stm32g4xx_hal_uart.o
    0x080073ce   0x080073ce   0x00000010   Data   RO         4237    .constdata          stm32g4xx_hal_uart_ex.o
    0x080073de   0x080073de   0x00000010   Data   RO         4342    .constdata          system_stm32g4xx.o
    0x080073ee   0x080073ee   0x00000008   Data   RO         4343    .constdata          system_stm32g4xx.o
    0x080073f6   0x080073f6   0x00000002   PAD
    0x080073f8   0x080073f8   0x00000094   Data   RO         4498    .constdata          c_w.l(bigflt0.o)
    0x0800748c   0x0800748c   0x00000020   Data   RO         4672    Region$$Table       anon$$obj.o
    0x080074ac   0x080074ac   0x0000001c   Data   RO         4522    locale$$data        c_w.l(lc_numeric_c.o)


    Execution Region RW_IRAM1 (Exec base: 0x20000000, Load base: 0x080074c8, Size: 0x00000828, Max: 0x00008000, ABSOLUTE)

    Exec Addr    Load Addr    Size         Type   Attr      Idx    E Section Name        Object

    0x20000000   0x080074c8   0x00000038   Data   RW           21    .data               main.o
    0x20000038   0x08007500   0x00000006   Data   RW          429    .data               bsp_lcd.o
    0x2000003e   0x08007506   0x00000002   PAD
    0x20000040   0x08007508   0x0000000c   Data   RW         1190    .data               stm32g4xx_hal.o
    0x2000004c   0x08007514   0x00000004   Data   RW         4344    .data               system_stm32g4xx.o
    0x20000050        -       0x00000028   Zero   RW           20    .bss                main.o
    0x20000078        -       0x0000006c   Zero   RW          322    .bss                bsp_adc.o
    0x200000e4        -       0x0000004c   Zero   RW          630    .bss                bsp_tim.o
    0x20000130        -       0x00000094   Zero   RW          671    .bss                bsp_uart.o
    0x200001c4        -       0x00000060   Zero   RW         4530    .bss                c_w.l(libspace.o)
    0x20000224   0x08007518   0x00000004   PAD
    0x20000228        -       0x00000200   Zero   RW            2    HEAP                startup_stm32g431xx.o
    0x20000428        -       0x00000400   Zero   RW            1    STACK               startup_stm32g431xx.o


==============================================================================

Image component sizes


      Code (inc. data)   RO Data    RW Data    ZI Data      Debug   Object Name

       268         32          0          0        108       2497   bsp_adc.o
       368         30          0          0          0       2406   bsp_key_led.o
      1766         78       4560          6          0      12306   bsp_lcd.o
       102          0          0          0          0        677   bsp_rcc.o
       280         30          0          0         76       2577   bsp_tim.o
       244         18          0          0        148       1977   bsp_uart.o
      1464        324          0         56         40     669681   main.o
        64         26        472          0       1536        872   startup_stm32g431xx.o
       162         24          0         12          0       4509   stm32g4xx_hal.o
      2056        120          0          0          0      76623   stm32g4xx_hal_adc.o
       198         14          0          0          0      34003   stm32g4xx_hal_cortex.o
       232          0          0          0          0       2071   stm32g4xx_hal_dma.o
       584         32          0          0          0       3079   stm32g4xx_hal_gpio.o
        48          6          0          0          0        890   stm32g4xx_hal_msp.o
       204         18          0          0          0       1457   stm32g4xx_hal_pwr_ex.o
      1688         92          0          0          0       6452   stm32g4xx_hal_rcc.o
       648         10          0          0          0       1952   stm32g4xx_hal_rcc_ex.o
      2236        262          0          0          0      15180   stm32g4xx_hal_tim.o
       156         24          0          0          0       1532   stm32g4xx_hal_tim_ex.o
      3908        144         24          0          0      37390   stm32g4xx_hal_uart.o
       288          6         16          0          0       5594   stm32g4xx_hal_uart_ex.o
        32          6          0          0          0       4818   stm32g4xx_it.o
        16          4         24          4          0       1187   system_stm32g4xx.o

    ----------------------------------------------------------------------
     17038       1300       5130         80       1908     889730   Object Totals
         0          0         32          0          0          0   (incl. Generated)
        26          0          2          2          0          0   (incl. Padding)

    ----------------------------------------------------------------------

      Code (inc. data)   RO Data    RW Data    ZI Data      Debug   Library Member Name

         8          0          0          0          0         68   __main.o
       284          0          0          0          0        156   __printf_wp.o
         0          0          0          0          0          0   __rtentry.o
        12          0          0          0          0          0   __rtentry2.o
         6          0          0          0          0          0   __rtentry4.o
        52          8          0          0          0          0   __scatter.o
        26          0          0          0          0          0   __scatter_copy.o
        28          0          0          0          0          0   __scatter_zi.o
        48          6          0          0          0         96   _printf_char_common.o
         6          0          0          0          0          0   _printf_d.o
       120         16          0          0          0         92   _printf_dec.o
         6          0          0          0          0          0   _printf_f.o
      1054          0          0          0          0        216   _printf_fp_dec.o
       128         16          0          0          0         84   _printf_fp_infnan.o
       178          0          0          0          0         88   _printf_intcommon.o
         0          0          0          0          0          0   _printf_percent.o
         4          0          0          0          0          0   _printf_percent_end.o
        10          0          0          0          0         68   _sputc.o
       228          4        148          0          0         96   bigflt0.o
      1936        128          0          0          0        672   btod.o
        18          0          0          0          0         80   exit.o
         6          0          0          0          0        152   heapauxi.o
         0          0          0          0          0          0   indicate_semi.o
        44         10         28          0          0         76   lc_numeric_c.o
         2          0          0          0          0          0   libinit.o
        22          0          0          0          0          0   libinit2.o
         2          0          0          0          0          0   libshutdown.o
         2          0          0          0          0          0   libshutdown2.o
         8          4          0          0         96         68   libspace.o
       138          0          0          0          0         80   lludiv10.o
       238          0          0          0          0        100   lludivv7m.o
        40          6          0          0          0         84   noretval__2sprintf.o
         8          4          0          0          0         68   rt_locale_intlibspace.o
        68          0          0          0          0         68   rt_memclr.o
        78          0          0          0          0         80   rt_memclr_w.o
         2          0          0          0          0          0   rtexit.o
        10          0          0          0          0          0   rtexit2.o
       128          0          0          0          0         68   strcmpv7m.o
        62          0          0          0          0         76   strlen.o
        12          4          0          0          0         68   sys_exit.o
        74          0          0          0          0         80   sys_stackheap_outer.o
         2          0          0          0          0         68   use_no_semi.o
       804         16          0          0          0        368   daddsub_clz.o
        24          0          0          0          0        116   dcmpi.o
       688        140          0          0          0        256   ddiv.o
        90          4          0          0          0        140   dfixu.o
        38          0          0          0          0        116   dflt_clz.o
       120          4          0          0          0        140   dleqf.o
       340         12          0          0          0        152   dmul.o
       156          4          0          0          0        140   dnaninf.o
        12          0          0          0          0        116   dretinf.o
       108          0          0          0          0        128   drleqf.o
        10          0          0          0          0        116   fpinit.o
         4          0          0          0          0        116   printf1.o
         0          0          0          0          0          0   usenofp.o
        48          0          0          0          0        124   fpclassify.o

    ----------------------------------------------------------------------
      7552        386        176          0        100       4880   Library Totals
        12          0          0          0          4          0   (incl. Padding)

    ----------------------------------------------------------------------

      Code (inc. data)   RO Data    RW Data    ZI Data      Debug   Library Name

      5098        206        176          0         96       2852   c_w.l
      2394        180          0          0          0       1904   fz_wm.l
        48          0          0          0          0        124   m_wm.l

    ----------------------------------------------------------------------
      7552        386        176          0        100       4880   Library Totals

    ----------------------------------------------------------------------

==============================================================================


      Code (inc. data)   RO Data    RW Data    ZI Data      Debug   

     24590       1686       5306         80       2008     879950   Grand Totals
     24590       1686       5306         80       2008     879950   ELF Image Totals
     24590       1686       5306         80          0          0   ROM Totals

==============================================================================

    Total RO  Size (Code + RO Data)                29896 (  29.20kB)
    Total RW  Size (RW Data + ZI Data)              2088 (   2.04kB)
    Total ROM Size (Code + RO Data + RW Data)      29976 (  29.27kB)

==============================================================================

